ARM GAS  C:\Users\Administrator\AppData\Local\Temp\ccZ4opNx.s 			page 1


   1              		.cpu cortex-m0
   2              		.fpu softvfp
   3              		.eabi_attribute 20, 1
   4              		.eabi_attribute 21, 1
   5              		.eabi_attribute 23, 3
   6              		.eabi_attribute 24, 1
   7              		.eabi_attribute 25, 1
   8              		.eabi_attribute 26, 1
   9              		.eabi_attribute 30, 1
  10              		.eabi_attribute 34, 0
  11              		.eabi_attribute 18, 4
  12              		.code	16
  13              		.file	"cyfitter_cfg.c"
  14              		.text
  15              	.Ltext0:
  16              		.cfi_sections	.debug_frame
  17              		.section	.text.cfg_write_bytes32,"ax",%progbits
  18              		.align	2
  19              		.code	16
  20              		.thumb_func
  21              		.type	cfg_write_bytes32, %function
  22              	cfg_write_bytes32:
  23              	.LFB3:
  24              		.file 1 ".\\Generated_Source\\PSoC4\\cyfitter_cfg.c"
   1:.\Generated_Source\PSoC4/cyfitter_cfg.c **** /*******************************************************************************
   2:.\Generated_Source\PSoC4/cyfitter_cfg.c **** * File Name: cyfitter_cfg.c
   3:.\Generated_Source\PSoC4/cyfitter_cfg.c **** * 
   4:.\Generated_Source\PSoC4/cyfitter_cfg.c **** * PSoC Creator  3.3 CP2
   5:.\Generated_Source\PSoC4/cyfitter_cfg.c **** *
   6:.\Generated_Source\PSoC4/cyfitter_cfg.c **** * Description:
   7:.\Generated_Source\PSoC4/cyfitter_cfg.c **** * This file contains device initialization code.
   8:.\Generated_Source\PSoC4/cyfitter_cfg.c **** * Except for the user defined sections in CyClockStartupError(), this file should not be modified.
   9:.\Generated_Source\PSoC4/cyfitter_cfg.c **** * This file is automatically generated by PSoC Creator.
  10:.\Generated_Source\PSoC4/cyfitter_cfg.c **** *
  11:.\Generated_Source\PSoC4/cyfitter_cfg.c **** ********************************************************************************
  12:.\Generated_Source\PSoC4/cyfitter_cfg.c **** * Copyright (c) 2007-2015 Cypress Semiconductor.  All rights reserved.
  13:.\Generated_Source\PSoC4/cyfitter_cfg.c **** * You may use this file only in accordance with the license, terms, conditions, 
  14:.\Generated_Source\PSoC4/cyfitter_cfg.c **** * disclaimers, and limitations in the end user license agreement accompanying 
  15:.\Generated_Source\PSoC4/cyfitter_cfg.c **** * the software package with which this file was provided.
  16:.\Generated_Source\PSoC4/cyfitter_cfg.c **** ********************************************************************************/
  17:.\Generated_Source\PSoC4/cyfitter_cfg.c **** 
  18:.\Generated_Source\PSoC4/cyfitter_cfg.c **** #include <string.h>
  19:.\Generated_Source\PSoC4/cyfitter_cfg.c **** #include "cytypes.h"
  20:.\Generated_Source\PSoC4/cyfitter_cfg.c **** #include "cydevice_trm.h"
  21:.\Generated_Source\PSoC4/cyfitter_cfg.c **** #include "cyfitter.h"
  22:.\Generated_Source\PSoC4/cyfitter_cfg.c **** #include "CyLib.h"
  23:.\Generated_Source\PSoC4/cyfitter_cfg.c **** #include "CyLFClk.h"
  24:.\Generated_Source\PSoC4/cyfitter_cfg.c **** #include "cyfitter_cfg.h"
  25:.\Generated_Source\PSoC4/cyfitter_cfg.c **** 
  26:.\Generated_Source\PSoC4/cyfitter_cfg.c **** 
  27:.\Generated_Source\PSoC4/cyfitter_cfg.c **** #if defined(__GNUC__) || defined(__ARMCC_VERSION)
  28:.\Generated_Source\PSoC4/cyfitter_cfg.c ****     #define CYPACKED 
  29:.\Generated_Source\PSoC4/cyfitter_cfg.c ****     #define CYPACKED_ATTR __attribute__ ((packed))
  30:.\Generated_Source\PSoC4/cyfitter_cfg.c ****     #define CYALIGNED __attribute__ ((aligned))
  31:.\Generated_Source\PSoC4/cyfitter_cfg.c ****     #define CY_CFG_UNUSED __attribute__ ((unused))
  32:.\Generated_Source\PSoC4/cyfitter_cfg.c ****     #ifndef CY_CFG_SECTION
  33:.\Generated_Source\PSoC4/cyfitter_cfg.c ****         #define CY_CFG_SECTION __attribute__ ((section(".psocinit")))
ARM GAS  C:\Users\Administrator\AppData\Local\Temp\ccZ4opNx.s 			page 2


  34:.\Generated_Source\PSoC4/cyfitter_cfg.c ****     #endif
  35:.\Generated_Source\PSoC4/cyfitter_cfg.c ****     
  36:.\Generated_Source\PSoC4/cyfitter_cfg.c ****     #if defined(__ARMCC_VERSION)
  37:.\Generated_Source\PSoC4/cyfitter_cfg.c ****         #define CY_CFG_MEMORY_BARRIER() __memory_changed()
  38:.\Generated_Source\PSoC4/cyfitter_cfg.c ****     #else
  39:.\Generated_Source\PSoC4/cyfitter_cfg.c ****         #define CY_CFG_MEMORY_BARRIER() __sync_synchronize()
  40:.\Generated_Source\PSoC4/cyfitter_cfg.c ****     #endif
  41:.\Generated_Source\PSoC4/cyfitter_cfg.c ****     
  42:.\Generated_Source\PSoC4/cyfitter_cfg.c **** #elif defined(__ICCARM__)
  43:.\Generated_Source\PSoC4/cyfitter_cfg.c ****     #include <intrinsics.h>
  44:.\Generated_Source\PSoC4/cyfitter_cfg.c **** 
  45:.\Generated_Source\PSoC4/cyfitter_cfg.c ****     #define CYPACKED __packed
  46:.\Generated_Source\PSoC4/cyfitter_cfg.c ****     #define CYPACKED_ATTR 
  47:.\Generated_Source\PSoC4/cyfitter_cfg.c ****     #define CYALIGNED _Pragma("data_alignment=4")
  48:.\Generated_Source\PSoC4/cyfitter_cfg.c ****     #define CY_CFG_UNUSED _Pragma("diag_suppress=Pe177")
  49:.\Generated_Source\PSoC4/cyfitter_cfg.c ****     #define CY_CFG_SECTION _Pragma("location=\".psocinit\"")
  50:.\Generated_Source\PSoC4/cyfitter_cfg.c ****     
  51:.\Generated_Source\PSoC4/cyfitter_cfg.c ****     #define CY_CFG_MEMORY_BARRIER() __DMB()
  52:.\Generated_Source\PSoC4/cyfitter_cfg.c ****     
  53:.\Generated_Source\PSoC4/cyfitter_cfg.c **** #else
  54:.\Generated_Source\PSoC4/cyfitter_cfg.c ****     #error Unsupported toolchain
  55:.\Generated_Source\PSoC4/cyfitter_cfg.c **** #endif
  56:.\Generated_Source\PSoC4/cyfitter_cfg.c **** 
  57:.\Generated_Source\PSoC4/cyfitter_cfg.c **** 
  58:.\Generated_Source\PSoC4/cyfitter_cfg.c **** CY_CFG_UNUSED
  59:.\Generated_Source\PSoC4/cyfitter_cfg.c **** static void CYMEMZERO(void *s, size_t n);
  60:.\Generated_Source\PSoC4/cyfitter_cfg.c **** CY_CFG_UNUSED
  61:.\Generated_Source\PSoC4/cyfitter_cfg.c **** static void CYMEMZERO(void *s, size_t n)
  62:.\Generated_Source\PSoC4/cyfitter_cfg.c **** {
  63:.\Generated_Source\PSoC4/cyfitter_cfg.c **** 	(void)memset(s, 0, n);
  64:.\Generated_Source\PSoC4/cyfitter_cfg.c **** }
  65:.\Generated_Source\PSoC4/cyfitter_cfg.c **** CY_CFG_UNUSED
  66:.\Generated_Source\PSoC4/cyfitter_cfg.c **** static void CYCONFIGCPY(void *dest, const void *src, size_t n);
  67:.\Generated_Source\PSoC4/cyfitter_cfg.c **** CY_CFG_UNUSED
  68:.\Generated_Source\PSoC4/cyfitter_cfg.c **** static void CYCONFIGCPY(void *dest, const void *src, size_t n)
  69:.\Generated_Source\PSoC4/cyfitter_cfg.c **** {
  70:.\Generated_Source\PSoC4/cyfitter_cfg.c **** 	(void)memcpy(dest, src, n);
  71:.\Generated_Source\PSoC4/cyfitter_cfg.c **** }
  72:.\Generated_Source\PSoC4/cyfitter_cfg.c **** CY_CFG_UNUSED
  73:.\Generated_Source\PSoC4/cyfitter_cfg.c **** static void CYCONFIGCPYCODE(void *dest, const void *src, size_t n);
  74:.\Generated_Source\PSoC4/cyfitter_cfg.c **** CY_CFG_UNUSED
  75:.\Generated_Source\PSoC4/cyfitter_cfg.c **** static void CYCONFIGCPYCODE(void *dest, const void *src, size_t n)
  76:.\Generated_Source\PSoC4/cyfitter_cfg.c **** {
  77:.\Generated_Source\PSoC4/cyfitter_cfg.c **** 	(void)memcpy(dest, src, n);
  78:.\Generated_Source\PSoC4/cyfitter_cfg.c **** }
  79:.\Generated_Source\PSoC4/cyfitter_cfg.c **** 
  80:.\Generated_Source\PSoC4/cyfitter_cfg.c **** 
  81:.\Generated_Source\PSoC4/cyfitter_cfg.c **** 
  82:.\Generated_Source\PSoC4/cyfitter_cfg.c **** /* Clock startup error codes                                                   */
  83:.\Generated_Source\PSoC4/cyfitter_cfg.c **** #define CYCLOCKSTART_NO_ERROR    0u
  84:.\Generated_Source\PSoC4/cyfitter_cfg.c **** #define CYCLOCKSTART_XTAL_ERROR  1u
  85:.\Generated_Source\PSoC4/cyfitter_cfg.c **** #define CYCLOCKSTART_32KHZ_ERROR 2u
  86:.\Generated_Source\PSoC4/cyfitter_cfg.c **** #define CYCLOCKSTART_PLL_ERROR   3u
  87:.\Generated_Source\PSoC4/cyfitter_cfg.c **** 
  88:.\Generated_Source\PSoC4/cyfitter_cfg.c **** #ifdef CY_NEED_CYCLOCKSTARTUPERROR
  89:.\Generated_Source\PSoC4/cyfitter_cfg.c **** /*******************************************************************************
  90:.\Generated_Source\PSoC4/cyfitter_cfg.c **** * Function Name: CyClockStartupError
ARM GAS  C:\Users\Administrator\AppData\Local\Temp\ccZ4opNx.s 			page 3


  91:.\Generated_Source\PSoC4/cyfitter_cfg.c **** ********************************************************************************
  92:.\Generated_Source\PSoC4/cyfitter_cfg.c **** * Summary:
  93:.\Generated_Source\PSoC4/cyfitter_cfg.c **** *  If an error is encountered during clock configuration (crystal startup error,
  94:.\Generated_Source\PSoC4/cyfitter_cfg.c **** *  PLL lock error, etc.), the system will end up here.  Unless reimplemented by
  95:.\Generated_Source\PSoC4/cyfitter_cfg.c **** *  the customer, this function will stop in an infinite loop.
  96:.\Generated_Source\PSoC4/cyfitter_cfg.c **** *
  97:.\Generated_Source\PSoC4/cyfitter_cfg.c **** * Parameters:
  98:.\Generated_Source\PSoC4/cyfitter_cfg.c **** *   void
  99:.\Generated_Source\PSoC4/cyfitter_cfg.c **** *
 100:.\Generated_Source\PSoC4/cyfitter_cfg.c **** * Return:
 101:.\Generated_Source\PSoC4/cyfitter_cfg.c **** *   void
 102:.\Generated_Source\PSoC4/cyfitter_cfg.c **** *
 103:.\Generated_Source\PSoC4/cyfitter_cfg.c **** *******************************************************************************/
 104:.\Generated_Source\PSoC4/cyfitter_cfg.c **** CY_CFG_UNUSED
 105:.\Generated_Source\PSoC4/cyfitter_cfg.c **** static void CyClockStartupError(uint8 errorCode);
 106:.\Generated_Source\PSoC4/cyfitter_cfg.c **** CY_CFG_UNUSED
 107:.\Generated_Source\PSoC4/cyfitter_cfg.c **** static void CyClockStartupError(uint8 errorCode)
 108:.\Generated_Source\PSoC4/cyfitter_cfg.c **** {
 109:.\Generated_Source\PSoC4/cyfitter_cfg.c ****     /* To remove the compiler warning if errorCode not used.                */
 110:.\Generated_Source\PSoC4/cyfitter_cfg.c ****     errorCode = errorCode;
 111:.\Generated_Source\PSoC4/cyfitter_cfg.c **** 
 112:.\Generated_Source\PSoC4/cyfitter_cfg.c ****     /* `#START CyClockStartupError` */
 113:.\Generated_Source\PSoC4/cyfitter_cfg.c **** 
 114:.\Generated_Source\PSoC4/cyfitter_cfg.c ****     /* If we have a clock startup error (bad MHz crystal, PLL lock, etc.),  */
 115:.\Generated_Source\PSoC4/cyfitter_cfg.c ****     /* we will end up here to allow the customer to implement something to  */
 116:.\Generated_Source\PSoC4/cyfitter_cfg.c ****     /* deal with the clock condition.                                       */
 117:.\Generated_Source\PSoC4/cyfitter_cfg.c **** 
 118:.\Generated_Source\PSoC4/cyfitter_cfg.c ****     /* `#END` */
 119:.\Generated_Source\PSoC4/cyfitter_cfg.c **** 
 120:.\Generated_Source\PSoC4/cyfitter_cfg.c ****     /* If nothing else, stop here since the clocks have not started         */
 121:.\Generated_Source\PSoC4/cyfitter_cfg.c ****     /* correctly.                                                           */
 122:.\Generated_Source\PSoC4/cyfitter_cfg.c ****     while(1) {}
 123:.\Generated_Source\PSoC4/cyfitter_cfg.c **** }
 124:.\Generated_Source\PSoC4/cyfitter_cfg.c **** #endif
 125:.\Generated_Source\PSoC4/cyfitter_cfg.c **** 
 126:.\Generated_Source\PSoC4/cyfitter_cfg.c **** #define CY_CFG_BASE_ADDR_COUNT 1u
 127:.\Generated_Source\PSoC4/cyfitter_cfg.c **** CYPACKED typedef struct
 128:.\Generated_Source\PSoC4/cyfitter_cfg.c **** {
 129:.\Generated_Source\PSoC4/cyfitter_cfg.c **** 	uint8 offset;
 130:.\Generated_Source\PSoC4/cyfitter_cfg.c **** 	uint8 value;
 131:.\Generated_Source\PSoC4/cyfitter_cfg.c **** } CYPACKED_ATTR cy_cfg_addrvalue_t;
 132:.\Generated_Source\PSoC4/cyfitter_cfg.c **** 
 133:.\Generated_Source\PSoC4/cyfitter_cfg.c **** 
 134:.\Generated_Source\PSoC4/cyfitter_cfg.c **** 
 135:.\Generated_Source\PSoC4/cyfitter_cfg.c **** /*******************************************************************************
 136:.\Generated_Source\PSoC4/cyfitter_cfg.c **** * Function Name: cfg_write_bytes32
 137:.\Generated_Source\PSoC4/cyfitter_cfg.c **** ********************************************************************************
 138:.\Generated_Source\PSoC4/cyfitter_cfg.c **** * Summary:
 139:.\Generated_Source\PSoC4/cyfitter_cfg.c **** *  This function is used for setting up the chip configuration areas that
 140:.\Generated_Source\PSoC4/cyfitter_cfg.c **** *  contain relatively sparse data.
 141:.\Generated_Source\PSoC4/cyfitter_cfg.c **** *
 142:.\Generated_Source\PSoC4/cyfitter_cfg.c **** * Parameters:
 143:.\Generated_Source\PSoC4/cyfitter_cfg.c **** *   void
 144:.\Generated_Source\PSoC4/cyfitter_cfg.c **** *
 145:.\Generated_Source\PSoC4/cyfitter_cfg.c **** * Return:
 146:.\Generated_Source\PSoC4/cyfitter_cfg.c **** *   void
 147:.\Generated_Source\PSoC4/cyfitter_cfg.c **** *
ARM GAS  C:\Users\Administrator\AppData\Local\Temp\ccZ4opNx.s 			page 4


 148:.\Generated_Source\PSoC4/cyfitter_cfg.c **** *******************************************************************************/
 149:.\Generated_Source\PSoC4/cyfitter_cfg.c **** static void cfg_write_bytes32(const uint32 addr_table[], const cy_cfg_addrvalue_t data_table[]);
 150:.\Generated_Source\PSoC4/cyfitter_cfg.c **** static void cfg_write_bytes32(const uint32 addr_table[], const cy_cfg_addrvalue_t data_table[])
 151:.\Generated_Source\PSoC4/cyfitter_cfg.c **** {
  25              		.loc 1 151 0
  26              		.cfi_startproc
  27              	.LVL0:
  28 0000 F0B5     		push	{r4, r5, r6, r7, lr}
  29              		.cfi_def_cfa_offset 20
  30              		.cfi_offset 4, -20
  31              		.cfi_offset 5, -16
  32              		.cfi_offset 6, -12
  33              		.cfi_offset 7, -8
  34              		.cfi_offset 14, -4
  35              	.LVL1:
 152:.\Generated_Source\PSoC4/cyfitter_cfg.c **** 	/* For 32-bit little-endian architectures */
 153:.\Generated_Source\PSoC4/cyfitter_cfg.c **** 	uint32 i, j = 0u;
  36              		.loc 1 153 0
  37 0002 0025     		mov	r5, #0
 154:.\Generated_Source\PSoC4/cyfitter_cfg.c **** 	for (i = 0u; i < CY_CFG_BASE_ADDR_COUNT; i++)
  38              		.loc 1 154 0
  39 0004 0027     		mov	r7, #0
  40 0006 11E0     		b	.L2
  41              	.LVL2:
  42              	.L5:
  43              	.LBB2:
 155:.\Generated_Source\PSoC4/cyfitter_cfg.c **** 	{
 156:.\Generated_Source\PSoC4/cyfitter_cfg.c **** 		uint32 baseAddr = addr_table[i];
  44              		.loc 1 156 0
  45 0008 BB00     		lsl	r3, r7, #2
  46 000a C658     		ldr	r6, [r0, r3]
  47              	.LVL3:
 157:.\Generated_Source\PSoC4/cyfitter_cfg.c **** 		uint8 count = (uint8)baseAddr;
  48              		.loc 1 157 0
  49 000c F3B2     		uxtb	r3, r6
  50              	.LVL4:
 158:.\Generated_Source\PSoC4/cyfitter_cfg.c **** 		baseAddr &= 0xFFFFFF00u;
  51              		.loc 1 158 0
  52 000e FF22     		mov	r2, #255
  53 0010 9643     		bic	r6, r2
  54              	.LVL5:
 159:.\Generated_Source\PSoC4/cyfitter_cfg.c **** 		while (count != 0u)
  55              		.loc 1 159 0
  56 0012 08E0     		b	.L3
  57              	.L4:
 160:.\Generated_Source\PSoC4/cyfitter_cfg.c **** 		{
 161:.\Generated_Source\PSoC4/cyfitter_cfg.c **** 			CY_SET_XTND_REG8((void CYFAR *)(baseAddr + data_table[j].offset), data_table[j].value);
  58              		.loc 1 161 0
  59 0014 6A00     		lsl	r2, r5, #1
  60 0016 8A18     		add	r2, r1, r2
  61 0018 1478     		ldrb	r4, [r2]
  62 001a A419     		add	r4, r4, r6
  63 001c 5278     		ldrb	r2, [r2, #1]
  64 001e 2270     		strb	r2, [r4]
 162:.\Generated_Source\PSoC4/cyfitter_cfg.c **** 			j++;
  65              		.loc 1 162 0
  66 0020 0135     		add	r5, r5, #1
ARM GAS  C:\Users\Administrator\AppData\Local\Temp\ccZ4opNx.s 			page 5


  67              	.LVL6:
 163:.\Generated_Source\PSoC4/cyfitter_cfg.c **** 			count--;
  68              		.loc 1 163 0
  69 0022 013B     		sub	r3, r3, #1
  70              	.LVL7:
  71 0024 DBB2     		uxtb	r3, r3
  72              	.LVL8:
  73              	.L3:
 159:.\Generated_Source\PSoC4/cyfitter_cfg.c **** 		{
  74              		.loc 1 159 0
  75 0026 002B     		cmp	r3, #0
  76 0028 F4D1     		bne	.L4
  77              	.LBE2:
 154:.\Generated_Source\PSoC4/cyfitter_cfg.c **** 	{
  78              		.loc 1 154 0 discriminator 2
  79 002a 0137     		add	r7, r7, #1
  80              	.LVL9:
  81              	.L2:
 154:.\Generated_Source\PSoC4/cyfitter_cfg.c **** 	{
  82              		.loc 1 154 0 is_stmt 0 discriminator 1
  83 002c 002F     		cmp	r7, #0
  84 002e EBD0     		beq	.L5
 164:.\Generated_Source\PSoC4/cyfitter_cfg.c **** 		}
 165:.\Generated_Source\PSoC4/cyfitter_cfg.c **** 	}
 166:.\Generated_Source\PSoC4/cyfitter_cfg.c **** }
  85              		.loc 1 166 0 is_stmt 1
  86              		@ sp needed
  87              	.LVL10:
  88              	.LVL11:
  89 0030 F0BD     		pop	{r4, r5, r6, r7, pc}
  90              		.cfi_endproc
  91              	.LFE3:
  92              		.size	cfg_write_bytes32, .-cfg_write_bytes32
  93 0032 C046     		.section	.text.CYMEMZERO,"ax",%progbits
  94              		.align	2
  95              		.code	16
  96              		.thumb_func
  97              		.type	CYMEMZERO, %function
  98              	CYMEMZERO:
  99              	.LFB0:
  62:.\Generated_Source\PSoC4/cyfitter_cfg.c **** 	(void)memset(s, 0, n);
 100              		.loc 1 62 0
 101              		.cfi_startproc
 102              	.LVL12:
 103 0000 08B5     		push	{r3, lr}
 104              		.cfi_def_cfa_offset 8
 105              		.cfi_offset 3, -8
 106              		.cfi_offset 14, -4
 107 0002 0A1C     		mov	r2, r1
  63:.\Generated_Source\PSoC4/cyfitter_cfg.c **** }
 108              		.loc 1 63 0
 109 0004 0021     		mov	r1, #0
 110              	.LVL13:
 111 0006 FFF7FEFF 		bl	memset
 112              	.LVL14:
  64:.\Generated_Source\PSoC4/cyfitter_cfg.c **** CY_CFG_UNUSED
 113              		.loc 1 64 0
ARM GAS  C:\Users\Administrator\AppData\Local\Temp\ccZ4opNx.s 			page 6


 114              		@ sp needed
 115 000a 08BD     		pop	{r3, pc}
 116              		.cfi_endproc
 117              	.LFE0:
 118              		.size	CYMEMZERO, .-CYMEMZERO
 119              		.section	.psocinit,"ax",%progbits
 120              		.align	2
 121              		.code	16
 122              		.thumb_func
 123              		.type	ClockSetup, %function
 124              	ClockSetup:
 125              	.LFB4:
 167:.\Generated_Source\PSoC4/cyfitter_cfg.c **** 
 168:.\Generated_Source\PSoC4/cyfitter_cfg.c **** 
 169:.\Generated_Source\PSoC4/cyfitter_cfg.c **** /*******************************************************************************
 170:.\Generated_Source\PSoC4/cyfitter_cfg.c **** * Function Name: ClockSetup
 171:.\Generated_Source\PSoC4/cyfitter_cfg.c **** ********************************************************************************
 172:.\Generated_Source\PSoC4/cyfitter_cfg.c **** *
 173:.\Generated_Source\PSoC4/cyfitter_cfg.c **** * Summary:
 174:.\Generated_Source\PSoC4/cyfitter_cfg.c **** *   Performs the initialization of all of the clocks in the device based on the
 175:.\Generated_Source\PSoC4/cyfitter_cfg.c **** *   settings in the Clock tab of the DWR.  This includes enabling the requested
 176:.\Generated_Source\PSoC4/cyfitter_cfg.c **** *   clocks and setting the necessary dividers to produce the desired frequency. 
 177:.\Generated_Source\PSoC4/cyfitter_cfg.c **** *
 178:.\Generated_Source\PSoC4/cyfitter_cfg.c **** * Parameters:
 179:.\Generated_Source\PSoC4/cyfitter_cfg.c **** *   void
 180:.\Generated_Source\PSoC4/cyfitter_cfg.c **** *
 181:.\Generated_Source\PSoC4/cyfitter_cfg.c **** * Return:
 182:.\Generated_Source\PSoC4/cyfitter_cfg.c **** *   void
 183:.\Generated_Source\PSoC4/cyfitter_cfg.c **** *
 184:.\Generated_Source\PSoC4/cyfitter_cfg.c **** *******************************************************************************/
 185:.\Generated_Source\PSoC4/cyfitter_cfg.c **** static void ClockSetup(void);
 186:.\Generated_Source\PSoC4/cyfitter_cfg.c **** CY_CFG_SECTION
 187:.\Generated_Source\PSoC4/cyfitter_cfg.c **** static void ClockSetup(void)
 188:.\Generated_Source\PSoC4/cyfitter_cfg.c **** {
 126              		.loc 1 188 0
 127              		.cfi_startproc
 128 0000 38B5     		push	{r3, r4, r5, lr}
 129              		.cfi_def_cfa_offset 16
 130              		.cfi_offset 3, -16
 131              		.cfi_offset 4, -12
 132              		.cfi_offset 5, -8
 133              		.cfi_offset 14, -4
 189:.\Generated_Source\PSoC4/cyfitter_cfg.c **** 	/* Enable HALF_EN before trimming for the flash accelerator. */
 190:.\Generated_Source\PSoC4/cyfitter_cfg.c **** 	CY_SET_REG32((void CYXDATA *)(CYREG_CLK_SELECT), (CY_GET_REG32((void *)CYREG_CLK_SELECT) | 0x00040
 134              		.loc 1 190 0
 135 0002 134C     		ldr	r4, .L8
 136 0004 2368     		ldr	r3, [r4]
 137 0006 8022     		mov	r2, #128
 138 0008 D202     		lsl	r2, r2, #11
 139 000a 1343     		orr	r3, r2
 140 000c 2360     		str	r3, [r4]
 191:.\Generated_Source\PSoC4/cyfitter_cfg.c **** 
 192:.\Generated_Source\PSoC4/cyfitter_cfg.c **** 	/* Setup and trim IMO based on desired frequency. */
 193:.\Generated_Source\PSoC4/cyfitter_cfg.c **** 	CySysClkWriteImoFreq(24u);
 141              		.loc 1 193 0
 142 000e 1820     		mov	r0, #24
 143 0010 FFF7FEFF 		bl	CySysClkWriteImoFreq
ARM GAS  C:\Users\Administrator\AppData\Local\Temp\ccZ4opNx.s 			page 7


 144              	.LVL15:
 194:.\Generated_Source\PSoC4/cyfitter_cfg.c **** 
 195:.\Generated_Source\PSoC4/cyfitter_cfg.c **** 	/* Disable HALF_EN since it is not required at this IMO frequency. */
 196:.\Generated_Source\PSoC4/cyfitter_cfg.c **** 	CY_SET_REG32((void CYXDATA *)(CYREG_CLK_SELECT), (CY_GET_REG32((void *)CYREG_CLK_SELECT) & 0xFFFBF
 145              		.loc 1 196 0
 146 0014 2268     		ldr	r2, [r4]
 147 0016 0F4B     		ldr	r3, .L8+4
 148 0018 1340     		and	r3, r2
 149 001a 2360     		str	r3, [r4]
 197:.\Generated_Source\PSoC4/cyfitter_cfg.c **** 	/* CYDEV_CLK_ILO_CONFIG Starting address: CYDEV_CLK_ILO_CONFIG */
 198:.\Generated_Source\PSoC4/cyfitter_cfg.c **** 	CY_SET_XTND_REG32((void CYFAR *)(CYREG_CLK_ILO_CONFIG), 0x80000006u);
 150              		.loc 1 198 0
 151 001c 0E4A     		ldr	r2, .L8+8
 152 001e 0F4B     		ldr	r3, .L8+12
 153 0020 1A60     		str	r2, [r3]
 199:.\Generated_Source\PSoC4/cyfitter_cfg.c **** 
 200:.\Generated_Source\PSoC4/cyfitter_cfg.c **** 
 201:.\Generated_Source\PSoC4/cyfitter_cfg.c **** 	/* CYDEV_CLK_SELECT00 Starting address: CYDEV_CLK_SELECT00 */
 202:.\Generated_Source\PSoC4/cyfitter_cfg.c **** 	CY_SET_XTND_REG32((void CYFAR *)(CYREG_CLK_SELECT02), 0x00000010u);
 154              		.loc 1 202 0
 155 0022 1022     		mov	r2, #16
 156 0024 0E4B     		ldr	r3, .L8+16
 157 0026 1A60     		str	r2, [r3]
 203:.\Generated_Source\PSoC4/cyfitter_cfg.c **** 
 204:.\Generated_Source\PSoC4/cyfitter_cfg.c **** 	/* CYDEV_CLK_IMO_CONFIG Starting address: CYDEV_CLK_IMO_CONFIG */
 205:.\Generated_Source\PSoC4/cyfitter_cfg.c **** 	CY_SET_XTND_REG32((void CYFAR *)(CYREG_CLK_IMO_CONFIG), 0x80000000u);
 158              		.loc 1 205 0
 159 0028 8022     		mov	r2, #128
 160 002a 1206     		lsl	r2, r2, #24
 161 002c 0D4B     		ldr	r3, .L8+20
 162 002e 1A60     		str	r2, [r3]
 206:.\Generated_Source\PSoC4/cyfitter_cfg.c **** 
 207:.\Generated_Source\PSoC4/cyfitter_cfg.c **** 	/* CYDEV_CLK_SELECT Starting address: CYDEV_CLK_SELECT */
 208:.\Generated_Source\PSoC4/cyfitter_cfg.c **** 	CY_SET_XTND_REG32((void CYFAR *)(CYREG_CLK_SELECT), 0x00000000u);
 163              		.loc 1 208 0
 164 0030 0025     		mov	r5, #0
 165 0032 2560     		str	r5, [r4]
 209:.\Generated_Source\PSoC4/cyfitter_cfg.c **** 
 210:.\Generated_Source\PSoC4/cyfitter_cfg.c **** 	/* CYDEV_CLK_DIVIDER_A00 Starting address: CYDEV_CLK_DIVIDER_A00 */
 211:.\Generated_Source\PSoC4/cyfitter_cfg.c **** 	CY_SET_XTND_REG32((void CYFAR *)(CYREG_CLK_DIVIDER_A00), 0x80000010u);
 166              		.loc 1 211 0
 167 0034 0C4A     		ldr	r2, .L8+24
 168 0036 0D4B     		ldr	r3, .L8+28
 169 0038 1A60     		str	r2, [r3]
 212:.\Generated_Source\PSoC4/cyfitter_cfg.c **** 
 213:.\Generated_Source\PSoC4/cyfitter_cfg.c **** 	(void)CyIntSetVector(9u, &CySysWdtIsr);
 170              		.loc 1 213 0
 171 003a 0920     		mov	r0, #9
 172 003c 0C49     		ldr	r1, .L8+32
 173 003e FFF7FEFF 		bl	CyIntSetVector
 174              	.LVL16:
 214:.\Generated_Source\PSoC4/cyfitter_cfg.c **** 	CyIntEnable(9u);
 175              		.loc 1 214 0
 176 0042 0920     		mov	r0, #9
 177 0044 FFF7FEFF 		bl	CyIntEnable
 178              	.LVL17:
 215:.\Generated_Source\PSoC4/cyfitter_cfg.c **** 	CY_SET_XTND_REG32((void CYFAR *)(CYREG_WDT_CONFIG), 0x00000000u);
ARM GAS  C:\Users\Administrator\AppData\Local\Temp\ccZ4opNx.s 			page 8


 179              		.loc 1 215 0
 180 0048 0A4B     		ldr	r3, .L8+36
 181 004a 1D60     		str	r5, [r3]
 216:.\Generated_Source\PSoC4/cyfitter_cfg.c **** }
 182              		.loc 1 216 0
 183              		@ sp needed
 184 004c 38BD     		pop	{r3, r4, r5, pc}
 185              	.L9:
 186 004e C046     		.align	2
 187              	.L8:
 188 0050 00010B40 		.word	1074462976
 189 0054 FFFFFBFF 		.word	-262145
 190 0058 06000080 		.word	-2147483642
 191 005c 04010B40 		.word	1074462980
 192 0060 08020240 		.word	1073873416
 193 0064 08010B40 		.word	1074462984
 194 0068 10000080 		.word	-2147483632
 195 006c 00000240 		.word	1073872896
 196 0070 00000000 		.word	CySysWdtIsr
 197 0074 0C020B40 		.word	1074463244
 198              		.cfi_endproc
 199              	.LFE4:
 200              		.size	ClockSetup, .-ClockSetup
 201              		.align	2
 202              		.global	cyfitter_cfg
 203              		.code	16
 204              		.thumb_func
 205              		.type	cyfitter_cfg, %function
 206              	cyfitter_cfg:
 207              	.LFB6:
 217:.\Generated_Source\PSoC4/cyfitter_cfg.c **** 
 218:.\Generated_Source\PSoC4/cyfitter_cfg.c **** 
 219:.\Generated_Source\PSoC4/cyfitter_cfg.c **** /* Analog API Functions */
 220:.\Generated_Source\PSoC4/cyfitter_cfg.c **** 
 221:.\Generated_Source\PSoC4/cyfitter_cfg.c **** 
 222:.\Generated_Source\PSoC4/cyfitter_cfg.c **** /*******************************************************************************
 223:.\Generated_Source\PSoC4/cyfitter_cfg.c **** * Function Name: AnalogSetDefault
 224:.\Generated_Source\PSoC4/cyfitter_cfg.c **** ********************************************************************************
 225:.\Generated_Source\PSoC4/cyfitter_cfg.c **** *
 226:.\Generated_Source\PSoC4/cyfitter_cfg.c **** * Summary:
 227:.\Generated_Source\PSoC4/cyfitter_cfg.c **** *  Sets up the analog portions of the chip to default values based on chip
 228:.\Generated_Source\PSoC4/cyfitter_cfg.c **** *  configuration options from the project.
 229:.\Generated_Source\PSoC4/cyfitter_cfg.c **** *
 230:.\Generated_Source\PSoC4/cyfitter_cfg.c **** * Parameters:
 231:.\Generated_Source\PSoC4/cyfitter_cfg.c **** *  void
 232:.\Generated_Source\PSoC4/cyfitter_cfg.c **** *
 233:.\Generated_Source\PSoC4/cyfitter_cfg.c **** * Return:
 234:.\Generated_Source\PSoC4/cyfitter_cfg.c **** *  void
 235:.\Generated_Source\PSoC4/cyfitter_cfg.c **** *
 236:.\Generated_Source\PSoC4/cyfitter_cfg.c **** *******************************************************************************/
 237:.\Generated_Source\PSoC4/cyfitter_cfg.c **** static void AnalogSetDefault(void);
 238:.\Generated_Source\PSoC4/cyfitter_cfg.c **** static void AnalogSetDefault(void)
 239:.\Generated_Source\PSoC4/cyfitter_cfg.c **** {
 240:.\Generated_Source\PSoC4/cyfitter_cfg.c **** }
 241:.\Generated_Source\PSoC4/cyfitter_cfg.c **** 
 242:.\Generated_Source\PSoC4/cyfitter_cfg.c **** #define CY_AMUX_UNUSED CYREG_CM0_ROM_DWT
 243:.\Generated_Source\PSoC4/cyfitter_cfg.c **** 
ARM GAS  C:\Users\Administrator\AppData\Local\Temp\ccZ4opNx.s 			page 9


 244:.\Generated_Source\PSoC4/cyfitter_cfg.c **** 
 245:.\Generated_Source\PSoC4/cyfitter_cfg.c **** /*******************************************************************************
 246:.\Generated_Source\PSoC4/cyfitter_cfg.c **** * Function Name: cyfitter_cfg
 247:.\Generated_Source\PSoC4/cyfitter_cfg.c **** ********************************************************************************
 248:.\Generated_Source\PSoC4/cyfitter_cfg.c **** * Summary:
 249:.\Generated_Source\PSoC4/cyfitter_cfg.c **** *  This function is called by the start-up code for the selected device. It
 250:.\Generated_Source\PSoC4/cyfitter_cfg.c **** *  performs all of the necessary device configuration based on the design
 251:.\Generated_Source\PSoC4/cyfitter_cfg.c **** *  settings.  This includes settings from the Design Wide Resources (DWR) such
 252:.\Generated_Source\PSoC4/cyfitter_cfg.c **** *  as Clocks and Pins as well as any component configuration that is necessary.
 253:.\Generated_Source\PSoC4/cyfitter_cfg.c **** *
 254:.\Generated_Source\PSoC4/cyfitter_cfg.c **** * Parameters:  
 255:.\Generated_Source\PSoC4/cyfitter_cfg.c **** *   void
 256:.\Generated_Source\PSoC4/cyfitter_cfg.c **** *
 257:.\Generated_Source\PSoC4/cyfitter_cfg.c **** * Return:
 258:.\Generated_Source\PSoC4/cyfitter_cfg.c **** *   void
 259:.\Generated_Source\PSoC4/cyfitter_cfg.c **** *
 260:.\Generated_Source\PSoC4/cyfitter_cfg.c **** *******************************************************************************/
 261:.\Generated_Source\PSoC4/cyfitter_cfg.c **** CY_CFG_SECTION
 262:.\Generated_Source\PSoC4/cyfitter_cfg.c **** void cyfitter_cfg(void)
 263:.\Generated_Source\PSoC4/cyfitter_cfg.c **** {
 208              		.loc 1 263 0
 209              		.cfi_startproc
 210 0078 10B5     		push	{r4, lr}
 211              		.cfi_def_cfa_offset 8
 212              		.cfi_offset 4, -8
 213              		.cfi_offset 14, -4
 264:.\Generated_Source\PSoC4/cyfitter_cfg.c **** 	/* Disable interrupts by default. Let user enable if/when they want. */
 265:.\Generated_Source\PSoC4/cyfitter_cfg.c **** 	CyGlobalIntDisable;
 214              		.loc 1 265 0
 215              	@ 265 ".\Generated_Source\PSoC4\cyfitter_cfg.c" 1
 216 007a 72B6     		CPSID   i
 217              	@ 0 "" 2
 218              	.LVL18:
 219              		.code	16
 220              	.LBB3:
 266:.\Generated_Source\PSoC4/cyfitter_cfg.c **** 
 267:.\Generated_Source\PSoC4/cyfitter_cfg.c **** 	{
 268:.\Generated_Source\PSoC4/cyfitter_cfg.c **** 		static const uint32 CYCODE cy_cfg_addr_table[] = {
 269:.\Generated_Source\PSoC4/cyfitter_cfg.c **** 			0x400F6002u, /* Base address: 0x400F6000 Count: 2 */
 270:.\Generated_Source\PSoC4/cyfitter_cfg.c **** 		};
 271:.\Generated_Source\PSoC4/cyfitter_cfg.c **** 
 272:.\Generated_Source\PSoC4/cyfitter_cfg.c **** 		static const cy_cfg_addrvalue_t CYCODE cy_cfg_data_table[] = {
 273:.\Generated_Source\PSoC4/cyfitter_cfg.c **** 			{0x02u, 0x01u},
 274:.\Generated_Source\PSoC4/cyfitter_cfg.c **** 			{0x11u, 0x01u},
 275:.\Generated_Source\PSoC4/cyfitter_cfg.c **** 		};
 276:.\Generated_Source\PSoC4/cyfitter_cfg.c **** 
 277:.\Generated_Source\PSoC4/cyfitter_cfg.c **** 
 278:.\Generated_Source\PSoC4/cyfitter_cfg.c **** 
 279:.\Generated_Source\PSoC4/cyfitter_cfg.c **** 		CYPACKED typedef struct {
 280:.\Generated_Source\PSoC4/cyfitter_cfg.c **** 			void CYFAR *address;
 281:.\Generated_Source\PSoC4/cyfitter_cfg.c **** 			uint16 size;
 282:.\Generated_Source\PSoC4/cyfitter_cfg.c **** 		} CYPACKED_ATTR cfg_memset_t;
 283:.\Generated_Source\PSoC4/cyfitter_cfg.c **** 
 284:.\Generated_Source\PSoC4/cyfitter_cfg.c **** 		static const cfg_memset_t CYCODE cfg_memset_list [] = {
 285:.\Generated_Source\PSoC4/cyfitter_cfg.c **** 			/* address, size */
 286:.\Generated_Source\PSoC4/cyfitter_cfg.c **** 			{(void CYFAR *)(CYDEV_UDB_P0_U0_BASE), 1024u},
 287:.\Generated_Source\PSoC4/cyfitter_cfg.c **** 			{(void CYFAR *)(CYDEV_UDB_DSI0_BASE), 1024u},
ARM GAS  C:\Users\Administrator\AppData\Local\Temp\ccZ4opNx.s 			page 10


 288:.\Generated_Source\PSoC4/cyfitter_cfg.c **** 		};
 289:.\Generated_Source\PSoC4/cyfitter_cfg.c **** 
 290:.\Generated_Source\PSoC4/cyfitter_cfg.c **** 		uint8 CYDATA i;
 291:.\Generated_Source\PSoC4/cyfitter_cfg.c **** 
 292:.\Generated_Source\PSoC4/cyfitter_cfg.c **** 		/* Zero out critical memory blocks before beginning configuration */
 293:.\Generated_Source\PSoC4/cyfitter_cfg.c **** 		for (i = 0u; i < (sizeof(cfg_memset_list)/sizeof(cfg_memset_list[0])); i++)
 221              		.loc 1 293 0
 222 007c 0024     		mov	r4, #0
 223 007e 10E0     		b	.L11
 224              	.LVL19:
 225              	.L12:
 226              	.LBB4:
 294:.\Generated_Source\PSoC4/cyfitter_cfg.c **** 		{
 295:.\Generated_Source\PSoC4/cyfitter_cfg.c **** 			const cfg_memset_t CYCODE * CYDATA ms = &cfg_memset_list[i];
 296:.\Generated_Source\PSoC4/cyfitter_cfg.c **** 			CYMEMZERO(ms->address, (size_t)(uint32)(ms->size));
 227              		.loc 1 296 0 discriminator 3
 228 0080 2C48     		ldr	r0, .L13
 229 0082 6300     		lsl	r3, r4, #1
 230 0084 1A19     		add	r2, r3, r4
 231 0086 5200     		lsl	r2, r2, #1
 232 0088 8218     		add	r2, r0, r2
 233 008a 9188     		ldrh	r1, [r2, #4]
 234 008c 1B19     		add	r3, r3, r4
 235 008e 5B00     		lsl	r3, r3, #1
 236 0090 1A5A     		ldrh	r2, [r3, r0]
 237 0092 C318     		add	r3, r0, r3
 238 0094 5888     		ldrh	r0, [r3, #2]
 239 0096 0004     		lsl	r0, r0, #16
 240 0098 1043     		orr	r0, r2
 241 009a FFF7FEFF 		bl	CYMEMZERO
 242              	.LVL20:
 243              	.LBE4:
 293:.\Generated_Source\PSoC4/cyfitter_cfg.c **** 		{
 244              		.loc 1 293 0 discriminator 3
 245 009e 0134     		add	r4, r4, #1
 246              	.LVL21:
 247 00a0 E4B2     		uxtb	r4, r4
 248              	.LVL22:
 249              	.L11:
 293:.\Generated_Source\PSoC4/cyfitter_cfg.c **** 		{
 250              		.loc 1 293 0 is_stmt 0 discriminator 1
 251 00a2 012C     		cmp	r4, #1
 252 00a4 ECD9     		bls	.L12
 297:.\Generated_Source\PSoC4/cyfitter_cfg.c **** 		}
 298:.\Generated_Source\PSoC4/cyfitter_cfg.c **** 
 299:.\Generated_Source\PSoC4/cyfitter_cfg.c **** 		cfg_write_bytes32(cy_cfg_addr_table, cy_cfg_data_table);
 253              		.loc 1 299 0 is_stmt 1
 254 00a6 2349     		ldr	r1, .L13
 255 00a8 081C     		mov	r0, r1
 256 00aa 0C30     		add	r0, r0, #12
 257 00ac 1031     		add	r1, r1, #16
 258 00ae FFF7FEFF 		bl	cfg_write_bytes32
 259              	.LVL23:
 300:.\Generated_Source\PSoC4/cyfitter_cfg.c **** 
 301:.\Generated_Source\PSoC4/cyfitter_cfg.c **** 		/* HSIOM Starting address: CYDEV_HSIOM_BASE */
 302:.\Generated_Source\PSoC4/cyfitter_cfg.c **** 		CY_SET_XTND_REG32((void CYFAR *)(CYREG_HSIOM_PORT_SEL3), 0x0000EE00u);
 260              		.loc 1 302 0
ARM GAS  C:\Users\Administrator\AppData\Local\Temp\ccZ4opNx.s 			page 11


 261 00b2 EE22     		mov	r2, #238
 262 00b4 1202     		lsl	r2, r2, #8
 263 00b6 204B     		ldr	r3, .L13+4
 264 00b8 1A60     		str	r2, [r3]
 303:.\Generated_Source\PSoC4/cyfitter_cfg.c **** 		CY_SET_XTND_REG32((void CYFAR *)(CYREG_HSIOM_PORT_SEL4), 0x00000099u);
 265              		.loc 1 303 0
 266 00ba 9922     		mov	r2, #153
 267 00bc 1F4B     		ldr	r3, .L13+8
 268 00be 1A60     		str	r2, [r3]
 304:.\Generated_Source\PSoC4/cyfitter_cfg.c **** 
 305:.\Generated_Source\PSoC4/cyfitter_cfg.c **** 		/* UDB_PA_0 Starting address: CYDEV_UDB_PA0_BASE */
 306:.\Generated_Source\PSoC4/cyfitter_cfg.c **** 		CY_SET_XTND_REG32((void CYFAR *)(CYDEV_UDB_PA0_BASE), 0x00990000u);
 269              		.loc 1 306 0
 270 00c0 9923     		mov	r3, #153
 271 00c2 1B04     		lsl	r3, r3, #16
 272 00c4 1E4A     		ldr	r2, .L13+12
 273 00c6 1360     		str	r3, [r2]
 307:.\Generated_Source\PSoC4/cyfitter_cfg.c **** 		CY_SET_XTND_REG32((void CYFAR *)(CYREG_UDB_PA0_CFG4), 0x00080000u);
 274              		.loc 1 307 0
 275 00c8 8021     		mov	r1, #128
 276 00ca 0903     		lsl	r1, r1, #12
 277 00cc 1D4A     		ldr	r2, .L13+16
 278 00ce 1160     		str	r1, [r2]
 308:.\Generated_Source\PSoC4/cyfitter_cfg.c **** 
 309:.\Generated_Source\PSoC4/cyfitter_cfg.c **** 		/* UDB_PA_2 Starting address: CYDEV_UDB_PA2_BASE */
 310:.\Generated_Source\PSoC4/cyfitter_cfg.c **** 		CY_SET_XTND_REG32((void CYFAR *)(CYDEV_UDB_PA2_BASE), 0x00990000u);
 279              		.loc 1 310 0
 280 00d0 1D4A     		ldr	r2, .L13+20
 281 00d2 1360     		str	r3, [r2]
 311:.\Generated_Source\PSoC4/cyfitter_cfg.c **** 
 312:.\Generated_Source\PSoC4/cyfitter_cfg.c **** 		/* UDB_PA_3 Starting address: CYDEV_UDB_PA3_BASE */
 313:.\Generated_Source\PSoC4/cyfitter_cfg.c **** 		CY_SET_XTND_REG32((void CYFAR *)(CYDEV_UDB_PA3_BASE), 0x00990000u);
 282              		.loc 1 313 0
 283 00d4 1D4A     		ldr	r2, .L13+24
 284 00d6 1360     		str	r3, [r2]
 314:.\Generated_Source\PSoC4/cyfitter_cfg.c **** 
 315:.\Generated_Source\PSoC4/cyfitter_cfg.c **** 		/* Enable digital routing */
 316:.\Generated_Source\PSoC4/cyfitter_cfg.c **** 		CY_SET_XTND_REG8((void *)CYREG_UDB_UDBIF_BANK_CTL, CY_GET_XTND_REG8((void *)CYREG_UDB_UDBIF_BANK_
 285              		.loc 1 316 0
 286 00d8 1D4B     		ldr	r3, .L13+28
 287 00da 1878     		ldrb	r0, [r3]
 288 00dc 0222     		mov	r2, #2
 289 00de 0221     		mov	r1, #2
 290 00e0 0143     		orr	r1, r0
 291 00e2 1970     		strb	r1, [r3]
 317:.\Generated_Source\PSoC4/cyfitter_cfg.c **** 
 318:.\Generated_Source\PSoC4/cyfitter_cfg.c **** 		/* Enable UDB array */
 319:.\Generated_Source\PSoC4/cyfitter_cfg.c **** 		CY_SET_XTND_REG8((void *)CYREG_UDB_UDBIF_WAIT_CFG, (uint8)((CY_GET_XTND_REG8((void *)CYREG_UDB_UD
 292              		.loc 1 319 0
 293 00e4 1B4C     		ldr	r4, .L13+32
 294              	.LVL24:
 295 00e6 2178     		ldrb	r1, [r4]
 296 00e8 3C20     		mov	r0, #60
 297 00ea 8143     		bic	r1, r0
 298 00ec 2838     		sub	r0, r0, #40
 299 00ee 0143     		orr	r1, r0
 300 00f0 2170     		strb	r1, [r4]
ARM GAS  C:\Users\Administrator\AppData\Local\Temp\ccZ4opNx.s 			page 12


 320:.\Generated_Source\PSoC4/cyfitter_cfg.c **** 		CY_SET_XTND_REG8((void *)CYREG_UDB_UDBIF_BANK_CTL, (uint8)(CY_GET_XTND_REG8((void *)CYREG_UDB_UDB
 301              		.loc 1 320 0
 302 00f2 1878     		ldrb	r0, [r3]
 303 00f4 1621     		mov	r1, #22
 304 00f6 0143     		orr	r1, r0
 305 00f8 1970     		strb	r1, [r3]
 306              	.LBE3:
 321:.\Generated_Source\PSoC4/cyfitter_cfg.c **** 	}
 322:.\Generated_Source\PSoC4/cyfitter_cfg.c **** 
 323:.\Generated_Source\PSoC4/cyfitter_cfg.c **** 	/* Perform second pass device configuration. These items must be configured in specific order afte
 324:.\Generated_Source\PSoC4/cyfitter_cfg.c **** 	/* IOPINS0_0 Starting address: CYDEV_PRT0_BASE */
 325:.\Generated_Source\PSoC4/cyfitter_cfg.c **** 	CY_SET_XTND_REG32((void CYFAR *)(CYDEV_PRT0_BASE), 0x00000002u);
 307              		.loc 1 325 0
 308 00fa 174B     		ldr	r3, .L13+36
 309 00fc 1A60     		str	r2, [r3]
 326:.\Generated_Source\PSoC4/cyfitter_cfg.c **** 	CY_SET_XTND_REG32((void CYFAR *)(CYREG_PRT0_PC), 0x00000010u);
 310              		.loc 1 326 0
 311 00fe 1021     		mov	r1, #16
 312 0100 164B     		ldr	r3, .L13+40
 313 0102 1960     		str	r1, [r3]
 327:.\Generated_Source\PSoC4/cyfitter_cfg.c **** 	CY_SET_XTND_REG32((void CYFAR *)(CYREG_PRT0_INTCFG), 0x0000000Cu);
 314              		.loc 1 327 0
 315 0104 0439     		sub	r1, r1, #4
 316 0106 164B     		ldr	r3, .L13+44
 317 0108 1960     		str	r1, [r3]
 328:.\Generated_Source\PSoC4/cyfitter_cfg.c **** 
 329:.\Generated_Source\PSoC4/cyfitter_cfg.c **** 	/* IOPINS0_2 Starting address: CYDEV_PRT2_BASE */
 330:.\Generated_Source\PSoC4/cyfitter_cfg.c **** 	CY_SET_XTND_REG32((void CYFAR *)(CYDEV_PRT2_BASE), 0x00000020u);
 318              		.loc 1 330 0
 319 010a 1431     		add	r1, r1, #20
 320 010c 154B     		ldr	r3, .L13+48
 321 010e 1960     		str	r1, [r3]
 331:.\Generated_Source\PSoC4/cyfitter_cfg.c **** 	CY_SET_XTND_REG32((void CYFAR *)(CYREG_PRT2_PC), 0x00010000u);
 322              		.loc 1 331 0
 323 0110 8021     		mov	r1, #128
 324 0112 4902     		lsl	r1, r1, #9
 325 0114 144B     		ldr	r3, .L13+52
 326 0116 1960     		str	r1, [r3]
 332:.\Generated_Source\PSoC4/cyfitter_cfg.c **** 
 333:.\Generated_Source\PSoC4/cyfitter_cfg.c **** 	/* IOPINS0_3 Starting address: CYDEV_PRT3_BASE */
 334:.\Generated_Source\PSoC4/cyfitter_cfg.c **** 	CY_SET_XTND_REG32((void CYFAR *)(CYREG_PRT3_PC), 0x00000D80u);
 327              		.loc 1 334 0
 328 0118 D821     		mov	r1, #216
 329 011a 0901     		lsl	r1, r1, #4
 330 011c 134B     		ldr	r3, .L13+56
 331 011e 1960     		str	r1, [r3]
 335:.\Generated_Source\PSoC4/cyfitter_cfg.c **** 
 336:.\Generated_Source\PSoC4/cyfitter_cfg.c **** 	/* IOPINS0_4 Starting address: CYDEV_PRT4_BASE */
 337:.\Generated_Source\PSoC4/cyfitter_cfg.c **** 	CY_SET_XTND_REG32((void CYFAR *)(CYDEV_PRT4_BASE), 0x00000002u);
 332              		.loc 1 337 0
 333 0120 134B     		ldr	r3, .L13+60
 334 0122 1A60     		str	r2, [r3]
 338:.\Generated_Source\PSoC4/cyfitter_cfg.c **** 	CY_SET_XTND_REG32((void CYFAR *)(CYREG_PRT4_PC), 0x00000031u);
 335              		.loc 1 338 0
 336 0124 3121     		mov	r1, #49
 337 0126 134B     		ldr	r3, .L13+64
 338 0128 1960     		str	r1, [r3]
ARM GAS  C:\Users\Administrator\AppData\Local\Temp\ccZ4opNx.s 			page 13


 339:.\Generated_Source\PSoC4/cyfitter_cfg.c **** 	CY_SET_XTND_REG32((void CYFAR *)(CYREG_PRT4_PC2), 0x00000002u);
 339              		.loc 1 339 0
 340 012a 134B     		ldr	r3, .L13+68
 341 012c 1A60     		str	r2, [r3]
 340:.\Generated_Source\PSoC4/cyfitter_cfg.c **** 
 341:.\Generated_Source\PSoC4/cyfitter_cfg.c **** 
 342:.\Generated_Source\PSoC4/cyfitter_cfg.c **** 	/* Setup clocks based on selections from Clock DWR */
 343:.\Generated_Source\PSoC4/cyfitter_cfg.c **** 	ClockSetup();
 342              		.loc 1 343 0
 343 012e FFF767FF 		bl	ClockSetup
 344              	.LVL25:
 344:.\Generated_Source\PSoC4/cyfitter_cfg.c **** 
 345:.\Generated_Source\PSoC4/cyfitter_cfg.c **** 	/* Perform basic analog initialization to defaults */
 346:.\Generated_Source\PSoC4/cyfitter_cfg.c **** 	AnalogSetDefault();
 347:.\Generated_Source\PSoC4/cyfitter_cfg.c **** 
 348:.\Generated_Source\PSoC4/cyfitter_cfg.c **** }
 345              		.loc 1 348 0
 346              		@ sp needed
 347 0132 10BD     		pop	{r4, pc}
 348              	.L14:
 349              		.align	2
 350              	.L13:
 351 0134 00000000 		.word	.LANCHOR0
 352 0138 0C000140 		.word	1073807372
 353 013c 10000140 		.word	1073807376
 354 0140 00500F40 		.word	1074745344
 355 0144 04500F40 		.word	1074745348
 356 0148 20500F40 		.word	1074745376
 357 014c 30500F40 		.word	1074745392
 358 0150 00700F40 		.word	1074753536
 359 0154 01700F40 		.word	1074753537
 360 0158 00000440 		.word	1074003968
 361 015c 08000440 		.word	1074003976
 362 0160 0C000440 		.word	1074003980
 363 0164 00020440 		.word	1074004480
 364 0168 08020440 		.word	1074004488
 365 016c 08030440 		.word	1074004744
 366 0170 00040440 		.word	1074004992
 367 0174 08040440 		.word	1074005000
 368 0178 18040440 		.word	1074005016
 369              		.cfi_endproc
 370              	.LFE6:
 371              		.size	cyfitter_cfg, .-cyfitter_cfg
 372              		.section	.rodata
 373              		.align	2
 374              		.set	.LANCHOR0,. + 0
 375              		.type	cfg_memset_list.4739, %object
 376              		.size	cfg_memset_list.4739, 12
 377              	cfg_memset_list.4739:
 378 0000 00300F40 		.word	1074737152
 379 0004 0004     		.short	1024
 380 0006 00400F40 		.4byte	1074741248
 381 000a 0004     		.short	1024
 382              		.type	cy_cfg_addr_table.4733, %object
 383              		.size	cy_cfg_addr_table.4733, 4
 384              	cy_cfg_addr_table.4733:
 385 000c 02600F40 		.word	1074749442
ARM GAS  C:\Users\Administrator\AppData\Local\Temp\ccZ4opNx.s 			page 14


 386              		.type	cy_cfg_data_table.4734, %object
 387              		.size	cy_cfg_data_table.4734, 4
 388              	cy_cfg_data_table.4734:
 389 0010 02       		.byte	2
 390 0011 01       		.byte	1
 391 0012 11       		.byte	17
 392 0013 01       		.byte	1
 393              		.text
 394              	.Letext0:
 395              		.file 2 "d:\\cyp\\psoc creator\\3.3\\psoc creator\\import\\gnu\\arm\\4.9.3\\lib\\gcc\\arm-none-eab
 396              		.file 3 ".\\Generated_Source\\PSoC4\\cytypes.h"
 397              		.file 4 ".\\Generated_Source\\PSoC4\\CyLib.h"
 398              		.section	.debug_info,"",%progbits
 399              	.Ldebug_info0:
 400 0000 B9030000 		.4byte	0x3b9
 401 0004 0400     		.2byte	0x4
 402 0006 00000000 		.4byte	.Ldebug_abbrev0
 403 000a 04       		.byte	0x4
 404 000b 01       		.uleb128 0x1
 405 000c AA010000 		.4byte	.LASF38
 406 0010 01       		.byte	0x1
 407 0011 6F010000 		.4byte	.LASF39
 408 0015 86020000 		.4byte	.LASF40
 409 0019 00000000 		.4byte	.Ldebug_ranges0+0
 410 001d 00000000 		.4byte	0
 411 0021 00000000 		.4byte	.Ldebug_line0
 412 0025 02       		.uleb128 0x2
 413 0026 04       		.byte	0x4
 414 0027 05       		.byte	0x5
 415 0028 696E7400 		.ascii	"int\000"
 416 002c 03       		.uleb128 0x3
 417 002d 06000000 		.4byte	.LASF11
 418 0031 02       		.byte	0x2
 419 0032 D4       		.byte	0xd4
 420 0033 37000000 		.4byte	0x37
 421 0037 04       		.uleb128 0x4
 422 0038 04       		.byte	0x4
 423 0039 07       		.byte	0x7
 424 003a 0A010000 		.4byte	.LASF0
 425 003e 04       		.uleb128 0x4
 426 003f 01       		.byte	0x1
 427 0040 06       		.byte	0x6
 428 0041 67020000 		.4byte	.LASF1
 429 0045 04       		.uleb128 0x4
 430 0046 01       		.byte	0x1
 431 0047 08       		.byte	0x8
 432 0048 AC000000 		.4byte	.LASF2
 433 004c 04       		.uleb128 0x4
 434 004d 02       		.byte	0x2
 435 004e 05       		.byte	0x5
 436 004f 3F020000 		.4byte	.LASF3
 437 0053 04       		.uleb128 0x4
 438 0054 02       		.byte	0x2
 439 0055 07       		.byte	0x7
 440 0056 73020000 		.4byte	.LASF4
 441 005a 04       		.uleb128 0x4
 442 005b 04       		.byte	0x4
ARM GAS  C:\Users\Administrator\AppData\Local\Temp\ccZ4opNx.s 			page 15


 443 005c 05       		.byte	0x5
 444 005d 5E020000 		.4byte	.LASF5
 445 0061 04       		.uleb128 0x4
 446 0062 04       		.byte	0x4
 447 0063 07       		.byte	0x7
 448 0064 8A000000 		.4byte	.LASF6
 449 0068 04       		.uleb128 0x4
 450 0069 08       		.byte	0x8
 451 006a 05       		.byte	0x5
 452 006b 97010000 		.4byte	.LASF7
 453 006f 04       		.uleb128 0x4
 454 0070 08       		.byte	0x8
 455 0071 07       		.byte	0x7
 456 0072 2C010000 		.4byte	.LASF8
 457 0076 04       		.uleb128 0x4
 458 0077 04       		.byte	0x4
 459 0078 07       		.byte	0x7
 460 0079 66010000 		.4byte	.LASF9
 461 007d 05       		.uleb128 0x5
 462 007e 04       		.byte	0x4
 463 007f 06       		.uleb128 0x6
 464 0080 04       		.byte	0x4
 465 0081 85000000 		.4byte	0x85
 466 0085 07       		.uleb128 0x7
 467 0086 04       		.uleb128 0x4
 468 0087 01       		.byte	0x1
 469 0088 08       		.byte	0x8
 470 0089 A5010000 		.4byte	.LASF10
 471 008d 08       		.uleb128 0x8
 472 008e 9C000000 		.4byte	.LASF12
 473 0092 03       		.byte	0x3
 474 0093 3801     		.2byte	0x138
 475 0095 45000000 		.4byte	0x45
 476 0099 08       		.uleb128 0x8
 477 009a F1000000 		.4byte	.LASF13
 478 009e 03       		.byte	0x3
 479 009f 3901     		.2byte	0x139
 480 00a1 53000000 		.4byte	0x53
 481 00a5 08       		.uleb128 0x8
 482 00a6 03010000 		.4byte	.LASF14
 483 00aa 03       		.byte	0x3
 484 00ab 3A01     		.2byte	0x13a
 485 00ad 61000000 		.4byte	0x61
 486 00b1 04       		.uleb128 0x4
 487 00b2 04       		.byte	0x4
 488 00b3 04       		.byte	0x4
 489 00b4 6A000000 		.4byte	.LASF15
 490 00b8 04       		.uleb128 0x4
 491 00b9 08       		.byte	0x8
 492 00ba 04       		.byte	0x4
 493 00bb C1000000 		.4byte	.LASF16
 494 00bf 08       		.uleb128 0x8
 495 00c0 85000000 		.4byte	.LASF17
 496 00c4 03       		.byte	0x3
 497 00c5 E201     		.2byte	0x1e2
 498 00c7 CB000000 		.4byte	0xcb
 499 00cb 09       		.uleb128 0x9
ARM GAS  C:\Users\Administrator\AppData\Local\Temp\ccZ4opNx.s 			page 16


 500 00cc 8D000000 		.4byte	0x8d
 501 00d0 08       		.uleb128 0x8
 502 00d1 00000000 		.4byte	.LASF18
 503 00d5 03       		.byte	0x3
 504 00d6 E401     		.2byte	0x1e4
 505 00d8 DC000000 		.4byte	0xdc
 506 00dc 09       		.uleb128 0x9
 507 00dd A5000000 		.4byte	0xa5
 508 00e1 08       		.uleb128 0x8
 509 00e2 43010000 		.4byte	.LASF19
 510 00e6 03       		.byte	0x3
 511 00e7 F401     		.2byte	0x1f4
 512 00e9 7F000000 		.4byte	0x7f
 513 00ed 0A       		.uleb128 0xa
 514 00ee 02       		.byte	0x2
 515 00ef 01       		.byte	0x1
 516 00f0 7F       		.byte	0x7f
 517 00f1 0E010000 		.4byte	0x10e
 518 00f5 0B       		.uleb128 0xb
 519 00f6 38020000 		.4byte	.LASF20
 520 00fa 01       		.byte	0x1
 521 00fb 81       		.byte	0x81
 522 00fc 8D000000 		.4byte	0x8d
 523 0100 00       		.byte	0
 524 0101 0B       		.uleb128 0xb
 525 0102 1C000000 		.4byte	.LASF21
 526 0106 01       		.byte	0x1
 527 0107 82       		.byte	0x82
 528 0108 8D000000 		.4byte	0x8d
 529 010c 01       		.byte	0x1
 530 010d 00       		.byte	0
 531 010e 03       		.uleb128 0x3
 532 010f 57000000 		.4byte	.LASF22
 533 0113 01       		.byte	0x1
 534 0114 83       		.byte	0x83
 535 0115 ED000000 		.4byte	0xed
 536 0119 0C       		.uleb128 0xc
 537 011a C8000000 		.4byte	.LASF27
 538 011e 01       		.byte	0x1
 539 011f 96       		.byte	0x96
 540 0120 00000000 		.4byte	.LFB3
 541 0124 32000000 		.4byte	.LFE3-.LFB3
 542 0128 01       		.uleb128 0x1
 543 0129 9C       		.byte	0x9c
 544 012a 8B010000 		.4byte	0x18b
 545 012e 0D       		.uleb128 0xd
 546 012f E6000000 		.4byte	.LASF23
 547 0133 01       		.byte	0x1
 548 0134 96       		.byte	0x96
 549 0135 8B010000 		.4byte	0x18b
 550 0139 01       		.uleb128 0x1
 551 013a 50       		.byte	0x50
 552 013b 0D       		.uleb128 0xd
 553 013c F8000000 		.4byte	.LASF24
 554 0140 01       		.byte	0x1
 555 0141 96       		.byte	0x96
 556 0142 96010000 		.4byte	0x196
ARM GAS  C:\Users\Administrator\AppData\Local\Temp\ccZ4opNx.s 			page 17


 557 0146 01       		.uleb128 0x1
 558 0147 51       		.byte	0x51
 559 0148 0E       		.uleb128 0xe
 560 0149 6900     		.ascii	"i\000"
 561 014b 01       		.byte	0x1
 562 014c 99       		.byte	0x99
 563 014d A5000000 		.4byte	0xa5
 564 0151 00000000 		.4byte	.LLST0
 565 0155 0E       		.uleb128 0xe
 566 0156 6A00     		.ascii	"j\000"
 567 0158 01       		.byte	0x1
 568 0159 99       		.byte	0x99
 569 015a A5000000 		.4byte	0xa5
 570 015e 1F000000 		.4byte	.LLST1
 571 0162 0F       		.uleb128 0xf
 572 0163 08000000 		.4byte	.LBB2
 573 0167 22000000 		.4byte	.LBE2-.LBB2
 574 016b 10       		.uleb128 0x10
 575 016c 5D010000 		.4byte	.LASF25
 576 0170 01       		.byte	0x1
 577 0171 9C       		.byte	0x9c
 578 0172 A5000000 		.4byte	0xa5
 579 0176 3E000000 		.4byte	.LLST2
 580 017a 10       		.uleb128 0x10
 581 017b 22000000 		.4byte	.LASF26
 582 017f 01       		.byte	0x1
 583 0180 9D       		.byte	0x9d
 584 0181 8D000000 		.4byte	0x8d
 585 0185 51000000 		.4byte	.LLST3
 586 0189 00       		.byte	0
 587 018a 00       		.byte	0
 588 018b 06       		.uleb128 0x6
 589 018c 04       		.byte	0x4
 590 018d 91010000 		.4byte	0x191
 591 0191 11       		.uleb128 0x11
 592 0192 A5000000 		.4byte	0xa5
 593 0196 06       		.uleb128 0x6
 594 0197 04       		.byte	0x4
 595 0198 9C010000 		.4byte	0x19c
 596 019c 11       		.uleb128 0x11
 597 019d 0E010000 		.4byte	0x10e
 598 01a1 0C       		.uleb128 0xc
 599 01a2 A2000000 		.4byte	.LASF28
 600 01a6 01       		.byte	0x1
 601 01a7 3D       		.byte	0x3d
 602 01a8 00000000 		.4byte	.LFB0
 603 01ac 0C000000 		.4byte	.LFE0-.LFB0
 604 01b0 01       		.uleb128 0x1
 605 01b1 9C       		.byte	0x9c
 606 01b2 EE010000 		.4byte	0x1ee
 607 01b6 12       		.uleb128 0x12
 608 01b7 7300     		.ascii	"s\000"
 609 01b9 01       		.byte	0x1
 610 01ba 3D       		.byte	0x3d
 611 01bb 7D000000 		.4byte	0x7d
 612 01bf 6F000000 		.4byte	.LLST4
 613 01c3 12       		.uleb128 0x12
ARM GAS  C:\Users\Administrator\AppData\Local\Temp\ccZ4opNx.s 			page 18


 614 01c4 6E00     		.ascii	"n\000"
 615 01c6 01       		.byte	0x1
 616 01c7 3D       		.byte	0x3d
 617 01c8 2C000000 		.4byte	0x2c
 618 01cc 90000000 		.4byte	.LLST5
 619 01d0 13       		.uleb128 0x13
 620 01d1 0A000000 		.4byte	.LVL14
 621 01d5 67030000 		.4byte	0x367
 622 01d9 14       		.uleb128 0x14
 623 01da 01       		.uleb128 0x1
 624 01db 52       		.byte	0x52
 625 01dc 03       		.uleb128 0x3
 626 01dd F3       		.byte	0xf3
 627 01de 01       		.uleb128 0x1
 628 01df 51       		.byte	0x51
 629 01e0 14       		.uleb128 0x14
 630 01e1 01       		.uleb128 0x1
 631 01e2 51       		.byte	0x51
 632 01e3 01       		.uleb128 0x1
 633 01e4 30       		.byte	0x30
 634 01e5 14       		.uleb128 0x14
 635 01e6 01       		.uleb128 0x1
 636 01e7 50       		.byte	0x50
 637 01e8 03       		.uleb128 0x3
 638 01e9 F3       		.byte	0xf3
 639 01ea 01       		.uleb128 0x1
 640 01eb 50       		.byte	0x50
 641 01ec 00       		.byte	0
 642 01ed 00       		.byte	0
 643 01ee 0C       		.uleb128 0xc
 644 01ef 28000000 		.4byte	.LASF29
 645 01f3 01       		.byte	0x1
 646 01f4 BB       		.byte	0xbb
 647 01f5 00000000 		.4byte	.LFB4
 648 01f9 78000000 		.4byte	.LFE4-.LFB4
 649 01fd 01       		.uleb128 0x1
 650 01fe 9C       		.byte	0x9c
 651 01ff 39020000 		.4byte	0x239
 652 0203 15       		.uleb128 0x15
 653 0204 14000000 		.4byte	.LVL15
 654 0208 84030000 		.4byte	0x384
 655 020c 16020000 		.4byte	0x216
 656 0210 14       		.uleb128 0x14
 657 0211 01       		.uleb128 0x1
 658 0212 50       		.byte	0x50
 659 0213 01       		.uleb128 0x1
 660 0214 48       		.byte	0x48
 661 0215 00       		.byte	0
 662 0216 15       		.uleb128 0x15
 663 0217 42000000 		.4byte	.LVL16
 664 021b 95030000 		.4byte	0x395
 665 021f 29020000 		.4byte	0x229
 666 0223 14       		.uleb128 0x14
 667 0224 01       		.uleb128 0x1
 668 0225 50       		.byte	0x50
 669 0226 01       		.uleb128 0x1
 670 0227 39       		.byte	0x39
ARM GAS  C:\Users\Administrator\AppData\Local\Temp\ccZ4opNx.s 			page 19


 671 0228 00       		.byte	0
 672 0229 13       		.uleb128 0x13
 673 022a 48000000 		.4byte	.LVL17
 674 022e AF030000 		.4byte	0x3af
 675 0232 14       		.uleb128 0x14
 676 0233 01       		.uleb128 0x1
 677 0234 50       		.byte	0x50
 678 0235 01       		.uleb128 0x1
 679 0236 39       		.byte	0x39
 680 0237 00       		.byte	0
 681 0238 00       		.byte	0
 682 0239 16       		.uleb128 0x16
 683 023a 17010000 		.4byte	.LASF41
 684 023e 01       		.byte	0x1
 685 023f 0601     		.2byte	0x106
 686 0241 78000000 		.4byte	.LFB6
 687 0245 04010000 		.4byte	.LFE6-.LFB6
 688 0249 01       		.uleb128 0x1
 689 024a 9C       		.byte	0x9c
 690 024b 3D030000 		.4byte	0x33d
 691 024f 17       		.uleb128 0x17
 692 0250 7C000000 		.4byte	.LBB3
 693 0254 7E000000 		.4byte	.LBE3-.LBB3
 694 0258 33030000 		.4byte	0x333
 695 025c 18       		.uleb128 0x18
 696 025d 33000000 		.4byte	.LASF30
 697 0261 01       		.byte	0x1
 698 0262 0C01     		.2byte	0x10c
 699 0264 4D030000 		.4byte	0x34d
 700 0268 05       		.uleb128 0x5
 701 0269 03       		.byte	0x3
 702 026a 0C000000 		.4byte	cy_cfg_addr_table.4733
 703 026e 18       		.uleb128 0x18
 704 026f 45000000 		.4byte	.LASF31
 705 0273 01       		.byte	0x1
 706 0274 1001     		.2byte	0x110
 707 0276 62030000 		.4byte	0x362
 708 027a 05       		.uleb128 0x5
 709 027b 03       		.byte	0x3
 710 027c 10000000 		.4byte	cy_cfg_data_table.4734
 711 0280 19       		.uleb128 0x19
 712 0281 06       		.byte	0x6
 713 0282 01       		.byte	0x1
 714 0283 1701     		.2byte	0x117
 715 0285 A4020000 		.4byte	0x2a4
 716 0289 1A       		.uleb128 0x1a
 717 028a 24010000 		.4byte	.LASF32
 718 028e 01       		.byte	0x1
 719 028f 1801     		.2byte	0x118
 720 0291 7D000000 		.4byte	0x7d
 721 0295 00       		.byte	0
 722 0296 1A       		.uleb128 0x1a
 723 0297 80000000 		.4byte	.LASF33
 724 029b 01       		.byte	0x1
 725 029c 1901     		.2byte	0x119
 726 029e 99000000 		.4byte	0x99
 727 02a2 04       		.byte	0x4
ARM GAS  C:\Users\Administrator\AppData\Local\Temp\ccZ4opNx.s 			page 20


 728 02a3 00       		.byte	0
 729 02a4 08       		.uleb128 0x8
 730 02a5 50010000 		.4byte	.LASF34
 731 02a9 01       		.byte	0x1
 732 02aa 1A01     		.2byte	0x11a
 733 02ac 80020000 		.4byte	0x280
 734 02b0 1B       		.uleb128 0x1b
 735 02b1 A4020000 		.4byte	0x2a4
 736 02b5 C0020000 		.4byte	0x2c0
 737 02b9 1C       		.uleb128 0x1c
 738 02ba 76000000 		.4byte	0x76
 739 02be 01       		.byte	0x1
 740 02bf 00       		.byte	0
 741 02c0 18       		.uleb128 0x18
 742 02c1 70000000 		.4byte	.LASF35
 743 02c5 01       		.byte	0x1
 744 02c6 1C01     		.2byte	0x11c
 745 02c8 D2020000 		.4byte	0x2d2
 746 02cc 05       		.uleb128 0x5
 747 02cd 03       		.byte	0x3
 748 02ce 00000000 		.4byte	cfg_memset_list.4739
 749 02d2 11       		.uleb128 0x11
 750 02d3 B0020000 		.4byte	0x2b0
 751 02d7 1D       		.uleb128 0x1d
 752 02d8 6900     		.ascii	"i\000"
 753 02da 01       		.byte	0x1
 754 02db 2201     		.2byte	0x122
 755 02dd 8D000000 		.4byte	0x8d
 756 02e1 BC000000 		.4byte	.LLST6
 757 02e5 17       		.uleb128 0x17
 758 02e6 80000000 		.4byte	.LBB4
 759 02ea 1E000000 		.4byte	.LBE4-.LBB4
 760 02ee 16030000 		.4byte	0x316
 761 02f2 1D       		.uleb128 0x1d
 762 02f3 6D7300   		.ascii	"ms\000"
 763 02f6 01       		.byte	0x1
 764 02f7 2701     		.2byte	0x127
 765 02f9 01030000 		.4byte	0x301
 766 02fd E6000000 		.4byte	.LLST7
 767 0301 06       		.uleb128 0x6
 768 0302 04       		.byte	0x4
 769 0303 07030000 		.4byte	0x307
 770 0307 11       		.uleb128 0x11
 771 0308 A4020000 		.4byte	0x2a4
 772 030c 1E       		.uleb128 0x1e
 773 030d 9E000000 		.4byte	.LVL20
 774 0311 A1010000 		.4byte	0x1a1
 775 0315 00       		.byte	0
 776 0316 13       		.uleb128 0x13
 777 0317 B2000000 		.4byte	.LVL23
 778 031b 19010000 		.4byte	0x119
 779 031f 14       		.uleb128 0x14
 780 0320 01       		.uleb128 0x1
 781 0321 51       		.byte	0x51
 782 0322 05       		.uleb128 0x5
 783 0323 03       		.byte	0x3
 784 0324 10000000 		.4byte	.LANCHOR0+16
ARM GAS  C:\Users\Administrator\AppData\Local\Temp\ccZ4opNx.s 			page 21


 785 0328 14       		.uleb128 0x14
 786 0329 01       		.uleb128 0x1
 787 032a 50       		.byte	0x50
 788 032b 05       		.uleb128 0x5
 789 032c 03       		.byte	0x3
 790 032d 0C000000 		.4byte	.LANCHOR0+12
 791 0331 00       		.byte	0
 792 0332 00       		.byte	0
 793 0333 1E       		.uleb128 0x1e
 794 0334 32010000 		.4byte	.LVL25
 795 0338 EE010000 		.4byte	0x1ee
 796 033c 00       		.byte	0
 797 033d 1B       		.uleb128 0x1b
 798 033e A5000000 		.4byte	0xa5
 799 0342 4D030000 		.4byte	0x34d
 800 0346 1C       		.uleb128 0x1c
 801 0347 76000000 		.4byte	0x76
 802 034b 00       		.byte	0
 803 034c 00       		.byte	0
 804 034d 11       		.uleb128 0x11
 805 034e 3D030000 		.4byte	0x33d
 806 0352 1B       		.uleb128 0x1b
 807 0353 0E010000 		.4byte	0x10e
 808 0357 62030000 		.4byte	0x362
 809 035b 1C       		.uleb128 0x1c
 810 035c 76000000 		.4byte	0x76
 811 0360 01       		.byte	0x1
 812 0361 00       		.byte	0
 813 0362 11       		.uleb128 0x11
 814 0363 52030000 		.4byte	0x352
 815 0367 1F       		.uleb128 0x1f
 816 0368 BA000000 		.4byte	.LASF36
 817 036c 7D000000 		.4byte	0x7d
 818 0370 84030000 		.4byte	0x384
 819 0374 20       		.uleb128 0x20
 820 0375 7D000000 		.4byte	0x7d
 821 0379 20       		.uleb128 0x20
 822 037a 25000000 		.4byte	0x25
 823 037e 20       		.uleb128 0x20
 824 037f 76000000 		.4byte	0x76
 825 0383 00       		.byte	0
 826 0384 21       		.uleb128 0x21
 827 0385 49020000 		.4byte	.LASF37
 828 0389 04       		.byte	0x4
 829 038a 38       		.byte	0x38
 830 038b 95030000 		.4byte	0x395
 831 038f 20       		.uleb128 0x20
 832 0390 A5000000 		.4byte	0xa5
 833 0394 00       		.byte	0
 834 0395 22       		.uleb128 0x22
 835 0396 0D000000 		.4byte	.LASF42
 836 039a 04       		.byte	0x4
 837 039b 49       		.byte	0x49
 838 039c E1000000 		.4byte	0xe1
 839 03a0 AF030000 		.4byte	0x3af
 840 03a4 20       		.uleb128 0x20
 841 03a5 8D000000 		.4byte	0x8d
ARM GAS  C:\Users\Administrator\AppData\Local\Temp\ccZ4opNx.s 			page 22


 842 03a9 20       		.uleb128 0x20
 843 03aa E1000000 		.4byte	0xe1
 844 03ae 00       		.byte	0
 845 03af 23       		.uleb128 0x23
 846 03b0 DA000000 		.4byte	.LASF43
 847 03b4 04       		.byte	0x4
 848 03b5 4F       		.byte	0x4f
 849 03b6 20       		.uleb128 0x20
 850 03b7 8D000000 		.4byte	0x8d
 851 03bb 00       		.byte	0
 852 03bc 00       		.byte	0
 853              		.section	.debug_abbrev,"",%progbits
 854              	.Ldebug_abbrev0:
 855 0000 01       		.uleb128 0x1
 856 0001 11       		.uleb128 0x11
 857 0002 01       		.byte	0x1
 858 0003 25       		.uleb128 0x25
 859 0004 0E       		.uleb128 0xe
 860 0005 13       		.uleb128 0x13
 861 0006 0B       		.uleb128 0xb
 862 0007 03       		.uleb128 0x3
 863 0008 0E       		.uleb128 0xe
 864 0009 1B       		.uleb128 0x1b
 865 000a 0E       		.uleb128 0xe
 866 000b 55       		.uleb128 0x55
 867 000c 17       		.uleb128 0x17
 868 000d 11       		.uleb128 0x11
 869 000e 01       		.uleb128 0x1
 870 000f 10       		.uleb128 0x10
 871 0010 17       		.uleb128 0x17
 872 0011 00       		.byte	0
 873 0012 00       		.byte	0
 874 0013 02       		.uleb128 0x2
 875 0014 24       		.uleb128 0x24
 876 0015 00       		.byte	0
 877 0016 0B       		.uleb128 0xb
 878 0017 0B       		.uleb128 0xb
 879 0018 3E       		.uleb128 0x3e
 880 0019 0B       		.uleb128 0xb
 881 001a 03       		.uleb128 0x3
 882 001b 08       		.uleb128 0x8
 883 001c 00       		.byte	0
 884 001d 00       		.byte	0
 885 001e 03       		.uleb128 0x3
 886 001f 16       		.uleb128 0x16
 887 0020 00       		.byte	0
 888 0021 03       		.uleb128 0x3
 889 0022 0E       		.uleb128 0xe
 890 0023 3A       		.uleb128 0x3a
 891 0024 0B       		.uleb128 0xb
 892 0025 3B       		.uleb128 0x3b
 893 0026 0B       		.uleb128 0xb
 894 0027 49       		.uleb128 0x49
 895 0028 13       		.uleb128 0x13
 896 0029 00       		.byte	0
 897 002a 00       		.byte	0
 898 002b 04       		.uleb128 0x4
ARM GAS  C:\Users\Administrator\AppData\Local\Temp\ccZ4opNx.s 			page 23


 899 002c 24       		.uleb128 0x24
 900 002d 00       		.byte	0
 901 002e 0B       		.uleb128 0xb
 902 002f 0B       		.uleb128 0xb
 903 0030 3E       		.uleb128 0x3e
 904 0031 0B       		.uleb128 0xb
 905 0032 03       		.uleb128 0x3
 906 0033 0E       		.uleb128 0xe
 907 0034 00       		.byte	0
 908 0035 00       		.byte	0
 909 0036 05       		.uleb128 0x5
 910 0037 0F       		.uleb128 0xf
 911 0038 00       		.byte	0
 912 0039 0B       		.uleb128 0xb
 913 003a 0B       		.uleb128 0xb
 914 003b 00       		.byte	0
 915 003c 00       		.byte	0
 916 003d 06       		.uleb128 0x6
 917 003e 0F       		.uleb128 0xf
 918 003f 00       		.byte	0
 919 0040 0B       		.uleb128 0xb
 920 0041 0B       		.uleb128 0xb
 921 0042 49       		.uleb128 0x49
 922 0043 13       		.uleb128 0x13
 923 0044 00       		.byte	0
 924 0045 00       		.byte	0
 925 0046 07       		.uleb128 0x7
 926 0047 15       		.uleb128 0x15
 927 0048 00       		.byte	0
 928 0049 27       		.uleb128 0x27
 929 004a 19       		.uleb128 0x19
 930 004b 00       		.byte	0
 931 004c 00       		.byte	0
 932 004d 08       		.uleb128 0x8
 933 004e 16       		.uleb128 0x16
 934 004f 00       		.byte	0
 935 0050 03       		.uleb128 0x3
 936 0051 0E       		.uleb128 0xe
 937 0052 3A       		.uleb128 0x3a
 938 0053 0B       		.uleb128 0xb
 939 0054 3B       		.uleb128 0x3b
 940 0055 05       		.uleb128 0x5
 941 0056 49       		.uleb128 0x49
 942 0057 13       		.uleb128 0x13
 943 0058 00       		.byte	0
 944 0059 00       		.byte	0
 945 005a 09       		.uleb128 0x9
 946 005b 35       		.uleb128 0x35
 947 005c 00       		.byte	0
 948 005d 49       		.uleb128 0x49
 949 005e 13       		.uleb128 0x13
 950 005f 00       		.byte	0
 951 0060 00       		.byte	0
 952 0061 0A       		.uleb128 0xa
 953 0062 13       		.uleb128 0x13
 954 0063 01       		.byte	0x1
 955 0064 0B       		.uleb128 0xb
ARM GAS  C:\Users\Administrator\AppData\Local\Temp\ccZ4opNx.s 			page 24


 956 0065 0B       		.uleb128 0xb
 957 0066 3A       		.uleb128 0x3a
 958 0067 0B       		.uleb128 0xb
 959 0068 3B       		.uleb128 0x3b
 960 0069 0B       		.uleb128 0xb
 961 006a 01       		.uleb128 0x1
 962 006b 13       		.uleb128 0x13
 963 006c 00       		.byte	0
 964 006d 00       		.byte	0
 965 006e 0B       		.uleb128 0xb
 966 006f 0D       		.uleb128 0xd
 967 0070 00       		.byte	0
 968 0071 03       		.uleb128 0x3
 969 0072 0E       		.uleb128 0xe
 970 0073 3A       		.uleb128 0x3a
 971 0074 0B       		.uleb128 0xb
 972 0075 3B       		.uleb128 0x3b
 973 0076 0B       		.uleb128 0xb
 974 0077 49       		.uleb128 0x49
 975 0078 13       		.uleb128 0x13
 976 0079 38       		.uleb128 0x38
 977 007a 0B       		.uleb128 0xb
 978 007b 00       		.byte	0
 979 007c 00       		.byte	0
 980 007d 0C       		.uleb128 0xc
 981 007e 2E       		.uleb128 0x2e
 982 007f 01       		.byte	0x1
 983 0080 03       		.uleb128 0x3
 984 0081 0E       		.uleb128 0xe
 985 0082 3A       		.uleb128 0x3a
 986 0083 0B       		.uleb128 0xb
 987 0084 3B       		.uleb128 0x3b
 988 0085 0B       		.uleb128 0xb
 989 0086 27       		.uleb128 0x27
 990 0087 19       		.uleb128 0x19
 991 0088 11       		.uleb128 0x11
 992 0089 01       		.uleb128 0x1
 993 008a 12       		.uleb128 0x12
 994 008b 06       		.uleb128 0x6
 995 008c 40       		.uleb128 0x40
 996 008d 18       		.uleb128 0x18
 997 008e 9742     		.uleb128 0x2117
 998 0090 19       		.uleb128 0x19
 999 0091 01       		.uleb128 0x1
 1000 0092 13       		.uleb128 0x13
 1001 0093 00       		.byte	0
 1002 0094 00       		.byte	0
 1003 0095 0D       		.uleb128 0xd
 1004 0096 05       		.uleb128 0x5
 1005 0097 00       		.byte	0
 1006 0098 03       		.uleb128 0x3
 1007 0099 0E       		.uleb128 0xe
 1008 009a 3A       		.uleb128 0x3a
 1009 009b 0B       		.uleb128 0xb
 1010 009c 3B       		.uleb128 0x3b
 1011 009d 0B       		.uleb128 0xb
 1012 009e 49       		.uleb128 0x49
ARM GAS  C:\Users\Administrator\AppData\Local\Temp\ccZ4opNx.s 			page 25


 1013 009f 13       		.uleb128 0x13
 1014 00a0 02       		.uleb128 0x2
 1015 00a1 18       		.uleb128 0x18
 1016 00a2 00       		.byte	0
 1017 00a3 00       		.byte	0
 1018 00a4 0E       		.uleb128 0xe
 1019 00a5 34       		.uleb128 0x34
 1020 00a6 00       		.byte	0
 1021 00a7 03       		.uleb128 0x3
 1022 00a8 08       		.uleb128 0x8
 1023 00a9 3A       		.uleb128 0x3a
 1024 00aa 0B       		.uleb128 0xb
 1025 00ab 3B       		.uleb128 0x3b
 1026 00ac 0B       		.uleb128 0xb
 1027 00ad 49       		.uleb128 0x49
 1028 00ae 13       		.uleb128 0x13
 1029 00af 02       		.uleb128 0x2
 1030 00b0 17       		.uleb128 0x17
 1031 00b1 00       		.byte	0
 1032 00b2 00       		.byte	0
 1033 00b3 0F       		.uleb128 0xf
 1034 00b4 0B       		.uleb128 0xb
 1035 00b5 01       		.byte	0x1
 1036 00b6 11       		.uleb128 0x11
 1037 00b7 01       		.uleb128 0x1
 1038 00b8 12       		.uleb128 0x12
 1039 00b9 06       		.uleb128 0x6
 1040 00ba 00       		.byte	0
 1041 00bb 00       		.byte	0
 1042 00bc 10       		.uleb128 0x10
 1043 00bd 34       		.uleb128 0x34
 1044 00be 00       		.byte	0
 1045 00bf 03       		.uleb128 0x3
 1046 00c0 0E       		.uleb128 0xe
 1047 00c1 3A       		.uleb128 0x3a
 1048 00c2 0B       		.uleb128 0xb
 1049 00c3 3B       		.uleb128 0x3b
 1050 00c4 0B       		.uleb128 0xb
 1051 00c5 49       		.uleb128 0x49
 1052 00c6 13       		.uleb128 0x13
 1053 00c7 02       		.uleb128 0x2
 1054 00c8 17       		.uleb128 0x17
 1055 00c9 00       		.byte	0
 1056 00ca 00       		.byte	0
 1057 00cb 11       		.uleb128 0x11
 1058 00cc 26       		.uleb128 0x26
 1059 00cd 00       		.byte	0
 1060 00ce 49       		.uleb128 0x49
 1061 00cf 13       		.uleb128 0x13
 1062 00d0 00       		.byte	0
 1063 00d1 00       		.byte	0
 1064 00d2 12       		.uleb128 0x12
 1065 00d3 05       		.uleb128 0x5
 1066 00d4 00       		.byte	0
 1067 00d5 03       		.uleb128 0x3
 1068 00d6 08       		.uleb128 0x8
 1069 00d7 3A       		.uleb128 0x3a
ARM GAS  C:\Users\Administrator\AppData\Local\Temp\ccZ4opNx.s 			page 26


 1070 00d8 0B       		.uleb128 0xb
 1071 00d9 3B       		.uleb128 0x3b
 1072 00da 0B       		.uleb128 0xb
 1073 00db 49       		.uleb128 0x49
 1074 00dc 13       		.uleb128 0x13
 1075 00dd 02       		.uleb128 0x2
 1076 00de 17       		.uleb128 0x17
 1077 00df 00       		.byte	0
 1078 00e0 00       		.byte	0
 1079 00e1 13       		.uleb128 0x13
 1080 00e2 898201   		.uleb128 0x4109
 1081 00e5 01       		.byte	0x1
 1082 00e6 11       		.uleb128 0x11
 1083 00e7 01       		.uleb128 0x1
 1084 00e8 31       		.uleb128 0x31
 1085 00e9 13       		.uleb128 0x13
 1086 00ea 00       		.byte	0
 1087 00eb 00       		.byte	0
 1088 00ec 14       		.uleb128 0x14
 1089 00ed 8A8201   		.uleb128 0x410a
 1090 00f0 00       		.byte	0
 1091 00f1 02       		.uleb128 0x2
 1092 00f2 18       		.uleb128 0x18
 1093 00f3 9142     		.uleb128 0x2111
 1094 00f5 18       		.uleb128 0x18
 1095 00f6 00       		.byte	0
 1096 00f7 00       		.byte	0
 1097 00f8 15       		.uleb128 0x15
 1098 00f9 898201   		.uleb128 0x4109
 1099 00fc 01       		.byte	0x1
 1100 00fd 11       		.uleb128 0x11
 1101 00fe 01       		.uleb128 0x1
 1102 00ff 31       		.uleb128 0x31
 1103 0100 13       		.uleb128 0x13
 1104 0101 01       		.uleb128 0x1
 1105 0102 13       		.uleb128 0x13
 1106 0103 00       		.byte	0
 1107 0104 00       		.byte	0
 1108 0105 16       		.uleb128 0x16
 1109 0106 2E       		.uleb128 0x2e
 1110 0107 01       		.byte	0x1
 1111 0108 3F       		.uleb128 0x3f
 1112 0109 19       		.uleb128 0x19
 1113 010a 03       		.uleb128 0x3
 1114 010b 0E       		.uleb128 0xe
 1115 010c 3A       		.uleb128 0x3a
 1116 010d 0B       		.uleb128 0xb
 1117 010e 3B       		.uleb128 0x3b
 1118 010f 05       		.uleb128 0x5
 1119 0110 27       		.uleb128 0x27
 1120 0111 19       		.uleb128 0x19
 1121 0112 11       		.uleb128 0x11
 1122 0113 01       		.uleb128 0x1
 1123 0114 12       		.uleb128 0x12
 1124 0115 06       		.uleb128 0x6
 1125 0116 40       		.uleb128 0x40
 1126 0117 18       		.uleb128 0x18
ARM GAS  C:\Users\Administrator\AppData\Local\Temp\ccZ4opNx.s 			page 27


 1127 0118 9742     		.uleb128 0x2117
 1128 011a 19       		.uleb128 0x19
 1129 011b 01       		.uleb128 0x1
 1130 011c 13       		.uleb128 0x13
 1131 011d 00       		.byte	0
 1132 011e 00       		.byte	0
 1133 011f 17       		.uleb128 0x17
 1134 0120 0B       		.uleb128 0xb
 1135 0121 01       		.byte	0x1
 1136 0122 11       		.uleb128 0x11
 1137 0123 01       		.uleb128 0x1
 1138 0124 12       		.uleb128 0x12
 1139 0125 06       		.uleb128 0x6
 1140 0126 01       		.uleb128 0x1
 1141 0127 13       		.uleb128 0x13
 1142 0128 00       		.byte	0
 1143 0129 00       		.byte	0
 1144 012a 18       		.uleb128 0x18
 1145 012b 34       		.uleb128 0x34
 1146 012c 00       		.byte	0
 1147 012d 03       		.uleb128 0x3
 1148 012e 0E       		.uleb128 0xe
 1149 012f 3A       		.uleb128 0x3a
 1150 0130 0B       		.uleb128 0xb
 1151 0131 3B       		.uleb128 0x3b
 1152 0132 05       		.uleb128 0x5
 1153 0133 49       		.uleb128 0x49
 1154 0134 13       		.uleb128 0x13
 1155 0135 02       		.uleb128 0x2
 1156 0136 18       		.uleb128 0x18
 1157 0137 00       		.byte	0
 1158 0138 00       		.byte	0
 1159 0139 19       		.uleb128 0x19
 1160 013a 13       		.uleb128 0x13
 1161 013b 01       		.byte	0x1
 1162 013c 0B       		.uleb128 0xb
 1163 013d 0B       		.uleb128 0xb
 1164 013e 3A       		.uleb128 0x3a
 1165 013f 0B       		.uleb128 0xb
 1166 0140 3B       		.uleb128 0x3b
 1167 0141 05       		.uleb128 0x5
 1168 0142 01       		.uleb128 0x1
 1169 0143 13       		.uleb128 0x13
 1170 0144 00       		.byte	0
 1171 0145 00       		.byte	0
 1172 0146 1A       		.uleb128 0x1a
 1173 0147 0D       		.uleb128 0xd
 1174 0148 00       		.byte	0
 1175 0149 03       		.uleb128 0x3
 1176 014a 0E       		.uleb128 0xe
 1177 014b 3A       		.uleb128 0x3a
 1178 014c 0B       		.uleb128 0xb
 1179 014d 3B       		.uleb128 0x3b
 1180 014e 05       		.uleb128 0x5
 1181 014f 49       		.uleb128 0x49
 1182 0150 13       		.uleb128 0x13
 1183 0151 38       		.uleb128 0x38
ARM GAS  C:\Users\Administrator\AppData\Local\Temp\ccZ4opNx.s 			page 28


 1184 0152 0B       		.uleb128 0xb
 1185 0153 00       		.byte	0
 1186 0154 00       		.byte	0
 1187 0155 1B       		.uleb128 0x1b
 1188 0156 01       		.uleb128 0x1
 1189 0157 01       		.byte	0x1
 1190 0158 49       		.uleb128 0x49
 1191 0159 13       		.uleb128 0x13
 1192 015a 01       		.uleb128 0x1
 1193 015b 13       		.uleb128 0x13
 1194 015c 00       		.byte	0
 1195 015d 00       		.byte	0
 1196 015e 1C       		.uleb128 0x1c
 1197 015f 21       		.uleb128 0x21
 1198 0160 00       		.byte	0
 1199 0161 49       		.uleb128 0x49
 1200 0162 13       		.uleb128 0x13
 1201 0163 2F       		.uleb128 0x2f
 1202 0164 0B       		.uleb128 0xb
 1203 0165 00       		.byte	0
 1204 0166 00       		.byte	0
 1205 0167 1D       		.uleb128 0x1d
 1206 0168 34       		.uleb128 0x34
 1207 0169 00       		.byte	0
 1208 016a 03       		.uleb128 0x3
 1209 016b 08       		.uleb128 0x8
 1210 016c 3A       		.uleb128 0x3a
 1211 016d 0B       		.uleb128 0xb
 1212 016e 3B       		.uleb128 0x3b
 1213 016f 05       		.uleb128 0x5
 1214 0170 49       		.uleb128 0x49
 1215 0171 13       		.uleb128 0x13
 1216 0172 02       		.uleb128 0x2
 1217 0173 17       		.uleb128 0x17
 1218 0174 00       		.byte	0
 1219 0175 00       		.byte	0
 1220 0176 1E       		.uleb128 0x1e
 1221 0177 898201   		.uleb128 0x4109
 1222 017a 00       		.byte	0
 1223 017b 11       		.uleb128 0x11
 1224 017c 01       		.uleb128 0x1
 1225 017d 31       		.uleb128 0x31
 1226 017e 13       		.uleb128 0x13
 1227 017f 00       		.byte	0
 1228 0180 00       		.byte	0
 1229 0181 1F       		.uleb128 0x1f
 1230 0182 2E       		.uleb128 0x2e
 1231 0183 01       		.byte	0x1
 1232 0184 3F       		.uleb128 0x3f
 1233 0185 19       		.uleb128 0x19
 1234 0186 03       		.uleb128 0x3
 1235 0187 0E       		.uleb128 0xe
 1236 0188 27       		.uleb128 0x27
 1237 0189 19       		.uleb128 0x19
 1238 018a 49       		.uleb128 0x49
 1239 018b 13       		.uleb128 0x13
 1240 018c 34       		.uleb128 0x34
ARM GAS  C:\Users\Administrator\AppData\Local\Temp\ccZ4opNx.s 			page 29


 1241 018d 19       		.uleb128 0x19
 1242 018e 3C       		.uleb128 0x3c
 1243 018f 19       		.uleb128 0x19
 1244 0190 01       		.uleb128 0x1
 1245 0191 13       		.uleb128 0x13
 1246 0192 00       		.byte	0
 1247 0193 00       		.byte	0
 1248 0194 20       		.uleb128 0x20
 1249 0195 05       		.uleb128 0x5
 1250 0196 00       		.byte	0
 1251 0197 49       		.uleb128 0x49
 1252 0198 13       		.uleb128 0x13
 1253 0199 00       		.byte	0
 1254 019a 00       		.byte	0
 1255 019b 21       		.uleb128 0x21
 1256 019c 2E       		.uleb128 0x2e
 1257 019d 01       		.byte	0x1
 1258 019e 3F       		.uleb128 0x3f
 1259 019f 19       		.uleb128 0x19
 1260 01a0 03       		.uleb128 0x3
 1261 01a1 0E       		.uleb128 0xe
 1262 01a2 3A       		.uleb128 0x3a
 1263 01a3 0B       		.uleb128 0xb
 1264 01a4 3B       		.uleb128 0x3b
 1265 01a5 0B       		.uleb128 0xb
 1266 01a6 27       		.uleb128 0x27
 1267 01a7 19       		.uleb128 0x19
 1268 01a8 3C       		.uleb128 0x3c
 1269 01a9 19       		.uleb128 0x19
 1270 01aa 01       		.uleb128 0x1
 1271 01ab 13       		.uleb128 0x13
 1272 01ac 00       		.byte	0
 1273 01ad 00       		.byte	0
 1274 01ae 22       		.uleb128 0x22
 1275 01af 2E       		.uleb128 0x2e
 1276 01b0 01       		.byte	0x1
 1277 01b1 3F       		.uleb128 0x3f
 1278 01b2 19       		.uleb128 0x19
 1279 01b3 03       		.uleb128 0x3
 1280 01b4 0E       		.uleb128 0xe
 1281 01b5 3A       		.uleb128 0x3a
 1282 01b6 0B       		.uleb128 0xb
 1283 01b7 3B       		.uleb128 0x3b
 1284 01b8 0B       		.uleb128 0xb
 1285 01b9 27       		.uleb128 0x27
 1286 01ba 19       		.uleb128 0x19
 1287 01bb 49       		.uleb128 0x49
 1288 01bc 13       		.uleb128 0x13
 1289 01bd 3C       		.uleb128 0x3c
 1290 01be 19       		.uleb128 0x19
 1291 01bf 01       		.uleb128 0x1
 1292 01c0 13       		.uleb128 0x13
 1293 01c1 00       		.byte	0
 1294 01c2 00       		.byte	0
 1295 01c3 23       		.uleb128 0x23
 1296 01c4 2E       		.uleb128 0x2e
 1297 01c5 01       		.byte	0x1
ARM GAS  C:\Users\Administrator\AppData\Local\Temp\ccZ4opNx.s 			page 30


 1298 01c6 3F       		.uleb128 0x3f
 1299 01c7 19       		.uleb128 0x19
 1300 01c8 03       		.uleb128 0x3
 1301 01c9 0E       		.uleb128 0xe
 1302 01ca 3A       		.uleb128 0x3a
 1303 01cb 0B       		.uleb128 0xb
 1304 01cc 3B       		.uleb128 0x3b
 1305 01cd 0B       		.uleb128 0xb
 1306 01ce 27       		.uleb128 0x27
 1307 01cf 19       		.uleb128 0x19
 1308 01d0 3C       		.uleb128 0x3c
 1309 01d1 19       		.uleb128 0x19
 1310 01d2 00       		.byte	0
 1311 01d3 00       		.byte	0
 1312 01d4 00       		.byte	0
 1313              		.section	.debug_loc,"",%progbits
 1314              	.Ldebug_loc0:
 1315              	.LLST0:
 1316 0000 02000000 		.4byte	.LVL1
 1317 0004 08000000 		.4byte	.LVL2
 1318 0008 0200     		.2byte	0x2
 1319 000a 30       		.byte	0x30
 1320 000b 9F       		.byte	0x9f
 1321 000c 08000000 		.4byte	.LVL2
 1322 0010 30000000 		.4byte	.LVL11
 1323 0014 0100     		.2byte	0x1
 1324 0016 57       		.byte	0x57
 1325 0017 00000000 		.4byte	0
 1326 001b 00000000 		.4byte	0
 1327              	.LLST1:
 1328 001f 02000000 		.4byte	.LVL1
 1329 0023 08000000 		.4byte	.LVL2
 1330 0027 0200     		.2byte	0x2
 1331 0029 30       		.byte	0x30
 1332 002a 9F       		.byte	0x9f
 1333 002b 08000000 		.4byte	.LVL2
 1334 002f 30000000 		.4byte	.LVL10
 1335 0033 0100     		.2byte	0x1
 1336 0035 55       		.byte	0x55
 1337 0036 00000000 		.4byte	0
 1338 003a 00000000 		.4byte	0
 1339              	.LLST2:
 1340 003e 0C000000 		.4byte	.LVL3
 1341 0042 2C000000 		.4byte	.LVL9
 1342 0046 0100     		.2byte	0x1
 1343 0048 56       		.byte	0x56
 1344 0049 00000000 		.4byte	0
 1345 004d 00000000 		.4byte	0
 1346              	.LLST3:
 1347 0051 0E000000 		.4byte	.LVL4
 1348 0055 24000000 		.4byte	.LVL7
 1349 0059 0100     		.2byte	0x1
 1350 005b 53       		.byte	0x53
 1351 005c 26000000 		.4byte	.LVL8
 1352 0060 2C000000 		.4byte	.LVL9
 1353 0064 0100     		.2byte	0x1
 1354 0066 53       		.byte	0x53
ARM GAS  C:\Users\Administrator\AppData\Local\Temp\ccZ4opNx.s 			page 31


 1355 0067 00000000 		.4byte	0
 1356 006b 00000000 		.4byte	0
 1357              	.LLST4:
 1358 006f 00000000 		.4byte	.LVL12
 1359 0073 09000000 		.4byte	.LVL14-1
 1360 0077 0100     		.2byte	0x1
 1361 0079 50       		.byte	0x50
 1362 007a 09000000 		.4byte	.LVL14-1
 1363 007e 0C000000 		.4byte	.LFE0
 1364 0082 0400     		.2byte	0x4
 1365 0084 F3       		.byte	0xf3
 1366 0085 01       		.uleb128 0x1
 1367 0086 50       		.byte	0x50
 1368 0087 9F       		.byte	0x9f
 1369 0088 00000000 		.4byte	0
 1370 008c 00000000 		.4byte	0
 1371              	.LLST5:
 1372 0090 00000000 		.4byte	.LVL12
 1373 0094 06000000 		.4byte	.LVL13
 1374 0098 0100     		.2byte	0x1
 1375 009a 51       		.byte	0x51
 1376 009b 06000000 		.4byte	.LVL13
 1377 009f 09000000 		.4byte	.LVL14-1
 1378 00a3 0100     		.2byte	0x1
 1379 00a5 52       		.byte	0x52
 1380 00a6 09000000 		.4byte	.LVL14-1
 1381 00aa 0C000000 		.4byte	.LFE0
 1382 00ae 0400     		.2byte	0x4
 1383 00b0 F3       		.byte	0xf3
 1384 00b1 01       		.uleb128 0x1
 1385 00b2 51       		.byte	0x51
 1386 00b3 9F       		.byte	0x9f
 1387 00b4 00000000 		.4byte	0
 1388 00b8 00000000 		.4byte	0
 1389              	.LLST6:
 1390 00bc 7C000000 		.4byte	.LVL18
 1391 00c0 80000000 		.4byte	.LVL19
 1392 00c4 0200     		.2byte	0x2
 1393 00c6 30       		.byte	0x30
 1394 00c7 9F       		.byte	0x9f
 1395 00c8 80000000 		.4byte	.LVL19
 1396 00cc A0000000 		.4byte	.LVL21
 1397 00d0 0100     		.2byte	0x1
 1398 00d2 54       		.byte	0x54
 1399 00d3 A2000000 		.4byte	.LVL22
 1400 00d7 E6000000 		.4byte	.LVL24
 1401 00db 0100     		.2byte	0x1
 1402 00dd 54       		.byte	0x54
 1403 00de 00000000 		.4byte	0
 1404 00e2 00000000 		.4byte	0
 1405              	.LLST7:
 1406 00e6 80000000 		.4byte	.LVL19
 1407 00ea A0000000 		.4byte	.LVL21
 1408 00ee 0B00     		.2byte	0xb
 1409 00f0 74       		.byte	0x74
 1410 00f1 00       		.sleb128 0
 1411 00f2 36       		.byte	0x36
ARM GAS  C:\Users\Administrator\AppData\Local\Temp\ccZ4opNx.s 			page 32


 1412 00f3 1E       		.byte	0x1e
 1413 00f4 03       		.byte	0x3
 1414 00f5 00000000 		.4byte	cfg_memset_list.4739
 1415 00f9 22       		.byte	0x22
 1416 00fa 9F       		.byte	0x9f
 1417 00fb A0000000 		.4byte	.LVL21
 1418 00ff A2000000 		.4byte	.LVL22
 1419 0103 0B00     		.2byte	0xb
 1420 0105 74       		.byte	0x74
 1421 0106 7F       		.sleb128 -1
 1422 0107 36       		.byte	0x36
 1423 0108 1E       		.byte	0x1e
 1424 0109 03       		.byte	0x3
 1425 010a 00000000 		.4byte	cfg_memset_list.4739
 1426 010e 22       		.byte	0x22
 1427 010f 9F       		.byte	0x9f
 1428 0110 00000000 		.4byte	0
 1429 0114 00000000 		.4byte	0
 1430              		.section	.debug_aranges,"",%progbits
 1431 0000 34000000 		.4byte	0x34
 1432 0004 0200     		.2byte	0x2
 1433 0006 00000000 		.4byte	.Ldebug_info0
 1434 000a 04       		.byte	0x4
 1435 000b 00       		.byte	0
 1436 000c 0000     		.2byte	0
 1437 000e 0000     		.2byte	0
 1438 0010 00000000 		.4byte	.LFB3
 1439 0014 32000000 		.4byte	.LFE3-.LFB3
 1440 0018 00000000 		.4byte	.LFB0
 1441 001c 0C000000 		.4byte	.LFE0-.LFB0
 1442 0020 00000000 		.4byte	.LFB4
 1443 0024 78000000 		.4byte	.LFE4-.LFB4
 1444 0028 78000000 		.4byte	.LFB6
 1445 002c 04010000 		.4byte	.LFE6-.LFB6
 1446 0030 00000000 		.4byte	0
 1447 0034 00000000 		.4byte	0
 1448              		.section	.debug_ranges,"",%progbits
 1449              	.Ldebug_ranges0:
 1450 0000 00000000 		.4byte	.LFB3
 1451 0004 32000000 		.4byte	.LFE3
 1452 0008 00000000 		.4byte	.LFB0
 1453 000c 0C000000 		.4byte	.LFE0
 1454 0010 00000000 		.4byte	.LFB4
 1455 0014 78000000 		.4byte	.LFE4
 1456 0018 78000000 		.4byte	.LFB6
 1457 001c 7C010000 		.4byte	.LFE6
 1458 0020 00000000 		.4byte	0
 1459 0024 00000000 		.4byte	0
 1460              		.section	.debug_line,"",%progbits
 1461              	.Ldebug_line0:
 1462 0000 4A010000 		.section	.debug_str,"MS",%progbits,1
 1462      0200C000 
 1462      00000201 
 1462      FB0E0D00 
 1462      01010101 
 1463              	.LASF18:
 1464 0000 72656733 		.ascii	"reg32\000"
ARM GAS  C:\Users\Administrator\AppData\Local\Temp\ccZ4opNx.s 			page 33


 1464      3200
 1465              	.LASF11:
 1466 0006 73697A65 		.ascii	"size_t\000"
 1466      5F7400
 1467              	.LASF42:
 1468 000d 4379496E 		.ascii	"CyIntSetVector\000"
 1468      74536574 
 1468      56656374 
 1468      6F7200
 1469              	.LASF21:
 1470 001c 76616C75 		.ascii	"value\000"
 1470      6500
 1471              	.LASF26:
 1472 0022 636F756E 		.ascii	"count\000"
 1472      7400
 1473              	.LASF29:
 1474 0028 436C6F63 		.ascii	"ClockSetup\000"
 1474      6B536574 
 1474      757000
 1475              	.LASF30:
 1476 0033 63795F63 		.ascii	"cy_cfg_addr_table\000"
 1476      66675F61 
 1476      6464725F 
 1476      7461626C 
 1476      6500
 1477              	.LASF31:
 1478 0045 63795F63 		.ascii	"cy_cfg_data_table\000"
 1478      66675F64 
 1478      6174615F 
 1478      7461626C 
 1478      6500
 1479              	.LASF22:
 1480 0057 63795F63 		.ascii	"cy_cfg_addrvalue_t\000"
 1480      66675F61 
 1480      64647276 
 1480      616C7565 
 1480      5F7400
 1481              	.LASF15:
 1482 006a 666C6F61 		.ascii	"float\000"
 1482      7400
 1483              	.LASF35:
 1484 0070 6366675F 		.ascii	"cfg_memset_list\000"
 1484      6D656D73 
 1484      65745F6C 
 1484      69737400 
 1485              	.LASF33:
 1486 0080 73697A65 		.ascii	"size\000"
 1486      00
 1487              	.LASF17:
 1488 0085 72656738 		.ascii	"reg8\000"
 1488      00
 1489              	.LASF6:
 1490 008a 6C6F6E67 		.ascii	"long unsigned int\000"
 1490      20756E73 
 1490      69676E65 
 1490      6420696E 
 1490      7400
ARM GAS  C:\Users\Administrator\AppData\Local\Temp\ccZ4opNx.s 			page 34


 1491              	.LASF12:
 1492 009c 75696E74 		.ascii	"uint8\000"
 1492      3800
 1493              	.LASF28:
 1494 00a2 43594D45 		.ascii	"CYMEMZERO\000"
 1494      4D5A4552 
 1494      4F00
 1495              	.LASF2:
 1496 00ac 756E7369 		.ascii	"unsigned char\000"
 1496      676E6564 
 1496      20636861 
 1496      7200
 1497              	.LASF36:
 1498 00ba 6D656D73 		.ascii	"memset\000"
 1498      657400
 1499              	.LASF16:
 1500 00c1 646F7562 		.ascii	"double\000"
 1500      6C6500
 1501              	.LASF27:
 1502 00c8 6366675F 		.ascii	"cfg_write_bytes32\000"
 1502      77726974 
 1502      655F6279 
 1502      74657333 
 1502      3200
 1503              	.LASF43:
 1504 00da 4379496E 		.ascii	"CyIntEnable\000"
 1504      74456E61 
 1504      626C6500 
 1505              	.LASF23:
 1506 00e6 61646472 		.ascii	"addr_table\000"
 1506      5F746162 
 1506      6C6500
 1507              	.LASF13:
 1508 00f1 75696E74 		.ascii	"uint16\000"
 1508      313600
 1509              	.LASF24:
 1510 00f8 64617461 		.ascii	"data_table\000"
 1510      5F746162 
 1510      6C6500
 1511              	.LASF14:
 1512 0103 75696E74 		.ascii	"uint32\000"
 1512      333200
 1513              	.LASF0:
 1514 010a 756E7369 		.ascii	"unsigned int\000"
 1514      676E6564 
 1514      20696E74 
 1514      00
 1515              	.LASF41:
 1516 0117 63796669 		.ascii	"cyfitter_cfg\000"
 1516      74746572 
 1516      5F636667 
 1516      00
 1517              	.LASF32:
 1518 0124 61646472 		.ascii	"address\000"
 1518      65737300 
 1519              	.LASF8:
 1520 012c 6C6F6E67 		.ascii	"long long unsigned int\000"
ARM GAS  C:\Users\Administrator\AppData\Local\Temp\ccZ4opNx.s 			page 35


 1520      206C6F6E 
 1520      6720756E 
 1520      7369676E 
 1520      65642069 
 1521              	.LASF19:
 1522 0143 63796973 		.ascii	"cyisraddress\000"
 1522      72616464 
 1522      72657373 
 1522      00
 1523              	.LASF34:
 1524 0150 6366675F 		.ascii	"cfg_memset_t\000"
 1524      6D656D73 
 1524      65745F74 
 1524      00
 1525              	.LASF25:
 1526 015d 62617365 		.ascii	"baseAddr\000"
 1526      41646472 
 1526      00
 1527              	.LASF9:
 1528 0166 73697A65 		.ascii	"sizetype\000"
 1528      74797065 
 1528      00
 1529              	.LASF39:
 1530 016f 2E5C4765 		.ascii	".\\Generated_Source\\PSoC4\\cyfitter_cfg.c\000"
 1530      6E657261 
 1530      7465645F 
 1530      536F7572 
 1530      63655C50 
 1531              	.LASF7:
 1532 0197 6C6F6E67 		.ascii	"long long int\000"
 1532      206C6F6E 
 1532      6720696E 
 1532      7400
 1533              	.LASF10:
 1534 01a5 63686172 		.ascii	"char\000"
 1534      00
 1535              	.LASF38:
 1536 01aa 474E5520 		.ascii	"GNU C 4.9.3 20150303 (release) [ARM/embedded-4_9-br"
 1536      4320342E 
 1536      392E3320 
 1536      32303135 
 1536      30333033 
 1537 01dd 616E6368 		.ascii	"anch revision 221220] -mcpu=cortex-m0 -mthumb -g -O"
 1537      20726576 
 1537      6973696F 
 1537      6E203232 
 1537      31323230 
 1538 0210 67202D66 		.ascii	"g -ffunction-sections -ffat-lto-objects\000"
 1538      66756E63 
 1538      74696F6E 
 1538      2D736563 
 1538      74696F6E 
 1539              	.LASF20:
 1540 0238 6F666673 		.ascii	"offset\000"
 1540      657400
 1541              	.LASF3:
 1542 023f 73686F72 		.ascii	"short int\000"
ARM GAS  C:\Users\Administrator\AppData\Local\Temp\ccZ4opNx.s 			page 36


 1542      7420696E 
 1542      7400
 1543              	.LASF37:
 1544 0249 43795379 		.ascii	"CySysClkWriteImoFreq\000"
 1544      73436C6B 
 1544      57726974 
 1544      65496D6F 
 1544      46726571 
 1545              	.LASF5:
 1546 025e 6C6F6E67 		.ascii	"long int\000"
 1546      20696E74 
 1546      00
 1547              	.LASF1:
 1548 0267 7369676E 		.ascii	"signed char\000"
 1548      65642063 
 1548      68617200 
 1549              	.LASF4:
 1550 0273 73686F72 		.ascii	"short unsigned int\000"
 1550      7420756E 
 1550      7369676E 
 1550      65642069 
 1550      6E7400
 1551              	.LASF40:
 1552 0286 433A5C55 		.ascii	"C:\\Users\\Administrator\\Documents\\PSoC Creator\\"
 1552      73657273 
 1552      5C41646D 
 1552      696E6973 
 1552      74726174 
 1553 02b4 44455649 		.ascii	"DEVICE01\\Design01.cydsn\000"
 1553      43453031 
 1553      5C446573 
 1553      69676E30 
 1553      312E6379 
 1554              		.ident	"GCC: (GNU Tools for ARM Embedded Processors) 4.9.3 20150303 (release) [ARM/embedded-4_9-br
