ARM GAS  C:\Users\Administrator\AppData\Local\Temp\cc6qiYyN.s 			page 1


   1              		.cpu cortex-m0
   2              		.fpu softvfp
   3              		.eabi_attribute 20, 1
   4              		.eabi_attribute 21, 1
   5              		.eabi_attribute 23, 3
   6              		.eabi_attribute 24, 1
   7              		.eabi_attribute 25, 1
   8              		.eabi_attribute 26, 1
   9              		.eabi_attribute 30, 1
  10              		.eabi_attribute 34, 0
  11              		.eabi_attribute 18, 4
  12              		.code	16
  13              		.file	"UART_SCB_IRQ.c"
  14              		.text
  15              	.Ltext0:
  16              		.cfi_sections	.debug_frame
  17              		.section	.text.UART_SCB_IRQ_SetVector,"ax",%progbits
  18              		.align	2
  19              		.global	UART_SCB_IRQ_SetVector
  20              		.code	16
  21              		.thumb_func
  22              		.type	UART_SCB_IRQ_SetVector, %function
  23              	UART_SCB_IRQ_SetVector:
  24              	.LFB3:
  25              		.file 1 ".\\Generated_Source\\PSoC4\\UART_SCB_IRQ.c"
   1:.\Generated_Source\PSoC4/UART_SCB_IRQ.c **** /*******************************************************************************
   2:.\Generated_Source\PSoC4/UART_SCB_IRQ.c **** * File Name: UART_SCB_IRQ.c  
   3:.\Generated_Source\PSoC4/UART_SCB_IRQ.c **** * Version 1.70
   4:.\Generated_Source\PSoC4/UART_SCB_IRQ.c **** *
   5:.\Generated_Source\PSoC4/UART_SCB_IRQ.c **** *  Description:
   6:.\Generated_Source\PSoC4/UART_SCB_IRQ.c **** *   API for controlling the state of an interrupt.
   7:.\Generated_Source\PSoC4/UART_SCB_IRQ.c **** *
   8:.\Generated_Source\PSoC4/UART_SCB_IRQ.c **** *
   9:.\Generated_Source\PSoC4/UART_SCB_IRQ.c **** *  Note:
  10:.\Generated_Source\PSoC4/UART_SCB_IRQ.c **** *
  11:.\Generated_Source\PSoC4/UART_SCB_IRQ.c **** ********************************************************************************
  12:.\Generated_Source\PSoC4/UART_SCB_IRQ.c **** * Copyright 2008-2015, Cypress Semiconductor Corporation.  All rights reserved.
  13:.\Generated_Source\PSoC4/UART_SCB_IRQ.c **** * You may use this file only in accordance with the license, terms, conditions, 
  14:.\Generated_Source\PSoC4/UART_SCB_IRQ.c **** * disclaimers, and limitations in the end user license agreement accompanying 
  15:.\Generated_Source\PSoC4/UART_SCB_IRQ.c **** * the software package with which this file was provided.
  16:.\Generated_Source\PSoC4/UART_SCB_IRQ.c **** *******************************************************************************/
  17:.\Generated_Source\PSoC4/UART_SCB_IRQ.c **** 
  18:.\Generated_Source\PSoC4/UART_SCB_IRQ.c **** 
  19:.\Generated_Source\PSoC4/UART_SCB_IRQ.c **** #include <cydevice_trm.h>
  20:.\Generated_Source\PSoC4/UART_SCB_IRQ.c **** #include <CyLib.h>
  21:.\Generated_Source\PSoC4/UART_SCB_IRQ.c **** #include <UART_SCB_IRQ.h>
  22:.\Generated_Source\PSoC4/UART_SCB_IRQ.c **** #include "cyapicallbacks.h"
  23:.\Generated_Source\PSoC4/UART_SCB_IRQ.c **** 
  24:.\Generated_Source\PSoC4/UART_SCB_IRQ.c **** #if !defined(UART_SCB_IRQ__REMOVED) /* Check for removal by optimization */
  25:.\Generated_Source\PSoC4/UART_SCB_IRQ.c **** 
  26:.\Generated_Source\PSoC4/UART_SCB_IRQ.c **** /*******************************************************************************
  27:.\Generated_Source\PSoC4/UART_SCB_IRQ.c **** *  Place your includes, defines and code here 
  28:.\Generated_Source\PSoC4/UART_SCB_IRQ.c **** ********************************************************************************/
  29:.\Generated_Source\PSoC4/UART_SCB_IRQ.c **** /* `#START UART_SCB_IRQ_intc` */
  30:.\Generated_Source\PSoC4/UART_SCB_IRQ.c **** 
  31:.\Generated_Source\PSoC4/UART_SCB_IRQ.c **** /* `#END` */
  32:.\Generated_Source\PSoC4/UART_SCB_IRQ.c **** 
ARM GAS  C:\Users\Administrator\AppData\Local\Temp\cc6qiYyN.s 			page 2


  33:.\Generated_Source\PSoC4/UART_SCB_IRQ.c **** extern cyisraddress CyRamVectors[CYINT_IRQ_BASE + CY_NUM_INTERRUPTS];
  34:.\Generated_Source\PSoC4/UART_SCB_IRQ.c **** 
  35:.\Generated_Source\PSoC4/UART_SCB_IRQ.c **** /* Declared in startup, used to set unused interrupts to. */
  36:.\Generated_Source\PSoC4/UART_SCB_IRQ.c **** CY_ISR_PROTO(IntDefaultHandler);
  37:.\Generated_Source\PSoC4/UART_SCB_IRQ.c **** 
  38:.\Generated_Source\PSoC4/UART_SCB_IRQ.c **** 
  39:.\Generated_Source\PSoC4/UART_SCB_IRQ.c **** /*******************************************************************************
  40:.\Generated_Source\PSoC4/UART_SCB_IRQ.c **** * Function Name: UART_SCB_IRQ_Start
  41:.\Generated_Source\PSoC4/UART_SCB_IRQ.c **** ********************************************************************************
  42:.\Generated_Source\PSoC4/UART_SCB_IRQ.c **** *
  43:.\Generated_Source\PSoC4/UART_SCB_IRQ.c **** * Summary:
  44:.\Generated_Source\PSoC4/UART_SCB_IRQ.c **** *  Set up the interrupt and enable it. This function disables the interrupt, 
  45:.\Generated_Source\PSoC4/UART_SCB_IRQ.c **** *  sets the default interrupt vector, sets the priority from the value in the
  46:.\Generated_Source\PSoC4/UART_SCB_IRQ.c **** *  Design Wide Resources Interrupt Editor, then enables the interrupt to the 
  47:.\Generated_Source\PSoC4/UART_SCB_IRQ.c **** *  interrupt controller.
  48:.\Generated_Source\PSoC4/UART_SCB_IRQ.c **** *
  49:.\Generated_Source\PSoC4/UART_SCB_IRQ.c **** * Parameters:  
  50:.\Generated_Source\PSoC4/UART_SCB_IRQ.c **** *   None
  51:.\Generated_Source\PSoC4/UART_SCB_IRQ.c **** *
  52:.\Generated_Source\PSoC4/UART_SCB_IRQ.c **** * Return:
  53:.\Generated_Source\PSoC4/UART_SCB_IRQ.c **** *   None
  54:.\Generated_Source\PSoC4/UART_SCB_IRQ.c **** *
  55:.\Generated_Source\PSoC4/UART_SCB_IRQ.c **** *******************************************************************************/
  56:.\Generated_Source\PSoC4/UART_SCB_IRQ.c **** void UART_SCB_IRQ_Start(void)
  57:.\Generated_Source\PSoC4/UART_SCB_IRQ.c **** {
  58:.\Generated_Source\PSoC4/UART_SCB_IRQ.c ****     /* For all we know the interrupt is active. */
  59:.\Generated_Source\PSoC4/UART_SCB_IRQ.c ****     UART_SCB_IRQ_Disable();
  60:.\Generated_Source\PSoC4/UART_SCB_IRQ.c **** 
  61:.\Generated_Source\PSoC4/UART_SCB_IRQ.c ****     /* Set the ISR to point to the UART_SCB_IRQ Interrupt. */
  62:.\Generated_Source\PSoC4/UART_SCB_IRQ.c ****     UART_SCB_IRQ_SetVector(&UART_SCB_IRQ_Interrupt);
  63:.\Generated_Source\PSoC4/UART_SCB_IRQ.c **** 
  64:.\Generated_Source\PSoC4/UART_SCB_IRQ.c ****     /* Set the priority. */
  65:.\Generated_Source\PSoC4/UART_SCB_IRQ.c ****     UART_SCB_IRQ_SetPriority((uint8)UART_SCB_IRQ_INTC_PRIOR_NUMBER);
  66:.\Generated_Source\PSoC4/UART_SCB_IRQ.c **** 
  67:.\Generated_Source\PSoC4/UART_SCB_IRQ.c ****     /* Enable it. */
  68:.\Generated_Source\PSoC4/UART_SCB_IRQ.c ****     UART_SCB_IRQ_Enable();
  69:.\Generated_Source\PSoC4/UART_SCB_IRQ.c **** }
  70:.\Generated_Source\PSoC4/UART_SCB_IRQ.c **** 
  71:.\Generated_Source\PSoC4/UART_SCB_IRQ.c **** 
  72:.\Generated_Source\PSoC4/UART_SCB_IRQ.c **** /*******************************************************************************
  73:.\Generated_Source\PSoC4/UART_SCB_IRQ.c **** * Function Name: UART_SCB_IRQ_StartEx
  74:.\Generated_Source\PSoC4/UART_SCB_IRQ.c **** ********************************************************************************
  75:.\Generated_Source\PSoC4/UART_SCB_IRQ.c **** *
  76:.\Generated_Source\PSoC4/UART_SCB_IRQ.c **** * Summary:
  77:.\Generated_Source\PSoC4/UART_SCB_IRQ.c **** *  Sets up the interrupt and enables it. This function disables the interrupt,
  78:.\Generated_Source\PSoC4/UART_SCB_IRQ.c **** *  sets the interrupt vector based on the address passed in, sets the priority 
  79:.\Generated_Source\PSoC4/UART_SCB_IRQ.c **** *  from the value in the Design Wide Resources Interrupt Editor, then enables 
  80:.\Generated_Source\PSoC4/UART_SCB_IRQ.c **** *  the interrupt to the interrupt controller.
  81:.\Generated_Source\PSoC4/UART_SCB_IRQ.c **** *  
  82:.\Generated_Source\PSoC4/UART_SCB_IRQ.c **** *  When defining ISR functions, the CY_ISR and CY_ISR_PROTO macros should be 
  83:.\Generated_Source\PSoC4/UART_SCB_IRQ.c **** *  used to provide consistent definition across compilers:
  84:.\Generated_Source\PSoC4/UART_SCB_IRQ.c **** *  
  85:.\Generated_Source\PSoC4/UART_SCB_IRQ.c **** *  Function definition example:
  86:.\Generated_Source\PSoC4/UART_SCB_IRQ.c **** *   CY_ISR(MyISR)
  87:.\Generated_Source\PSoC4/UART_SCB_IRQ.c **** *   {
  88:.\Generated_Source\PSoC4/UART_SCB_IRQ.c **** *   }
  89:.\Generated_Source\PSoC4/UART_SCB_IRQ.c **** *   Function prototype example:
ARM GAS  C:\Users\Administrator\AppData\Local\Temp\cc6qiYyN.s 			page 3


  90:.\Generated_Source\PSoC4/UART_SCB_IRQ.c **** *   CY_ISR_PROTO(MyISR);
  91:.\Generated_Source\PSoC4/UART_SCB_IRQ.c **** *
  92:.\Generated_Source\PSoC4/UART_SCB_IRQ.c **** * Parameters:  
  93:.\Generated_Source\PSoC4/UART_SCB_IRQ.c **** *   address: Address of the ISR to set in the interrupt vector table.
  94:.\Generated_Source\PSoC4/UART_SCB_IRQ.c **** *
  95:.\Generated_Source\PSoC4/UART_SCB_IRQ.c **** * Return:
  96:.\Generated_Source\PSoC4/UART_SCB_IRQ.c **** *   None
  97:.\Generated_Source\PSoC4/UART_SCB_IRQ.c **** *
  98:.\Generated_Source\PSoC4/UART_SCB_IRQ.c **** *******************************************************************************/
  99:.\Generated_Source\PSoC4/UART_SCB_IRQ.c **** void UART_SCB_IRQ_StartEx(cyisraddress address)
 100:.\Generated_Source\PSoC4/UART_SCB_IRQ.c **** {
 101:.\Generated_Source\PSoC4/UART_SCB_IRQ.c ****     /* For all we know the interrupt is active. */
 102:.\Generated_Source\PSoC4/UART_SCB_IRQ.c ****     UART_SCB_IRQ_Disable();
 103:.\Generated_Source\PSoC4/UART_SCB_IRQ.c **** 
 104:.\Generated_Source\PSoC4/UART_SCB_IRQ.c ****     /* Set the ISR to point to the UART_SCB_IRQ Interrupt. */
 105:.\Generated_Source\PSoC4/UART_SCB_IRQ.c ****     UART_SCB_IRQ_SetVector(address);
 106:.\Generated_Source\PSoC4/UART_SCB_IRQ.c **** 
 107:.\Generated_Source\PSoC4/UART_SCB_IRQ.c ****     /* Set the priority. */
 108:.\Generated_Source\PSoC4/UART_SCB_IRQ.c ****     UART_SCB_IRQ_SetPriority((uint8)UART_SCB_IRQ_INTC_PRIOR_NUMBER);
 109:.\Generated_Source\PSoC4/UART_SCB_IRQ.c **** 
 110:.\Generated_Source\PSoC4/UART_SCB_IRQ.c ****     /* Enable it. */
 111:.\Generated_Source\PSoC4/UART_SCB_IRQ.c ****     UART_SCB_IRQ_Enable();
 112:.\Generated_Source\PSoC4/UART_SCB_IRQ.c **** }
 113:.\Generated_Source\PSoC4/UART_SCB_IRQ.c **** 
 114:.\Generated_Source\PSoC4/UART_SCB_IRQ.c **** 
 115:.\Generated_Source\PSoC4/UART_SCB_IRQ.c **** /*******************************************************************************
 116:.\Generated_Source\PSoC4/UART_SCB_IRQ.c **** * Function Name: UART_SCB_IRQ_Stop
 117:.\Generated_Source\PSoC4/UART_SCB_IRQ.c **** ********************************************************************************
 118:.\Generated_Source\PSoC4/UART_SCB_IRQ.c **** *
 119:.\Generated_Source\PSoC4/UART_SCB_IRQ.c **** * Summary:
 120:.\Generated_Source\PSoC4/UART_SCB_IRQ.c **** *   Disables and removes the interrupt.
 121:.\Generated_Source\PSoC4/UART_SCB_IRQ.c **** *
 122:.\Generated_Source\PSoC4/UART_SCB_IRQ.c **** * Parameters:  
 123:.\Generated_Source\PSoC4/UART_SCB_IRQ.c **** *   None
 124:.\Generated_Source\PSoC4/UART_SCB_IRQ.c **** *
 125:.\Generated_Source\PSoC4/UART_SCB_IRQ.c **** * Return:
 126:.\Generated_Source\PSoC4/UART_SCB_IRQ.c **** *   None
 127:.\Generated_Source\PSoC4/UART_SCB_IRQ.c **** *
 128:.\Generated_Source\PSoC4/UART_SCB_IRQ.c **** *******************************************************************************/
 129:.\Generated_Source\PSoC4/UART_SCB_IRQ.c **** void UART_SCB_IRQ_Stop(void)
 130:.\Generated_Source\PSoC4/UART_SCB_IRQ.c **** {
 131:.\Generated_Source\PSoC4/UART_SCB_IRQ.c ****     /* Disable this interrupt. */
 132:.\Generated_Source\PSoC4/UART_SCB_IRQ.c ****     UART_SCB_IRQ_Disable();
 133:.\Generated_Source\PSoC4/UART_SCB_IRQ.c **** 
 134:.\Generated_Source\PSoC4/UART_SCB_IRQ.c ****     /* Set the ISR to point to the passive one. */
 135:.\Generated_Source\PSoC4/UART_SCB_IRQ.c ****     UART_SCB_IRQ_SetVector(&IntDefaultHandler);
 136:.\Generated_Source\PSoC4/UART_SCB_IRQ.c **** }
 137:.\Generated_Source\PSoC4/UART_SCB_IRQ.c **** 
 138:.\Generated_Source\PSoC4/UART_SCB_IRQ.c **** 
 139:.\Generated_Source\PSoC4/UART_SCB_IRQ.c **** /*******************************************************************************
 140:.\Generated_Source\PSoC4/UART_SCB_IRQ.c **** * Function Name: UART_SCB_IRQ_Interrupt
 141:.\Generated_Source\PSoC4/UART_SCB_IRQ.c **** ********************************************************************************
 142:.\Generated_Source\PSoC4/UART_SCB_IRQ.c **** *
 143:.\Generated_Source\PSoC4/UART_SCB_IRQ.c **** * Summary:
 144:.\Generated_Source\PSoC4/UART_SCB_IRQ.c **** *   The default Interrupt Service Routine for UART_SCB_IRQ.
 145:.\Generated_Source\PSoC4/UART_SCB_IRQ.c **** *
 146:.\Generated_Source\PSoC4/UART_SCB_IRQ.c **** *   Add custom code between the START and END comments to keep the next version
ARM GAS  C:\Users\Administrator\AppData\Local\Temp\cc6qiYyN.s 			page 4


 147:.\Generated_Source\PSoC4/UART_SCB_IRQ.c **** *   of this file from over-writing your code.
 148:.\Generated_Source\PSoC4/UART_SCB_IRQ.c **** *
 149:.\Generated_Source\PSoC4/UART_SCB_IRQ.c **** *   Note You may use either the default ISR by using this API, or you may define
 150:.\Generated_Source\PSoC4/UART_SCB_IRQ.c **** *   your own separate ISR through ISR_StartEx().
 151:.\Generated_Source\PSoC4/UART_SCB_IRQ.c **** *
 152:.\Generated_Source\PSoC4/UART_SCB_IRQ.c **** * Parameters:  
 153:.\Generated_Source\PSoC4/UART_SCB_IRQ.c **** *   None
 154:.\Generated_Source\PSoC4/UART_SCB_IRQ.c **** *
 155:.\Generated_Source\PSoC4/UART_SCB_IRQ.c **** * Return:
 156:.\Generated_Source\PSoC4/UART_SCB_IRQ.c **** *   None
 157:.\Generated_Source\PSoC4/UART_SCB_IRQ.c **** *
 158:.\Generated_Source\PSoC4/UART_SCB_IRQ.c **** *******************************************************************************/
 159:.\Generated_Source\PSoC4/UART_SCB_IRQ.c **** //CY_ISR(UART_SCB_IRQ_Interrupt)
 160:.\Generated_Source\PSoC4/UART_SCB_IRQ.c **** //{
 161:.\Generated_Source\PSoC4/UART_SCB_IRQ.c **** //    #ifdef UART_SCB_IRQ_INTERRUPT_INTERRUPT_CALLBACK
 162:.\Generated_Source\PSoC4/UART_SCB_IRQ.c **** //        UART_SCB_IRQ_Interrupt_InterruptCallback();
 163:.\Generated_Source\PSoC4/UART_SCB_IRQ.c **** //    #endif /* UART_SCB_IRQ_INTERRUPT_INTERRUPT_CALLBACK */ 
 164:.\Generated_Source\PSoC4/UART_SCB_IRQ.c **** //
 165:.\Generated_Source\PSoC4/UART_SCB_IRQ.c **** //    /*  Place your Interrupt code here. */
 166:.\Generated_Source\PSoC4/UART_SCB_IRQ.c **** //    /* `#START UART_SCB_IRQ_Interrupt` */
 167:.\Generated_Source\PSoC4/UART_SCB_IRQ.c **** ////
 168:.\Generated_Source\PSoC4/UART_SCB_IRQ.c **** //    /* `#END` */
 169:.\Generated_Source\PSoC4/UART_SCB_IRQ.c **** //}
 170:.\Generated_Source\PSoC4/UART_SCB_IRQ.c **** 
 171:.\Generated_Source\PSoC4/UART_SCB_IRQ.c **** 
 172:.\Generated_Source\PSoC4/UART_SCB_IRQ.c **** /*******************************************************************************
 173:.\Generated_Source\PSoC4/UART_SCB_IRQ.c **** * Function Name: UART_SCB_IRQ_SetVector
 174:.\Generated_Source\PSoC4/UART_SCB_IRQ.c **** ********************************************************************************
 175:.\Generated_Source\PSoC4/UART_SCB_IRQ.c **** *
 176:.\Generated_Source\PSoC4/UART_SCB_IRQ.c **** * Summary:
 177:.\Generated_Source\PSoC4/UART_SCB_IRQ.c **** *   Change the ISR vector for the Interrupt. Note calling UART_SCB_IRQ_Start
 178:.\Generated_Source\PSoC4/UART_SCB_IRQ.c **** *   will override any effect this method would have had. To set the vector 
 179:.\Generated_Source\PSoC4/UART_SCB_IRQ.c **** *   before the component has been started use UART_SCB_IRQ_StartEx instead.
 180:.\Generated_Source\PSoC4/UART_SCB_IRQ.c **** * 
 181:.\Generated_Source\PSoC4/UART_SCB_IRQ.c **** *   When defining ISR functions, the CY_ISR and CY_ISR_PROTO macros should be 
 182:.\Generated_Source\PSoC4/UART_SCB_IRQ.c **** *   used to provide consistent definition across compilers:
 183:.\Generated_Source\PSoC4/UART_SCB_IRQ.c **** *
 184:.\Generated_Source\PSoC4/UART_SCB_IRQ.c **** *   Function definition example:
 185:.\Generated_Source\PSoC4/UART_SCB_IRQ.c **** *   CY_ISR(MyISR)
 186:.\Generated_Source\PSoC4/UART_SCB_IRQ.c **** *   {
 187:.\Generated_Source\PSoC4/UART_SCB_IRQ.c **** *   }
 188:.\Generated_Source\PSoC4/UART_SCB_IRQ.c **** *
 189:.\Generated_Source\PSoC4/UART_SCB_IRQ.c **** *   Function prototype example:
 190:.\Generated_Source\PSoC4/UART_SCB_IRQ.c **** *     CY_ISR_PROTO(MyISR);
 191:.\Generated_Source\PSoC4/UART_SCB_IRQ.c **** *
 192:.\Generated_Source\PSoC4/UART_SCB_IRQ.c **** * Parameters:
 193:.\Generated_Source\PSoC4/UART_SCB_IRQ.c **** *   address: Address of the ISR to set in the interrupt vector table.
 194:.\Generated_Source\PSoC4/UART_SCB_IRQ.c **** *
 195:.\Generated_Source\PSoC4/UART_SCB_IRQ.c **** * Return:
 196:.\Generated_Source\PSoC4/UART_SCB_IRQ.c **** *   None
 197:.\Generated_Source\PSoC4/UART_SCB_IRQ.c **** *
 198:.\Generated_Source\PSoC4/UART_SCB_IRQ.c **** *******************************************************************************/
 199:.\Generated_Source\PSoC4/UART_SCB_IRQ.c **** void UART_SCB_IRQ_SetVector(cyisraddress address)
 200:.\Generated_Source\PSoC4/UART_SCB_IRQ.c **** {
  26              		.loc 1 200 0
  27              		.cfi_startproc
  28              	.LVL0:
ARM GAS  C:\Users\Administrator\AppData\Local\Temp\cc6qiYyN.s 			page 5


 201:.\Generated_Source\PSoC4/UART_SCB_IRQ.c ****     CyRamVectors[CYINT_IRQ_BASE + UART_SCB_IRQ__INTC_NUMBER] = address;
  29              		.loc 1 201 0
  30 0000 014B     		ldr	r3, .L2
  31 0002 9866     		str	r0, [r3, #104]
 202:.\Generated_Source\PSoC4/UART_SCB_IRQ.c **** }
  32              		.loc 1 202 0
  33              		@ sp needed
  34 0004 7047     		bx	lr
  35              	.L3:
  36 0006 C046     		.align	2
  37              	.L2:
  38 0008 00000000 		.word	CyRamVectors
  39              		.cfi_endproc
  40              	.LFE3:
  41              		.size	UART_SCB_IRQ_SetVector, .-UART_SCB_IRQ_SetVector
  42              		.section	.text.UART_SCB_IRQ_GetVector,"ax",%progbits
  43              		.align	2
  44              		.global	UART_SCB_IRQ_GetVector
  45              		.code	16
  46              		.thumb_func
  47              		.type	UART_SCB_IRQ_GetVector, %function
  48              	UART_SCB_IRQ_GetVector:
  49              	.LFB4:
 203:.\Generated_Source\PSoC4/UART_SCB_IRQ.c **** 
 204:.\Generated_Source\PSoC4/UART_SCB_IRQ.c **** 
 205:.\Generated_Source\PSoC4/UART_SCB_IRQ.c **** /*******************************************************************************
 206:.\Generated_Source\PSoC4/UART_SCB_IRQ.c **** * Function Name: UART_SCB_IRQ_GetVector
 207:.\Generated_Source\PSoC4/UART_SCB_IRQ.c **** ********************************************************************************
 208:.\Generated_Source\PSoC4/UART_SCB_IRQ.c **** *
 209:.\Generated_Source\PSoC4/UART_SCB_IRQ.c **** * Summary:
 210:.\Generated_Source\PSoC4/UART_SCB_IRQ.c **** *   Gets the "address" of the current ISR vector for the Interrupt.
 211:.\Generated_Source\PSoC4/UART_SCB_IRQ.c **** *
 212:.\Generated_Source\PSoC4/UART_SCB_IRQ.c **** * Parameters:
 213:.\Generated_Source\PSoC4/UART_SCB_IRQ.c **** *   None
 214:.\Generated_Source\PSoC4/UART_SCB_IRQ.c **** *
 215:.\Generated_Source\PSoC4/UART_SCB_IRQ.c **** * Return:
 216:.\Generated_Source\PSoC4/UART_SCB_IRQ.c **** *   Address of the ISR in the interrupt vector table.
 217:.\Generated_Source\PSoC4/UART_SCB_IRQ.c **** *
 218:.\Generated_Source\PSoC4/UART_SCB_IRQ.c **** *******************************************************************************/
 219:.\Generated_Source\PSoC4/UART_SCB_IRQ.c **** cyisraddress UART_SCB_IRQ_GetVector(void)
 220:.\Generated_Source\PSoC4/UART_SCB_IRQ.c **** {
  50              		.loc 1 220 0
  51              		.cfi_startproc
 221:.\Generated_Source\PSoC4/UART_SCB_IRQ.c ****     return CyRamVectors[CYINT_IRQ_BASE + UART_SCB_IRQ__INTC_NUMBER];
  52              		.loc 1 221 0
  53 0000 014B     		ldr	r3, .L5
  54 0002 986E     		ldr	r0, [r3, #104]
 222:.\Generated_Source\PSoC4/UART_SCB_IRQ.c **** }
  55              		.loc 1 222 0
  56              		@ sp needed
  57 0004 7047     		bx	lr
  58              	.L6:
  59 0006 C046     		.align	2
  60              	.L5:
  61 0008 00000000 		.word	CyRamVectors
  62              		.cfi_endproc
  63              	.LFE4:
ARM GAS  C:\Users\Administrator\AppData\Local\Temp\cc6qiYyN.s 			page 6


  64              		.size	UART_SCB_IRQ_GetVector, .-UART_SCB_IRQ_GetVector
  65              		.section	.text.UART_SCB_IRQ_SetPriority,"ax",%progbits
  66              		.align	2
  67              		.global	UART_SCB_IRQ_SetPriority
  68              		.code	16
  69              		.thumb_func
  70              		.type	UART_SCB_IRQ_SetPriority, %function
  71              	UART_SCB_IRQ_SetPriority:
  72              	.LFB5:
 223:.\Generated_Source\PSoC4/UART_SCB_IRQ.c **** 
 224:.\Generated_Source\PSoC4/UART_SCB_IRQ.c **** 
 225:.\Generated_Source\PSoC4/UART_SCB_IRQ.c **** /*******************************************************************************
 226:.\Generated_Source\PSoC4/UART_SCB_IRQ.c **** * Function Name: UART_SCB_IRQ_SetPriority
 227:.\Generated_Source\PSoC4/UART_SCB_IRQ.c **** ********************************************************************************
 228:.\Generated_Source\PSoC4/UART_SCB_IRQ.c **** *
 229:.\Generated_Source\PSoC4/UART_SCB_IRQ.c **** * Summary:
 230:.\Generated_Source\PSoC4/UART_SCB_IRQ.c **** *   Sets the Priority of the Interrupt. 
 231:.\Generated_Source\PSoC4/UART_SCB_IRQ.c **** *
 232:.\Generated_Source\PSoC4/UART_SCB_IRQ.c **** *   Note calling UART_SCB_IRQ_Start or UART_SCB_IRQ_StartEx will 
 233:.\Generated_Source\PSoC4/UART_SCB_IRQ.c **** *   override any effect this API would have had. This API should only be called
 234:.\Generated_Source\PSoC4/UART_SCB_IRQ.c **** *   after UART_SCB_IRQ_Start or UART_SCB_IRQ_StartEx has been called. 
 235:.\Generated_Source\PSoC4/UART_SCB_IRQ.c **** *   To set the initial priority for the component, use the Design-Wide Resources
 236:.\Generated_Source\PSoC4/UART_SCB_IRQ.c **** *   Interrupt Editor.
 237:.\Generated_Source\PSoC4/UART_SCB_IRQ.c **** *
 238:.\Generated_Source\PSoC4/UART_SCB_IRQ.c **** *   Note This API has no effect on Non-maskable interrupt NMI).
 239:.\Generated_Source\PSoC4/UART_SCB_IRQ.c **** *
 240:.\Generated_Source\PSoC4/UART_SCB_IRQ.c **** * Parameters:
 241:.\Generated_Source\PSoC4/UART_SCB_IRQ.c **** *   priority: Priority of the interrupt, 0 being the highest priority
 242:.\Generated_Source\PSoC4/UART_SCB_IRQ.c **** *             PSoC 3 and PSoC 5LP: Priority is from 0 to 7.
 243:.\Generated_Source\PSoC4/UART_SCB_IRQ.c **** *             PSoC 4: Priority is from 0 to 3.
 244:.\Generated_Source\PSoC4/UART_SCB_IRQ.c **** *
 245:.\Generated_Source\PSoC4/UART_SCB_IRQ.c **** * Return:
 246:.\Generated_Source\PSoC4/UART_SCB_IRQ.c **** *   None
 247:.\Generated_Source\PSoC4/UART_SCB_IRQ.c **** *
 248:.\Generated_Source\PSoC4/UART_SCB_IRQ.c **** *******************************************************************************/
 249:.\Generated_Source\PSoC4/UART_SCB_IRQ.c **** void UART_SCB_IRQ_SetPriority(uint8 priority)
 250:.\Generated_Source\PSoC4/UART_SCB_IRQ.c **** {
  73              		.loc 1 250 0
  74              		.cfi_startproc
  75              	.LVL1:
  76 0000 10B5     		push	{r4, lr}
  77              		.cfi_def_cfa_offset 8
  78              		.cfi_offset 4, -8
  79              		.cfi_offset 14, -4
  80 0002 041C     		mov	r4, r0
  81              	.LVL2:
 251:.\Generated_Source\PSoC4/UART_SCB_IRQ.c **** 	uint8 interruptState;
 252:.\Generated_Source\PSoC4/UART_SCB_IRQ.c ****     uint32 priorityOffset = ((UART_SCB_IRQ__INTC_NUMBER % 4u) * 8u) + 6u;
 253:.\Generated_Source\PSoC4/UART_SCB_IRQ.c ****     
 254:.\Generated_Source\PSoC4/UART_SCB_IRQ.c **** 	interruptState = CyEnterCriticalSection();
  82              		.loc 1 254 0
  83 0004 FFF7FEFF 		bl	CyEnterCriticalSection
  84              	.LVL3:
 255:.\Generated_Source\PSoC4/UART_SCB_IRQ.c ****     *UART_SCB_IRQ_INTC_PRIOR = (*UART_SCB_IRQ_INTC_PRIOR & (uint32)(~UART_SCB_IRQ__INTC_PRIOR_MASK)
  85              		.loc 1 255 0
  86 0008 044A     		ldr	r2, .L8
  87 000a 1168     		ldr	r1, [r2]
ARM GAS  C:\Users\Administrator\AppData\Local\Temp\cc6qiYyN.s 			page 7


  88 000c 044B     		ldr	r3, .L8+4
  89 000e 0B40     		and	r3, r1
 256:.\Generated_Source\PSoC4/UART_SCB_IRQ.c ****                                     ((uint32)priority << priorityOffset);
  90              		.loc 1 256 0
  91 0010 A405     		lsl	r4, r4, #22
 255:.\Generated_Source\PSoC4/UART_SCB_IRQ.c ****     *UART_SCB_IRQ_INTC_PRIOR = (*UART_SCB_IRQ_INTC_PRIOR & (uint32)(~UART_SCB_IRQ__INTC_PRIOR_MASK)
  92              		.loc 1 255 0
  93 0012 1C43     		orr	r4, r3
  94 0014 1460     		str	r4, [r2]
 257:.\Generated_Source\PSoC4/UART_SCB_IRQ.c **** 	CyExitCriticalSection(interruptState);
  95              		.loc 1 257 0
  96 0016 FFF7FEFF 		bl	CyExitCriticalSection
  97              	.LVL4:
 258:.\Generated_Source\PSoC4/UART_SCB_IRQ.c **** }
  98              		.loc 1 258 0
  99              		@ sp needed
 100 001a 10BD     		pop	{r4, pc}
 101              	.L9:
 102              		.align	2
 103              	.L8:
 104 001c 08E400E0 		.word	-536812536
 105 0020 FFFF3FFF 		.word	-12582913
 106              		.cfi_endproc
 107              	.LFE5:
 108              		.size	UART_SCB_IRQ_SetPriority, .-UART_SCB_IRQ_SetPriority
 109              		.section	.text.UART_SCB_IRQ_GetPriority,"ax",%progbits
 110              		.align	2
 111              		.global	UART_SCB_IRQ_GetPriority
 112              		.code	16
 113              		.thumb_func
 114              		.type	UART_SCB_IRQ_GetPriority, %function
 115              	UART_SCB_IRQ_GetPriority:
 116              	.LFB6:
 259:.\Generated_Source\PSoC4/UART_SCB_IRQ.c **** 
 260:.\Generated_Source\PSoC4/UART_SCB_IRQ.c **** 
 261:.\Generated_Source\PSoC4/UART_SCB_IRQ.c **** /*******************************************************************************
 262:.\Generated_Source\PSoC4/UART_SCB_IRQ.c **** * Function Name: UART_SCB_IRQ_GetPriority
 263:.\Generated_Source\PSoC4/UART_SCB_IRQ.c **** ********************************************************************************
 264:.\Generated_Source\PSoC4/UART_SCB_IRQ.c **** *
 265:.\Generated_Source\PSoC4/UART_SCB_IRQ.c **** * Summary:
 266:.\Generated_Source\PSoC4/UART_SCB_IRQ.c **** *   Gets the Priority of the Interrupt.
 267:.\Generated_Source\PSoC4/UART_SCB_IRQ.c **** *
 268:.\Generated_Source\PSoC4/UART_SCB_IRQ.c **** * Parameters:
 269:.\Generated_Source\PSoC4/UART_SCB_IRQ.c **** *   None
 270:.\Generated_Source\PSoC4/UART_SCB_IRQ.c **** *
 271:.\Generated_Source\PSoC4/UART_SCB_IRQ.c **** * Return:
 272:.\Generated_Source\PSoC4/UART_SCB_IRQ.c **** *   Priority of the interrupt, 0 being the highest priority
 273:.\Generated_Source\PSoC4/UART_SCB_IRQ.c **** *    PSoC 3 and PSoC 5LP: Priority is from 0 to 7.
 274:.\Generated_Source\PSoC4/UART_SCB_IRQ.c **** *    PSoC 4: Priority is from 0 to 3.
 275:.\Generated_Source\PSoC4/UART_SCB_IRQ.c **** *
 276:.\Generated_Source\PSoC4/UART_SCB_IRQ.c **** *******************************************************************************/
 277:.\Generated_Source\PSoC4/UART_SCB_IRQ.c **** uint8 UART_SCB_IRQ_GetPriority(void)
 278:.\Generated_Source\PSoC4/UART_SCB_IRQ.c **** {
 117              		.loc 1 278 0
 118              		.cfi_startproc
 119              	.LVL5:
 279:.\Generated_Source\PSoC4/UART_SCB_IRQ.c ****     uint32 priority;
ARM GAS  C:\Users\Administrator\AppData\Local\Temp\cc6qiYyN.s 			page 8


 280:.\Generated_Source\PSoC4/UART_SCB_IRQ.c **** 	uint32 priorityOffset = ((UART_SCB_IRQ__INTC_NUMBER % 4u) * 8u) + 6u;
 281:.\Generated_Source\PSoC4/UART_SCB_IRQ.c **** 
 282:.\Generated_Source\PSoC4/UART_SCB_IRQ.c ****     priority = (*UART_SCB_IRQ_INTC_PRIOR & UART_SCB_IRQ__INTC_PRIOR_MASK) >> priorityOffset;
 120              		.loc 1 282 0
 121 0000 024B     		ldr	r3, .L11
 122 0002 1868     		ldr	r0, [r3]
 123 0004 0002     		lsl	r0, r0, #8
 124              	.LVL6:
 283:.\Generated_Source\PSoC4/UART_SCB_IRQ.c **** 
 284:.\Generated_Source\PSoC4/UART_SCB_IRQ.c ****     return (uint8)priority;
 125              		.loc 1 284 0
 126 0006 800F     		lsr	r0, r0, #30
 127              	.LVL7:
 285:.\Generated_Source\PSoC4/UART_SCB_IRQ.c **** }
 128              		.loc 1 285 0
 129              		@ sp needed
 130 0008 7047     		bx	lr
 131              	.L12:
 132 000a C046     		.align	2
 133              	.L11:
 134 000c 08E400E0 		.word	-536812536
 135              		.cfi_endproc
 136              	.LFE6:
 137              		.size	UART_SCB_IRQ_GetPriority, .-UART_SCB_IRQ_GetPriority
 138              		.section	.text.UART_SCB_IRQ_Enable,"ax",%progbits
 139              		.align	2
 140              		.global	UART_SCB_IRQ_Enable
 141              		.code	16
 142              		.thumb_func
 143              		.type	UART_SCB_IRQ_Enable, %function
 144              	UART_SCB_IRQ_Enable:
 145              	.LFB7:
 286:.\Generated_Source\PSoC4/UART_SCB_IRQ.c **** 
 287:.\Generated_Source\PSoC4/UART_SCB_IRQ.c **** 
 288:.\Generated_Source\PSoC4/UART_SCB_IRQ.c **** /*******************************************************************************
 289:.\Generated_Source\PSoC4/UART_SCB_IRQ.c **** * Function Name: UART_SCB_IRQ_Enable
 290:.\Generated_Source\PSoC4/UART_SCB_IRQ.c **** ********************************************************************************
 291:.\Generated_Source\PSoC4/UART_SCB_IRQ.c **** *
 292:.\Generated_Source\PSoC4/UART_SCB_IRQ.c **** * Summary:
 293:.\Generated_Source\PSoC4/UART_SCB_IRQ.c **** *   Enables the interrupt to the interrupt controller. Do not call this function
 294:.\Generated_Source\PSoC4/UART_SCB_IRQ.c **** *   unless ISR_Start() has been called or the functionality of the ISR_Start() 
 295:.\Generated_Source\PSoC4/UART_SCB_IRQ.c **** *   function, which sets the vector and the priority, has been called.
 296:.\Generated_Source\PSoC4/UART_SCB_IRQ.c **** *
 297:.\Generated_Source\PSoC4/UART_SCB_IRQ.c **** * Parameters:
 298:.\Generated_Source\PSoC4/UART_SCB_IRQ.c **** *   None
 299:.\Generated_Source\PSoC4/UART_SCB_IRQ.c **** *
 300:.\Generated_Source\PSoC4/UART_SCB_IRQ.c **** * Return:
 301:.\Generated_Source\PSoC4/UART_SCB_IRQ.c **** *   None
 302:.\Generated_Source\PSoC4/UART_SCB_IRQ.c **** *
 303:.\Generated_Source\PSoC4/UART_SCB_IRQ.c **** *******************************************************************************/
 304:.\Generated_Source\PSoC4/UART_SCB_IRQ.c **** void UART_SCB_IRQ_Enable(void)
 305:.\Generated_Source\PSoC4/UART_SCB_IRQ.c **** {
 146              		.loc 1 305 0
 147              		.cfi_startproc
 306:.\Generated_Source\PSoC4/UART_SCB_IRQ.c ****     /* Enable the general interrupt. */
 307:.\Generated_Source\PSoC4/UART_SCB_IRQ.c ****     *UART_SCB_IRQ_INTC_SET_EN = UART_SCB_IRQ__INTC_MASK;
 148              		.loc 1 307 0
ARM GAS  C:\Users\Administrator\AppData\Local\Temp\cc6qiYyN.s 			page 9


 149 0000 8022     		mov	r2, #128
 150 0002 D200     		lsl	r2, r2, #3
 151 0004 014B     		ldr	r3, .L14
 152 0006 1A60     		str	r2, [r3]
 308:.\Generated_Source\PSoC4/UART_SCB_IRQ.c **** }
 153              		.loc 1 308 0
 154              		@ sp needed
 155 0008 7047     		bx	lr
 156              	.L15:
 157 000a C046     		.align	2
 158              	.L14:
 159 000c 00E100E0 		.word	-536813312
 160              		.cfi_endproc
 161              	.LFE7:
 162              		.size	UART_SCB_IRQ_Enable, .-UART_SCB_IRQ_Enable
 163              		.section	.text.UART_SCB_IRQ_GetState,"ax",%progbits
 164              		.align	2
 165              		.global	UART_SCB_IRQ_GetState
 166              		.code	16
 167              		.thumb_func
 168              		.type	UART_SCB_IRQ_GetState, %function
 169              	UART_SCB_IRQ_GetState:
 170              	.LFB8:
 309:.\Generated_Source\PSoC4/UART_SCB_IRQ.c **** 
 310:.\Generated_Source\PSoC4/UART_SCB_IRQ.c **** 
 311:.\Generated_Source\PSoC4/UART_SCB_IRQ.c **** /*******************************************************************************
 312:.\Generated_Source\PSoC4/UART_SCB_IRQ.c **** * Function Name: UART_SCB_IRQ_GetState
 313:.\Generated_Source\PSoC4/UART_SCB_IRQ.c **** ********************************************************************************
 314:.\Generated_Source\PSoC4/UART_SCB_IRQ.c **** *
 315:.\Generated_Source\PSoC4/UART_SCB_IRQ.c **** * Summary:
 316:.\Generated_Source\PSoC4/UART_SCB_IRQ.c **** *   Gets the state (enabled, disabled) of the Interrupt.
 317:.\Generated_Source\PSoC4/UART_SCB_IRQ.c **** *
 318:.\Generated_Source\PSoC4/UART_SCB_IRQ.c **** * Parameters:
 319:.\Generated_Source\PSoC4/UART_SCB_IRQ.c **** *   None
 320:.\Generated_Source\PSoC4/UART_SCB_IRQ.c **** *
 321:.\Generated_Source\PSoC4/UART_SCB_IRQ.c **** * Return:
 322:.\Generated_Source\PSoC4/UART_SCB_IRQ.c **** *   1 if enabled, 0 if disabled.
 323:.\Generated_Source\PSoC4/UART_SCB_IRQ.c **** *
 324:.\Generated_Source\PSoC4/UART_SCB_IRQ.c **** *******************************************************************************/
 325:.\Generated_Source\PSoC4/UART_SCB_IRQ.c **** uint8 UART_SCB_IRQ_GetState(void)
 326:.\Generated_Source\PSoC4/UART_SCB_IRQ.c **** {
 171              		.loc 1 326 0
 172              		.cfi_startproc
 327:.\Generated_Source\PSoC4/UART_SCB_IRQ.c ****     /* Get the state of the general interrupt. */
 328:.\Generated_Source\PSoC4/UART_SCB_IRQ.c ****     return ((*UART_SCB_IRQ_INTC_SET_EN & (uint32)UART_SCB_IRQ__INTC_MASK) != 0u) ? 1u:0u;
 173              		.loc 1 328 0
 174 0000 034B     		ldr	r3, .L19
 175 0002 1B68     		ldr	r3, [r3]
 176 0004 5B05     		lsl	r3, r3, #21
 177 0006 01D5     		bpl	.L18
 178 0008 0120     		mov	r0, #1
 179 000a 00E0     		b	.L17
 180              	.L18:
 181 000c 0020     		mov	r0, #0
 182              	.L17:
 329:.\Generated_Source\PSoC4/UART_SCB_IRQ.c **** }
 183              		.loc 1 329 0 discriminator 4
ARM GAS  C:\Users\Administrator\AppData\Local\Temp\cc6qiYyN.s 			page 10


 184              		@ sp needed
 185 000e 7047     		bx	lr
 186              	.L20:
 187              		.align	2
 188              	.L19:
 189 0010 00E100E0 		.word	-536813312
 190              		.cfi_endproc
 191              	.LFE8:
 192              		.size	UART_SCB_IRQ_GetState, .-UART_SCB_IRQ_GetState
 193              		.section	.text.UART_SCB_IRQ_Disable,"ax",%progbits
 194              		.align	2
 195              		.global	UART_SCB_IRQ_Disable
 196              		.code	16
 197              		.thumb_func
 198              		.type	UART_SCB_IRQ_Disable, %function
 199              	UART_SCB_IRQ_Disable:
 200              	.LFB9:
 330:.\Generated_Source\PSoC4/UART_SCB_IRQ.c **** 
 331:.\Generated_Source\PSoC4/UART_SCB_IRQ.c **** 
 332:.\Generated_Source\PSoC4/UART_SCB_IRQ.c **** /*******************************************************************************
 333:.\Generated_Source\PSoC4/UART_SCB_IRQ.c **** * Function Name: UART_SCB_IRQ_Disable
 334:.\Generated_Source\PSoC4/UART_SCB_IRQ.c **** ********************************************************************************
 335:.\Generated_Source\PSoC4/UART_SCB_IRQ.c **** *
 336:.\Generated_Source\PSoC4/UART_SCB_IRQ.c **** * Summary:
 337:.\Generated_Source\PSoC4/UART_SCB_IRQ.c **** *   Disables the Interrupt in the interrupt controller.
 338:.\Generated_Source\PSoC4/UART_SCB_IRQ.c **** *
 339:.\Generated_Source\PSoC4/UART_SCB_IRQ.c **** * Parameters:
 340:.\Generated_Source\PSoC4/UART_SCB_IRQ.c **** *   None
 341:.\Generated_Source\PSoC4/UART_SCB_IRQ.c **** *
 342:.\Generated_Source\PSoC4/UART_SCB_IRQ.c **** * Return:
 343:.\Generated_Source\PSoC4/UART_SCB_IRQ.c **** *   None
 344:.\Generated_Source\PSoC4/UART_SCB_IRQ.c **** *
 345:.\Generated_Source\PSoC4/UART_SCB_IRQ.c **** *******************************************************************************/
 346:.\Generated_Source\PSoC4/UART_SCB_IRQ.c **** void UART_SCB_IRQ_Disable(void)
 347:.\Generated_Source\PSoC4/UART_SCB_IRQ.c **** {
 201              		.loc 1 347 0
 202              		.cfi_startproc
 348:.\Generated_Source\PSoC4/UART_SCB_IRQ.c ****     /* Disable the general interrupt. */
 349:.\Generated_Source\PSoC4/UART_SCB_IRQ.c ****     *UART_SCB_IRQ_INTC_CLR_EN = UART_SCB_IRQ__INTC_MASK;
 203              		.loc 1 349 0
 204 0000 8022     		mov	r2, #128
 205 0002 D200     		lsl	r2, r2, #3
 206 0004 014B     		ldr	r3, .L22
 207 0006 1A60     		str	r2, [r3]
 350:.\Generated_Source\PSoC4/UART_SCB_IRQ.c **** }
 208              		.loc 1 350 0
 209              		@ sp needed
 210 0008 7047     		bx	lr
 211              	.L23:
 212 000a C046     		.align	2
 213              	.L22:
 214 000c 80E100E0 		.word	-536813184
 215              		.cfi_endproc
 216              	.LFE9:
 217              		.size	UART_SCB_IRQ_Disable, .-UART_SCB_IRQ_Disable
 218              		.section	.text.UART_SCB_IRQ_Start,"ax",%progbits
 219              		.align	2
ARM GAS  C:\Users\Administrator\AppData\Local\Temp\cc6qiYyN.s 			page 11


 220              		.global	UART_SCB_IRQ_Start
 221              		.code	16
 222              		.thumb_func
 223              		.type	UART_SCB_IRQ_Start, %function
 224              	UART_SCB_IRQ_Start:
 225              	.LFB0:
  57:.\Generated_Source\PSoC4/UART_SCB_IRQ.c ****     /* For all we know the interrupt is active. */
 226              		.loc 1 57 0
 227              		.cfi_startproc
 228 0000 08B5     		push	{r3, lr}
 229              		.cfi_def_cfa_offset 8
 230              		.cfi_offset 3, -8
 231              		.cfi_offset 14, -4
  59:.\Generated_Source\PSoC4/UART_SCB_IRQ.c **** 
 232              		.loc 1 59 0
 233 0002 FFF7FEFF 		bl	UART_SCB_IRQ_Disable
 234              	.LVL8:
  62:.\Generated_Source\PSoC4/UART_SCB_IRQ.c **** 
 235              		.loc 1 62 0
 236 0006 0448     		ldr	r0, .L25
 237 0008 FFF7FEFF 		bl	UART_SCB_IRQ_SetVector
 238              	.LVL9:
  65:.\Generated_Source\PSoC4/UART_SCB_IRQ.c **** 
 239              		.loc 1 65 0
 240 000c 0320     		mov	r0, #3
 241 000e FFF7FEFF 		bl	UART_SCB_IRQ_SetPriority
 242              	.LVL10:
  68:.\Generated_Source\PSoC4/UART_SCB_IRQ.c **** }
 243              		.loc 1 68 0
 244 0012 FFF7FEFF 		bl	UART_SCB_IRQ_Enable
 245              	.LVL11:
  69:.\Generated_Source\PSoC4/UART_SCB_IRQ.c **** 
 246              		.loc 1 69 0
 247              		@ sp needed
 248 0016 08BD     		pop	{r3, pc}
 249              	.L26:
 250              		.align	2
 251              	.L25:
 252 0018 00000000 		.word	UART_SCB_IRQ_Interrupt
 253              		.cfi_endproc
 254              	.LFE0:
 255              		.size	UART_SCB_IRQ_Start, .-UART_SCB_IRQ_Start
 256              		.section	.text.UART_SCB_IRQ_StartEx,"ax",%progbits
 257              		.align	2
 258              		.global	UART_SCB_IRQ_StartEx
 259              		.code	16
 260              		.thumb_func
 261              		.type	UART_SCB_IRQ_StartEx, %function
 262              	UART_SCB_IRQ_StartEx:
 263              	.LFB1:
 100:.\Generated_Source\PSoC4/UART_SCB_IRQ.c ****     /* For all we know the interrupt is active. */
 264              		.loc 1 100 0
 265              		.cfi_startproc
 266              	.LVL12:
 267 0000 10B5     		push	{r4, lr}
 268              		.cfi_def_cfa_offset 8
 269              		.cfi_offset 4, -8
ARM GAS  C:\Users\Administrator\AppData\Local\Temp\cc6qiYyN.s 			page 12


 270              		.cfi_offset 14, -4
 271 0002 041C     		mov	r4, r0
 102:.\Generated_Source\PSoC4/UART_SCB_IRQ.c **** 
 272              		.loc 1 102 0
 273 0004 FFF7FEFF 		bl	UART_SCB_IRQ_Disable
 274              	.LVL13:
 105:.\Generated_Source\PSoC4/UART_SCB_IRQ.c **** 
 275              		.loc 1 105 0
 276 0008 201C     		mov	r0, r4
 277 000a FFF7FEFF 		bl	UART_SCB_IRQ_SetVector
 278              	.LVL14:
 108:.\Generated_Source\PSoC4/UART_SCB_IRQ.c **** 
 279              		.loc 1 108 0
 280 000e 0320     		mov	r0, #3
 281 0010 FFF7FEFF 		bl	UART_SCB_IRQ_SetPriority
 282              	.LVL15:
 111:.\Generated_Source\PSoC4/UART_SCB_IRQ.c **** }
 283              		.loc 1 111 0
 284 0014 FFF7FEFF 		bl	UART_SCB_IRQ_Enable
 285              	.LVL16:
 112:.\Generated_Source\PSoC4/UART_SCB_IRQ.c **** 
 286              		.loc 1 112 0
 287              		@ sp needed
 288              	.LVL17:
 289 0018 10BD     		pop	{r4, pc}
 290              		.cfi_endproc
 291              	.LFE1:
 292              		.size	UART_SCB_IRQ_StartEx, .-UART_SCB_IRQ_StartEx
 293 001a C046     		.section	.text.UART_SCB_IRQ_Stop,"ax",%progbits
 294              		.align	2
 295              		.global	UART_SCB_IRQ_Stop
 296              		.code	16
 297              		.thumb_func
 298              		.type	UART_SCB_IRQ_Stop, %function
 299              	UART_SCB_IRQ_Stop:
 300              	.LFB2:
 130:.\Generated_Source\PSoC4/UART_SCB_IRQ.c ****     /* Disable this interrupt. */
 301              		.loc 1 130 0
 302              		.cfi_startproc
 303 0000 08B5     		push	{r3, lr}
 304              		.cfi_def_cfa_offset 8
 305              		.cfi_offset 3, -8
 306              		.cfi_offset 14, -4
 132:.\Generated_Source\PSoC4/UART_SCB_IRQ.c **** 
 307              		.loc 1 132 0
 308 0002 FFF7FEFF 		bl	UART_SCB_IRQ_Disable
 309              	.LVL18:
 135:.\Generated_Source\PSoC4/UART_SCB_IRQ.c **** }
 310              		.loc 1 135 0
 311 0006 0248     		ldr	r0, .L29
 312 0008 FFF7FEFF 		bl	UART_SCB_IRQ_SetVector
 313              	.LVL19:
 136:.\Generated_Source\PSoC4/UART_SCB_IRQ.c **** 
 314              		.loc 1 136 0
 315              		@ sp needed
 316 000c 08BD     		pop	{r3, pc}
 317              	.L30:
ARM GAS  C:\Users\Administrator\AppData\Local\Temp\cc6qiYyN.s 			page 13


 318 000e C046     		.align	2
 319              	.L29:
 320 0010 00000000 		.word	IntDefaultHandler
 321              		.cfi_endproc
 322              	.LFE2:
 323              		.size	UART_SCB_IRQ_Stop, .-UART_SCB_IRQ_Stop
 324              		.section	.text.UART_SCB_IRQ_SetPending,"ax",%progbits
 325              		.align	2
 326              		.global	UART_SCB_IRQ_SetPending
 327              		.code	16
 328              		.thumb_func
 329              		.type	UART_SCB_IRQ_SetPending, %function
 330              	UART_SCB_IRQ_SetPending:
 331              	.LFB10:
 351:.\Generated_Source\PSoC4/UART_SCB_IRQ.c **** 
 352:.\Generated_Source\PSoC4/UART_SCB_IRQ.c **** 
 353:.\Generated_Source\PSoC4/UART_SCB_IRQ.c **** /*******************************************************************************
 354:.\Generated_Source\PSoC4/UART_SCB_IRQ.c **** * Function Name: UART_SCB_IRQ_SetPending
 355:.\Generated_Source\PSoC4/UART_SCB_IRQ.c **** ********************************************************************************
 356:.\Generated_Source\PSoC4/UART_SCB_IRQ.c **** *
 357:.\Generated_Source\PSoC4/UART_SCB_IRQ.c **** * Summary:
 358:.\Generated_Source\PSoC4/UART_SCB_IRQ.c **** *   Causes the Interrupt to enter the pending state, a software method of
 359:.\Generated_Source\PSoC4/UART_SCB_IRQ.c **** *   generating the interrupt.
 360:.\Generated_Source\PSoC4/UART_SCB_IRQ.c **** *
 361:.\Generated_Source\PSoC4/UART_SCB_IRQ.c **** * Parameters:
 362:.\Generated_Source\PSoC4/UART_SCB_IRQ.c **** *   None
 363:.\Generated_Source\PSoC4/UART_SCB_IRQ.c **** *
 364:.\Generated_Source\PSoC4/UART_SCB_IRQ.c **** * Return:
 365:.\Generated_Source\PSoC4/UART_SCB_IRQ.c **** *   None
 366:.\Generated_Source\PSoC4/UART_SCB_IRQ.c **** *
 367:.\Generated_Source\PSoC4/UART_SCB_IRQ.c **** * Side Effects:
 368:.\Generated_Source\PSoC4/UART_SCB_IRQ.c **** *   If interrupts are enabled and the interrupt is set up properly, the ISR is
 369:.\Generated_Source\PSoC4/UART_SCB_IRQ.c **** *   entered (depending on the priority of this interrupt and other pending 
 370:.\Generated_Source\PSoC4/UART_SCB_IRQ.c **** *   interrupts).
 371:.\Generated_Source\PSoC4/UART_SCB_IRQ.c **** *
 372:.\Generated_Source\PSoC4/UART_SCB_IRQ.c **** *******************************************************************************/
 373:.\Generated_Source\PSoC4/UART_SCB_IRQ.c **** void UART_SCB_IRQ_SetPending(void)
 374:.\Generated_Source\PSoC4/UART_SCB_IRQ.c **** {
 332              		.loc 1 374 0
 333              		.cfi_startproc
 375:.\Generated_Source\PSoC4/UART_SCB_IRQ.c ****     *UART_SCB_IRQ_INTC_SET_PD = UART_SCB_IRQ__INTC_MASK;
 334              		.loc 1 375 0
 335 0000 8022     		mov	r2, #128
 336 0002 D200     		lsl	r2, r2, #3
 337 0004 014B     		ldr	r3, .L32
 338 0006 1A60     		str	r2, [r3]
 376:.\Generated_Source\PSoC4/UART_SCB_IRQ.c **** }
 339              		.loc 1 376 0
 340              		@ sp needed
 341 0008 7047     		bx	lr
 342              	.L33:
 343 000a C046     		.align	2
 344              	.L32:
 345 000c 00E200E0 		.word	-536813056
 346              		.cfi_endproc
 347              	.LFE10:
 348              		.size	UART_SCB_IRQ_SetPending, .-UART_SCB_IRQ_SetPending
ARM GAS  C:\Users\Administrator\AppData\Local\Temp\cc6qiYyN.s 			page 14


 349              		.section	.text.UART_SCB_IRQ_ClearPending,"ax",%progbits
 350              		.align	2
 351              		.global	UART_SCB_IRQ_ClearPending
 352              		.code	16
 353              		.thumb_func
 354              		.type	UART_SCB_IRQ_ClearPending, %function
 355              	UART_SCB_IRQ_ClearPending:
 356              	.LFB11:
 377:.\Generated_Source\PSoC4/UART_SCB_IRQ.c **** 
 378:.\Generated_Source\PSoC4/UART_SCB_IRQ.c **** 
 379:.\Generated_Source\PSoC4/UART_SCB_IRQ.c **** /*******************************************************************************
 380:.\Generated_Source\PSoC4/UART_SCB_IRQ.c **** * Function Name: UART_SCB_IRQ_ClearPending
 381:.\Generated_Source\PSoC4/UART_SCB_IRQ.c **** ********************************************************************************
 382:.\Generated_Source\PSoC4/UART_SCB_IRQ.c **** *
 383:.\Generated_Source\PSoC4/UART_SCB_IRQ.c **** * Summary:
 384:.\Generated_Source\PSoC4/UART_SCB_IRQ.c **** *   Clears a pending interrupt in the interrupt controller.
 385:.\Generated_Source\PSoC4/UART_SCB_IRQ.c **** *
 386:.\Generated_Source\PSoC4/UART_SCB_IRQ.c **** *   Note Some interrupt sources are clear-on-read and require the block 
 387:.\Generated_Source\PSoC4/UART_SCB_IRQ.c **** *   interrupt/status register to be read/cleared with the appropriate block API 
 388:.\Generated_Source\PSoC4/UART_SCB_IRQ.c **** *   (GPIO, UART, and so on). Otherwise the ISR will continue to remain in 
 389:.\Generated_Source\PSoC4/UART_SCB_IRQ.c **** *   pending state even though the interrupt itself is cleared using this API.
 390:.\Generated_Source\PSoC4/UART_SCB_IRQ.c **** *
 391:.\Generated_Source\PSoC4/UART_SCB_IRQ.c **** * Parameters:
 392:.\Generated_Source\PSoC4/UART_SCB_IRQ.c **** *   None
 393:.\Generated_Source\PSoC4/UART_SCB_IRQ.c **** *
 394:.\Generated_Source\PSoC4/UART_SCB_IRQ.c **** * Return:
 395:.\Generated_Source\PSoC4/UART_SCB_IRQ.c **** *   None
 396:.\Generated_Source\PSoC4/UART_SCB_IRQ.c **** *
 397:.\Generated_Source\PSoC4/UART_SCB_IRQ.c **** *******************************************************************************/
 398:.\Generated_Source\PSoC4/UART_SCB_IRQ.c **** void UART_SCB_IRQ_ClearPending(void)
 399:.\Generated_Source\PSoC4/UART_SCB_IRQ.c **** {
 357              		.loc 1 399 0
 358              		.cfi_startproc
 400:.\Generated_Source\PSoC4/UART_SCB_IRQ.c ****     *UART_SCB_IRQ_INTC_CLR_PD = UART_SCB_IRQ__INTC_MASK;
 359              		.loc 1 400 0
 360 0000 8022     		mov	r2, #128
 361 0002 D200     		lsl	r2, r2, #3
 362 0004 014B     		ldr	r3, .L35
 363 0006 1A60     		str	r2, [r3]
 401:.\Generated_Source\PSoC4/UART_SCB_IRQ.c **** }
 364              		.loc 1 401 0
 365              		@ sp needed
 366 0008 7047     		bx	lr
 367              	.L36:
 368 000a C046     		.align	2
 369              	.L35:
 370 000c 80E200E0 		.word	-536812928
 371              		.cfi_endproc
 372              	.LFE11:
 373              		.size	UART_SCB_IRQ_ClearPending, .-UART_SCB_IRQ_ClearPending
 374              		.text
 375              	.Letext0:
 376              		.file 2 "Generated_Source\\PSoC4/cytypes.h"
 377              		.file 3 "Generated_Source\\PSoC4/CyLib.h"
 378              		.section	.debug_info,"",%progbits
 379              	.Ldebug_info0:
 380 0000 DD020000 		.4byte	0x2dd
ARM GAS  C:\Users\Administrator\AppData\Local\Temp\cc6qiYyN.s 			page 15


 381 0004 0400     		.2byte	0x4
 382 0006 00000000 		.4byte	.Ldebug_abbrev0
 383 000a 04       		.byte	0x4
 384 000b 01       		.uleb128 0x1
 385 000c BC010000 		.4byte	.LASF32
 386 0010 01       		.byte	0x1
 387 0011 64020000 		.4byte	.LASF33
 388 0015 E9020000 		.4byte	.LASF34
 389 0019 00000000 		.4byte	.Ldebug_ranges0+0
 390 001d 00000000 		.4byte	0
 391 0021 00000000 		.4byte	.Ldebug_line0
 392 0025 02       		.uleb128 0x2
 393 0026 01       		.byte	0x1
 394 0027 06       		.byte	0x6
 395 0028 DD020000 		.4byte	.LASF0
 396 002c 02       		.uleb128 0x2
 397 002d 01       		.byte	0x1
 398 002e 08       		.byte	0x8
 399 002f 84000000 		.4byte	.LASF1
 400 0033 02       		.uleb128 0x2
 401 0034 02       		.byte	0x2
 402 0035 05       		.byte	0x5
 403 0036 8C020000 		.4byte	.LASF2
 404 003a 02       		.uleb128 0x2
 405 003b 02       		.byte	0x2
 406 003c 07       		.byte	0x7
 407 003d 54000000 		.4byte	.LASF3
 408 0041 02       		.uleb128 0x2
 409 0042 04       		.byte	0x4
 410 0043 05       		.byte	0x5
 411 0044 BE020000 		.4byte	.LASF4
 412 0048 02       		.uleb128 0x2
 413 0049 04       		.byte	0x4
 414 004a 07       		.byte	0x7
 415 004b A1000000 		.4byte	.LASF5
 416 004f 02       		.uleb128 0x2
 417 0050 08       		.byte	0x8
 418 0051 05       		.byte	0x5
 419 0052 94010000 		.4byte	.LASF6
 420 0056 02       		.uleb128 0x2
 421 0057 08       		.byte	0x8
 422 0058 07       		.byte	0x7
 423 0059 6D000000 		.4byte	.LASF7
 424 005d 03       		.uleb128 0x3
 425 005e 04       		.byte	0x4
 426 005f 05       		.byte	0x5
 427 0060 696E7400 		.ascii	"int\000"
 428 0064 02       		.uleb128 0x2
 429 0065 04       		.byte	0x4
 430 0066 07       		.byte	0x7
 431 0067 40010000 		.4byte	.LASF8
 432 006b 04       		.uleb128 0x4
 433 006c B3000000 		.4byte	.LASF9
 434 0070 02       		.byte	0x2
 435 0071 3801     		.2byte	0x138
 436 0073 2C000000 		.4byte	0x2c
 437 0077 04       		.uleb128 0x4
ARM GAS  C:\Users\Administrator\AppData\Local\Temp\cc6qiYyN.s 			page 16


 438 0078 09010000 		.4byte	.LASF10
 439 007c 02       		.byte	0x2
 440 007d 3A01     		.2byte	0x13a
 441 007f 48000000 		.4byte	0x48
 442 0083 02       		.uleb128 0x2
 443 0084 04       		.byte	0x4
 444 0085 04       		.byte	0x4
 445 0086 67000000 		.4byte	.LASF11
 446 008a 02       		.uleb128 0x2
 447 008b 08       		.byte	0x8
 448 008c 04       		.byte	0x4
 449 008d 02010000 		.4byte	.LASF12
 450 0091 02       		.uleb128 0x2
 451 0092 01       		.byte	0x1
 452 0093 08       		.byte	0x8
 453 0094 B7010000 		.4byte	.LASF13
 454 0098 04       		.uleb128 0x4
 455 0099 18000000 		.4byte	.LASF14
 456 009d 02       		.byte	0x2
 457 009e E401     		.2byte	0x1e4
 458 00a0 A4000000 		.4byte	0xa4
 459 00a4 05       		.uleb128 0x5
 460 00a5 77000000 		.4byte	0x77
 461 00a9 04       		.uleb128 0x4
 462 00aa 6B010000 		.4byte	.LASF15
 463 00ae 02       		.byte	0x2
 464 00af F401     		.2byte	0x1f4
 465 00b1 B5000000 		.4byte	0xb5
 466 00b5 06       		.uleb128 0x6
 467 00b6 04       		.byte	0x4
 468 00b7 BB000000 		.4byte	0xbb
 469 00bb 07       		.uleb128 0x7
 470 00bc 02       		.uleb128 0x2
 471 00bd 04       		.byte	0x4
 472 00be 07       		.byte	0x7
 473 00bf 8B010000 		.4byte	.LASF16
 474 00c3 08       		.uleb128 0x8
 475 00c4 1E000000 		.4byte	.LASF17
 476 00c8 01       		.byte	0x1
 477 00c9 C7       		.byte	0xc7
 478 00ca 00000000 		.4byte	.LFB3
 479 00ce 0C000000 		.4byte	.LFE3-.LFB3
 480 00d2 01       		.uleb128 0x1
 481 00d3 9C       		.byte	0x9c
 482 00d4 E6000000 		.4byte	0xe6
 483 00d8 09       		.uleb128 0x9
 484 00d9 4D010000 		.4byte	.LASF19
 485 00dd 01       		.byte	0x1
 486 00de C7       		.byte	0xc7
 487 00df A9000000 		.4byte	0xa9
 488 00e3 01       		.uleb128 0x1
 489 00e4 50       		.byte	0x50
 490 00e5 00       		.byte	0
 491 00e6 0A       		.uleb128 0xa
 492 00e7 CE000000 		.4byte	.LASF23
 493 00eb 01       		.byte	0x1
 494 00ec DB       		.byte	0xdb
ARM GAS  C:\Users\Administrator\AppData\Local\Temp\cc6qiYyN.s 			page 17


 495 00ed A9000000 		.4byte	0xa9
 496 00f1 00000000 		.4byte	.LFB4
 497 00f5 0C000000 		.4byte	.LFE4-.LFB4
 498 00f9 01       		.uleb128 0x1
 499 00fa 9C       		.byte	0x9c
 500 00fb 08       		.uleb128 0x8
 501 00fc 96020000 		.4byte	.LASF18
 502 0100 01       		.byte	0x1
 503 0101 F9       		.byte	0xf9
 504 0102 00000000 		.4byte	.LFB5
 505 0106 24000000 		.4byte	.LFE5-.LFB5
 506 010a 01       		.uleb128 0x1
 507 010b 9C       		.byte	0x9c
 508 010c 4D010000 		.4byte	0x14d
 509 0110 0B       		.uleb128 0xb
 510 0111 E5000000 		.4byte	.LASF20
 511 0115 01       		.byte	0x1
 512 0116 F9       		.byte	0xf9
 513 0117 6B000000 		.4byte	0x6b
 514 011b 00000000 		.4byte	.LLST0
 515 011f 0C       		.uleb128 0xc
 516 0120 92000000 		.4byte	.LASF21
 517 0124 01       		.byte	0x1
 518 0125 FB       		.byte	0xfb
 519 0126 6B000000 		.4byte	0x6b
 520 012a 21000000 		.4byte	.LLST1
 521 012e 0D       		.uleb128 0xd
 522 012f AF020000 		.4byte	.LASF22
 523 0133 01       		.byte	0x1
 524 0134 FC       		.byte	0xfc
 525 0135 77000000 		.4byte	0x77
 526 0139 16       		.byte	0x16
 527 013a 0E       		.uleb128 0xe
 528 013b 08000000 		.4byte	.LVL3
 529 013f C8020000 		.4byte	0x2c8
 530 0143 0E       		.uleb128 0xe
 531 0144 1A000000 		.4byte	.LVL4
 532 0148 D3020000 		.4byte	0x2d3
 533 014c 00       		.byte	0
 534 014d 0F       		.uleb128 0xf
 535 014e 27010000 		.4byte	.LASF35
 536 0152 01       		.byte	0x1
 537 0153 1501     		.2byte	0x115
 538 0155 6B000000 		.4byte	0x6b
 539 0159 00000000 		.4byte	.LFB6
 540 015d 10000000 		.4byte	.LFE6-.LFB6
 541 0161 01       		.uleb128 0x1
 542 0162 9C       		.byte	0x9c
 543 0163 85010000 		.4byte	0x185
 544 0167 10       		.uleb128 0x10
 545 0168 E5000000 		.4byte	.LASF20
 546 016c 01       		.byte	0x1
 547 016d 1701     		.2byte	0x117
 548 016f 77000000 		.4byte	0x77
 549 0173 34000000 		.4byte	.LLST2
 550 0177 11       		.uleb128 0x11
 551 0178 AF020000 		.4byte	.LASF22
ARM GAS  C:\Users\Administrator\AppData\Local\Temp\cc6qiYyN.s 			page 18


 552 017c 01       		.byte	0x1
 553 017d 1801     		.2byte	0x118
 554 017f 77000000 		.4byte	0x77
 555 0183 16       		.byte	0x16
 556 0184 00       		.byte	0
 557 0185 12       		.uleb128 0x12
 558 0186 EE000000 		.4byte	.LASF25
 559 018a 01       		.byte	0x1
 560 018b 3001     		.2byte	0x130
 561 018d 00000000 		.4byte	.LFB7
 562 0191 10000000 		.4byte	.LFE7-.LFB7
 563 0195 01       		.uleb128 0x1
 564 0196 9C       		.byte	0x9c
 565 0197 13       		.uleb128 0x13
 566 0198 C7020000 		.4byte	.LASF24
 567 019c 01       		.byte	0x1
 568 019d 4501     		.2byte	0x145
 569 019f 6B000000 		.4byte	0x6b
 570 01a3 00000000 		.4byte	.LFB8
 571 01a7 14000000 		.4byte	.LFE8-.LFB8
 572 01ab 01       		.uleb128 0x1
 573 01ac 9C       		.byte	0x9c
 574 01ad 12       		.uleb128 0x12
 575 01ae A2010000 		.4byte	.LASF26
 576 01b2 01       		.byte	0x1
 577 01b3 5A01     		.2byte	0x15a
 578 01b5 00000000 		.4byte	.LFB9
 579 01b9 10000000 		.4byte	.LFE9-.LFB9
 580 01bd 01       		.uleb128 0x1
 581 01be 9C       		.byte	0x9c
 582 01bf 08       		.uleb128 0x8
 583 01c0 78010000 		.4byte	.LASF27
 584 01c4 01       		.byte	0x1
 585 01c5 38       		.byte	0x38
 586 01c6 00000000 		.4byte	.LFB0
 587 01ca 1C000000 		.4byte	.LFE0-.LFB0
 588 01ce 01       		.uleb128 0x1
 589 01cf 9C       		.byte	0x9c
 590 01d0 03020000 		.4byte	0x203
 591 01d4 0E       		.uleb128 0xe
 592 01d5 06000000 		.4byte	.LVL8
 593 01d9 AD010000 		.4byte	0x1ad
 594 01dd 0E       		.uleb128 0xe
 595 01de 0C000000 		.4byte	.LVL9
 596 01e2 C3000000 		.4byte	0xc3
 597 01e6 14       		.uleb128 0x14
 598 01e7 12000000 		.4byte	.LVL10
 599 01eb FB000000 		.4byte	0xfb
 600 01ef F9010000 		.4byte	0x1f9
 601 01f3 15       		.uleb128 0x15
 602 01f4 01       		.uleb128 0x1
 603 01f5 50       		.byte	0x50
 604 01f6 01       		.uleb128 0x1
 605 01f7 33       		.byte	0x33
 606 01f8 00       		.byte	0
 607 01f9 0E       		.uleb128 0xe
 608 01fa 16000000 		.4byte	.LVL11
ARM GAS  C:\Users\Administrator\AppData\Local\Temp\cc6qiYyN.s 			page 19


 609 01fe 85010000 		.4byte	0x185
 610 0202 00       		.byte	0
 611 0203 08       		.uleb128 0x8
 612 0204 B9000000 		.4byte	.LASF28
 613 0208 01       		.byte	0x1
 614 0209 63       		.byte	0x63
 615 020a 00000000 		.4byte	.LFB1
 616 020e 1A000000 		.4byte	.LFE1-.LFB1
 617 0212 01       		.uleb128 0x1
 618 0213 9C       		.byte	0x9c
 619 0214 61020000 		.4byte	0x261
 620 0218 0B       		.uleb128 0xb
 621 0219 4D010000 		.4byte	.LASF19
 622 021d 01       		.byte	0x1
 623 021e 63       		.byte	0x63
 624 021f A9000000 		.4byte	0xa9
 625 0223 56000000 		.4byte	.LLST3
 626 0227 0E       		.uleb128 0xe
 627 0228 08000000 		.4byte	.LVL13
 628 022c AD010000 		.4byte	0x1ad
 629 0230 14       		.uleb128 0x14
 630 0231 0E000000 		.4byte	.LVL14
 631 0235 C3000000 		.4byte	0xc3
 632 0239 44020000 		.4byte	0x244
 633 023d 15       		.uleb128 0x15
 634 023e 01       		.uleb128 0x1
 635 023f 50       		.byte	0x50
 636 0240 02       		.uleb128 0x2
 637 0241 74       		.byte	0x74
 638 0242 00       		.sleb128 0
 639 0243 00       		.byte	0
 640 0244 14       		.uleb128 0x14
 641 0245 14000000 		.4byte	.LVL15
 642 0249 FB000000 		.4byte	0xfb
 643 024d 57020000 		.4byte	0x257
 644 0251 15       		.uleb128 0x15
 645 0252 01       		.uleb128 0x1
 646 0253 50       		.byte	0x50
 647 0254 01       		.uleb128 0x1
 648 0255 33       		.byte	0x33
 649 0256 00       		.byte	0
 650 0257 0E       		.uleb128 0xe
 651 0258 18000000 		.4byte	.LVL16
 652 025c 85010000 		.4byte	0x185
 653 0260 00       		.byte	0
 654 0261 08       		.uleb128 0x8
 655 0262 42000000 		.4byte	.LASF29
 656 0266 01       		.byte	0x1
 657 0267 81       		.byte	0x81
 658 0268 00000000 		.4byte	.LFB2
 659 026c 14000000 		.4byte	.LFE2-.LFB2
 660 0270 01       		.uleb128 0x1
 661 0271 9C       		.byte	0x9c
 662 0272 89020000 		.4byte	0x289
 663 0276 0E       		.uleb128 0xe
 664 0277 06000000 		.4byte	.LVL18
 665 027b AD010000 		.4byte	0x1ad
ARM GAS  C:\Users\Administrator\AppData\Local\Temp\cc6qiYyN.s 			page 20


 666 027f 0E       		.uleb128 0xe
 667 0280 0C000000 		.4byte	.LVL19
 668 0284 C3000000 		.4byte	0xc3
 669 0288 00       		.byte	0
 670 0289 12       		.uleb128 0x12
 671 028a 00000000 		.4byte	.LASF30
 672 028e 01       		.byte	0x1
 673 028f 7501     		.2byte	0x175
 674 0291 00000000 		.4byte	.LFB10
 675 0295 10000000 		.4byte	.LFE10-.LFB10
 676 0299 01       		.uleb128 0x1
 677 029a 9C       		.byte	0x9c
 678 029b 12       		.uleb128 0x12
 679 029c 4A020000 		.4byte	.LASF31
 680 02a0 01       		.byte	0x1
 681 02a1 8E01     		.2byte	0x18e
 682 02a3 00000000 		.4byte	.LFB11
 683 02a7 10000000 		.4byte	.LFE11-.LFB11
 684 02ab 01       		.uleb128 0x1
 685 02ac 9C       		.byte	0x9c
 686 02ad 16       		.uleb128 0x16
 687 02ae A9000000 		.4byte	0xa9
 688 02b2 BD020000 		.4byte	0x2bd
 689 02b6 17       		.uleb128 0x17
 690 02b7 BC000000 		.4byte	0xbc
 691 02bb 2F       		.byte	0x2f
 692 02bc 00       		.byte	0
 693 02bd 18       		.uleb128 0x18
 694 02be 35000000 		.4byte	.LASF36
 695 02c2 01       		.byte	0x1
 696 02c3 21       		.byte	0x21
 697 02c4 AD020000 		.4byte	0x2ad
 698 02c8 19       		.uleb128 0x19
 699 02c9 10010000 		.4byte	.LASF37
 700 02cd 03       		.byte	0x3
 701 02ce 61       		.byte	0x61
 702 02cf 6B000000 		.4byte	0x6b
 703 02d3 1A       		.uleb128 0x1a
 704 02d4 55010000 		.4byte	.LASF38
 705 02d8 03       		.byte	0x3
 706 02d9 62       		.byte	0x62
 707 02da 1B       		.uleb128 0x1b
 708 02db 6B000000 		.4byte	0x6b
 709 02df 00       		.byte	0
 710 02e0 00       		.byte	0
 711              		.section	.debug_abbrev,"",%progbits
 712              	.Ldebug_abbrev0:
 713 0000 01       		.uleb128 0x1
 714 0001 11       		.uleb128 0x11
 715 0002 01       		.byte	0x1
 716 0003 25       		.uleb128 0x25
 717 0004 0E       		.uleb128 0xe
 718 0005 13       		.uleb128 0x13
 719 0006 0B       		.uleb128 0xb
 720 0007 03       		.uleb128 0x3
 721 0008 0E       		.uleb128 0xe
 722 0009 1B       		.uleb128 0x1b
ARM GAS  C:\Users\Administrator\AppData\Local\Temp\cc6qiYyN.s 			page 21


 723 000a 0E       		.uleb128 0xe
 724 000b 55       		.uleb128 0x55
 725 000c 17       		.uleb128 0x17
 726 000d 11       		.uleb128 0x11
 727 000e 01       		.uleb128 0x1
 728 000f 10       		.uleb128 0x10
 729 0010 17       		.uleb128 0x17
 730 0011 00       		.byte	0
 731 0012 00       		.byte	0
 732 0013 02       		.uleb128 0x2
 733 0014 24       		.uleb128 0x24
 734 0015 00       		.byte	0
 735 0016 0B       		.uleb128 0xb
 736 0017 0B       		.uleb128 0xb
 737 0018 3E       		.uleb128 0x3e
 738 0019 0B       		.uleb128 0xb
 739 001a 03       		.uleb128 0x3
 740 001b 0E       		.uleb128 0xe
 741 001c 00       		.byte	0
 742 001d 00       		.byte	0
 743 001e 03       		.uleb128 0x3
 744 001f 24       		.uleb128 0x24
 745 0020 00       		.byte	0
 746 0021 0B       		.uleb128 0xb
 747 0022 0B       		.uleb128 0xb
 748 0023 3E       		.uleb128 0x3e
 749 0024 0B       		.uleb128 0xb
 750 0025 03       		.uleb128 0x3
 751 0026 08       		.uleb128 0x8
 752 0027 00       		.byte	0
 753 0028 00       		.byte	0
 754 0029 04       		.uleb128 0x4
 755 002a 16       		.uleb128 0x16
 756 002b 00       		.byte	0
 757 002c 03       		.uleb128 0x3
 758 002d 0E       		.uleb128 0xe
 759 002e 3A       		.uleb128 0x3a
 760 002f 0B       		.uleb128 0xb
 761 0030 3B       		.uleb128 0x3b
 762 0031 05       		.uleb128 0x5
 763 0032 49       		.uleb128 0x49
 764 0033 13       		.uleb128 0x13
 765 0034 00       		.byte	0
 766 0035 00       		.byte	0
 767 0036 05       		.uleb128 0x5
 768 0037 35       		.uleb128 0x35
 769 0038 00       		.byte	0
 770 0039 49       		.uleb128 0x49
 771 003a 13       		.uleb128 0x13
 772 003b 00       		.byte	0
 773 003c 00       		.byte	0
 774 003d 06       		.uleb128 0x6
 775 003e 0F       		.uleb128 0xf
 776 003f 00       		.byte	0
 777 0040 0B       		.uleb128 0xb
 778 0041 0B       		.uleb128 0xb
 779 0042 49       		.uleb128 0x49
ARM GAS  C:\Users\Administrator\AppData\Local\Temp\cc6qiYyN.s 			page 22


 780 0043 13       		.uleb128 0x13
 781 0044 00       		.byte	0
 782 0045 00       		.byte	0
 783 0046 07       		.uleb128 0x7
 784 0047 15       		.uleb128 0x15
 785 0048 00       		.byte	0
 786 0049 27       		.uleb128 0x27
 787 004a 19       		.uleb128 0x19
 788 004b 00       		.byte	0
 789 004c 00       		.byte	0
 790 004d 08       		.uleb128 0x8
 791 004e 2E       		.uleb128 0x2e
 792 004f 01       		.byte	0x1
 793 0050 3F       		.uleb128 0x3f
 794 0051 19       		.uleb128 0x19
 795 0052 03       		.uleb128 0x3
 796 0053 0E       		.uleb128 0xe
 797 0054 3A       		.uleb128 0x3a
 798 0055 0B       		.uleb128 0xb
 799 0056 3B       		.uleb128 0x3b
 800 0057 0B       		.uleb128 0xb
 801 0058 27       		.uleb128 0x27
 802 0059 19       		.uleb128 0x19
 803 005a 11       		.uleb128 0x11
 804 005b 01       		.uleb128 0x1
 805 005c 12       		.uleb128 0x12
 806 005d 06       		.uleb128 0x6
 807 005e 40       		.uleb128 0x40
 808 005f 18       		.uleb128 0x18
 809 0060 9742     		.uleb128 0x2117
 810 0062 19       		.uleb128 0x19
 811 0063 01       		.uleb128 0x1
 812 0064 13       		.uleb128 0x13
 813 0065 00       		.byte	0
 814 0066 00       		.byte	0
 815 0067 09       		.uleb128 0x9
 816 0068 05       		.uleb128 0x5
 817 0069 00       		.byte	0
 818 006a 03       		.uleb128 0x3
 819 006b 0E       		.uleb128 0xe
 820 006c 3A       		.uleb128 0x3a
 821 006d 0B       		.uleb128 0xb
 822 006e 3B       		.uleb128 0x3b
 823 006f 0B       		.uleb128 0xb
 824 0070 49       		.uleb128 0x49
 825 0071 13       		.uleb128 0x13
 826 0072 02       		.uleb128 0x2
 827 0073 18       		.uleb128 0x18
 828 0074 00       		.byte	0
 829 0075 00       		.byte	0
 830 0076 0A       		.uleb128 0xa
 831 0077 2E       		.uleb128 0x2e
 832 0078 00       		.byte	0
 833 0079 3F       		.uleb128 0x3f
 834 007a 19       		.uleb128 0x19
 835 007b 03       		.uleb128 0x3
 836 007c 0E       		.uleb128 0xe
ARM GAS  C:\Users\Administrator\AppData\Local\Temp\cc6qiYyN.s 			page 23


 837 007d 3A       		.uleb128 0x3a
 838 007e 0B       		.uleb128 0xb
 839 007f 3B       		.uleb128 0x3b
 840 0080 0B       		.uleb128 0xb
 841 0081 27       		.uleb128 0x27
 842 0082 19       		.uleb128 0x19
 843 0083 49       		.uleb128 0x49
 844 0084 13       		.uleb128 0x13
 845 0085 11       		.uleb128 0x11
 846 0086 01       		.uleb128 0x1
 847 0087 12       		.uleb128 0x12
 848 0088 06       		.uleb128 0x6
 849 0089 40       		.uleb128 0x40
 850 008a 18       		.uleb128 0x18
 851 008b 9742     		.uleb128 0x2117
 852 008d 19       		.uleb128 0x19
 853 008e 00       		.byte	0
 854 008f 00       		.byte	0
 855 0090 0B       		.uleb128 0xb
 856 0091 05       		.uleb128 0x5
 857 0092 00       		.byte	0
 858 0093 03       		.uleb128 0x3
 859 0094 0E       		.uleb128 0xe
 860 0095 3A       		.uleb128 0x3a
 861 0096 0B       		.uleb128 0xb
 862 0097 3B       		.uleb128 0x3b
 863 0098 0B       		.uleb128 0xb
 864 0099 49       		.uleb128 0x49
 865 009a 13       		.uleb128 0x13
 866 009b 02       		.uleb128 0x2
 867 009c 17       		.uleb128 0x17
 868 009d 00       		.byte	0
 869 009e 00       		.byte	0
 870 009f 0C       		.uleb128 0xc
 871 00a0 34       		.uleb128 0x34
 872 00a1 00       		.byte	0
 873 00a2 03       		.uleb128 0x3
 874 00a3 0E       		.uleb128 0xe
 875 00a4 3A       		.uleb128 0x3a
 876 00a5 0B       		.uleb128 0xb
 877 00a6 3B       		.uleb128 0x3b
 878 00a7 0B       		.uleb128 0xb
 879 00a8 49       		.uleb128 0x49
 880 00a9 13       		.uleb128 0x13
 881 00aa 02       		.uleb128 0x2
 882 00ab 17       		.uleb128 0x17
 883 00ac 00       		.byte	0
 884 00ad 00       		.byte	0
 885 00ae 0D       		.uleb128 0xd
 886 00af 34       		.uleb128 0x34
 887 00b0 00       		.byte	0
 888 00b1 03       		.uleb128 0x3
 889 00b2 0E       		.uleb128 0xe
 890 00b3 3A       		.uleb128 0x3a
 891 00b4 0B       		.uleb128 0xb
 892 00b5 3B       		.uleb128 0x3b
 893 00b6 0B       		.uleb128 0xb
ARM GAS  C:\Users\Administrator\AppData\Local\Temp\cc6qiYyN.s 			page 24


 894 00b7 49       		.uleb128 0x49
 895 00b8 13       		.uleb128 0x13
 896 00b9 1C       		.uleb128 0x1c
 897 00ba 0B       		.uleb128 0xb
 898 00bb 00       		.byte	0
 899 00bc 00       		.byte	0
 900 00bd 0E       		.uleb128 0xe
 901 00be 898201   		.uleb128 0x4109
 902 00c1 00       		.byte	0
 903 00c2 11       		.uleb128 0x11
 904 00c3 01       		.uleb128 0x1
 905 00c4 31       		.uleb128 0x31
 906 00c5 13       		.uleb128 0x13
 907 00c6 00       		.byte	0
 908 00c7 00       		.byte	0
 909 00c8 0F       		.uleb128 0xf
 910 00c9 2E       		.uleb128 0x2e
 911 00ca 01       		.byte	0x1
 912 00cb 3F       		.uleb128 0x3f
 913 00cc 19       		.uleb128 0x19
 914 00cd 03       		.uleb128 0x3
 915 00ce 0E       		.uleb128 0xe
 916 00cf 3A       		.uleb128 0x3a
 917 00d0 0B       		.uleb128 0xb
 918 00d1 3B       		.uleb128 0x3b
 919 00d2 05       		.uleb128 0x5
 920 00d3 27       		.uleb128 0x27
 921 00d4 19       		.uleb128 0x19
 922 00d5 49       		.uleb128 0x49
 923 00d6 13       		.uleb128 0x13
 924 00d7 11       		.uleb128 0x11
 925 00d8 01       		.uleb128 0x1
 926 00d9 12       		.uleb128 0x12
 927 00da 06       		.uleb128 0x6
 928 00db 40       		.uleb128 0x40
 929 00dc 18       		.uleb128 0x18
 930 00dd 9742     		.uleb128 0x2117
 931 00df 19       		.uleb128 0x19
 932 00e0 01       		.uleb128 0x1
 933 00e1 13       		.uleb128 0x13
 934 00e2 00       		.byte	0
 935 00e3 00       		.byte	0
 936 00e4 10       		.uleb128 0x10
 937 00e5 34       		.uleb128 0x34
 938 00e6 00       		.byte	0
 939 00e7 03       		.uleb128 0x3
 940 00e8 0E       		.uleb128 0xe
 941 00e9 3A       		.uleb128 0x3a
 942 00ea 0B       		.uleb128 0xb
 943 00eb 3B       		.uleb128 0x3b
 944 00ec 05       		.uleb128 0x5
 945 00ed 49       		.uleb128 0x49
 946 00ee 13       		.uleb128 0x13
 947 00ef 02       		.uleb128 0x2
 948 00f0 17       		.uleb128 0x17
 949 00f1 00       		.byte	0
 950 00f2 00       		.byte	0
ARM GAS  C:\Users\Administrator\AppData\Local\Temp\cc6qiYyN.s 			page 25


 951 00f3 11       		.uleb128 0x11
 952 00f4 34       		.uleb128 0x34
 953 00f5 00       		.byte	0
 954 00f6 03       		.uleb128 0x3
 955 00f7 0E       		.uleb128 0xe
 956 00f8 3A       		.uleb128 0x3a
 957 00f9 0B       		.uleb128 0xb
 958 00fa 3B       		.uleb128 0x3b
 959 00fb 05       		.uleb128 0x5
 960 00fc 49       		.uleb128 0x49
 961 00fd 13       		.uleb128 0x13
 962 00fe 1C       		.uleb128 0x1c
 963 00ff 0B       		.uleb128 0xb
 964 0100 00       		.byte	0
 965 0101 00       		.byte	0
 966 0102 12       		.uleb128 0x12
 967 0103 2E       		.uleb128 0x2e
 968 0104 00       		.byte	0
 969 0105 3F       		.uleb128 0x3f
 970 0106 19       		.uleb128 0x19
 971 0107 03       		.uleb128 0x3
 972 0108 0E       		.uleb128 0xe
 973 0109 3A       		.uleb128 0x3a
 974 010a 0B       		.uleb128 0xb
 975 010b 3B       		.uleb128 0x3b
 976 010c 05       		.uleb128 0x5
 977 010d 27       		.uleb128 0x27
 978 010e 19       		.uleb128 0x19
 979 010f 11       		.uleb128 0x11
 980 0110 01       		.uleb128 0x1
 981 0111 12       		.uleb128 0x12
 982 0112 06       		.uleb128 0x6
 983 0113 40       		.uleb128 0x40
 984 0114 18       		.uleb128 0x18
 985 0115 9742     		.uleb128 0x2117
 986 0117 19       		.uleb128 0x19
 987 0118 00       		.byte	0
 988 0119 00       		.byte	0
 989 011a 13       		.uleb128 0x13
 990 011b 2E       		.uleb128 0x2e
 991 011c 00       		.byte	0
 992 011d 3F       		.uleb128 0x3f
 993 011e 19       		.uleb128 0x19
 994 011f 03       		.uleb128 0x3
 995 0120 0E       		.uleb128 0xe
 996 0121 3A       		.uleb128 0x3a
 997 0122 0B       		.uleb128 0xb
 998 0123 3B       		.uleb128 0x3b
 999 0124 05       		.uleb128 0x5
 1000 0125 27       		.uleb128 0x27
 1001 0126 19       		.uleb128 0x19
 1002 0127 49       		.uleb128 0x49
 1003 0128 13       		.uleb128 0x13
 1004 0129 11       		.uleb128 0x11
 1005 012a 01       		.uleb128 0x1
 1006 012b 12       		.uleb128 0x12
 1007 012c 06       		.uleb128 0x6
ARM GAS  C:\Users\Administrator\AppData\Local\Temp\cc6qiYyN.s 			page 26


 1008 012d 40       		.uleb128 0x40
 1009 012e 18       		.uleb128 0x18
 1010 012f 9742     		.uleb128 0x2117
 1011 0131 19       		.uleb128 0x19
 1012 0132 00       		.byte	0
 1013 0133 00       		.byte	0
 1014 0134 14       		.uleb128 0x14
 1015 0135 898201   		.uleb128 0x4109
 1016 0138 01       		.byte	0x1
 1017 0139 11       		.uleb128 0x11
 1018 013a 01       		.uleb128 0x1
 1019 013b 31       		.uleb128 0x31
 1020 013c 13       		.uleb128 0x13
 1021 013d 01       		.uleb128 0x1
 1022 013e 13       		.uleb128 0x13
 1023 013f 00       		.byte	0
 1024 0140 00       		.byte	0
 1025 0141 15       		.uleb128 0x15
 1026 0142 8A8201   		.uleb128 0x410a
 1027 0145 00       		.byte	0
 1028 0146 02       		.uleb128 0x2
 1029 0147 18       		.uleb128 0x18
 1030 0148 9142     		.uleb128 0x2111
 1031 014a 18       		.uleb128 0x18
 1032 014b 00       		.byte	0
 1033 014c 00       		.byte	0
 1034 014d 16       		.uleb128 0x16
 1035 014e 01       		.uleb128 0x1
 1036 014f 01       		.byte	0x1
 1037 0150 49       		.uleb128 0x49
 1038 0151 13       		.uleb128 0x13
 1039 0152 01       		.uleb128 0x1
 1040 0153 13       		.uleb128 0x13
 1041 0154 00       		.byte	0
 1042 0155 00       		.byte	0
 1043 0156 17       		.uleb128 0x17
 1044 0157 21       		.uleb128 0x21
 1045 0158 00       		.byte	0
 1046 0159 49       		.uleb128 0x49
 1047 015a 13       		.uleb128 0x13
 1048 015b 2F       		.uleb128 0x2f
 1049 015c 0B       		.uleb128 0xb
 1050 015d 00       		.byte	0
 1051 015e 00       		.byte	0
 1052 015f 18       		.uleb128 0x18
 1053 0160 34       		.uleb128 0x34
 1054 0161 00       		.byte	0
 1055 0162 03       		.uleb128 0x3
 1056 0163 0E       		.uleb128 0xe
 1057 0164 3A       		.uleb128 0x3a
 1058 0165 0B       		.uleb128 0xb
 1059 0166 3B       		.uleb128 0x3b
 1060 0167 0B       		.uleb128 0xb
 1061 0168 49       		.uleb128 0x49
 1062 0169 13       		.uleb128 0x13
 1063 016a 3F       		.uleb128 0x3f
 1064 016b 19       		.uleb128 0x19
ARM GAS  C:\Users\Administrator\AppData\Local\Temp\cc6qiYyN.s 			page 27


 1065 016c 3C       		.uleb128 0x3c
 1066 016d 19       		.uleb128 0x19
 1067 016e 00       		.byte	0
 1068 016f 00       		.byte	0
 1069 0170 19       		.uleb128 0x19
 1070 0171 2E       		.uleb128 0x2e
 1071 0172 00       		.byte	0
 1072 0173 3F       		.uleb128 0x3f
 1073 0174 19       		.uleb128 0x19
 1074 0175 03       		.uleb128 0x3
 1075 0176 0E       		.uleb128 0xe
 1076 0177 3A       		.uleb128 0x3a
 1077 0178 0B       		.uleb128 0xb
 1078 0179 3B       		.uleb128 0x3b
 1079 017a 0B       		.uleb128 0xb
 1080 017b 27       		.uleb128 0x27
 1081 017c 19       		.uleb128 0x19
 1082 017d 49       		.uleb128 0x49
 1083 017e 13       		.uleb128 0x13
 1084 017f 3C       		.uleb128 0x3c
 1085 0180 19       		.uleb128 0x19
 1086 0181 00       		.byte	0
 1087 0182 00       		.byte	0
 1088 0183 1A       		.uleb128 0x1a
 1089 0184 2E       		.uleb128 0x2e
 1090 0185 01       		.byte	0x1
 1091 0186 3F       		.uleb128 0x3f
 1092 0187 19       		.uleb128 0x19
 1093 0188 03       		.uleb128 0x3
 1094 0189 0E       		.uleb128 0xe
 1095 018a 3A       		.uleb128 0x3a
 1096 018b 0B       		.uleb128 0xb
 1097 018c 3B       		.uleb128 0x3b
 1098 018d 0B       		.uleb128 0xb
 1099 018e 27       		.uleb128 0x27
 1100 018f 19       		.uleb128 0x19
 1101 0190 3C       		.uleb128 0x3c
 1102 0191 19       		.uleb128 0x19
 1103 0192 00       		.byte	0
 1104 0193 00       		.byte	0
 1105 0194 1B       		.uleb128 0x1b
 1106 0195 05       		.uleb128 0x5
 1107 0196 00       		.byte	0
 1108 0197 49       		.uleb128 0x49
 1109 0198 13       		.uleb128 0x13
 1110 0199 00       		.byte	0
 1111 019a 00       		.byte	0
 1112 019b 00       		.byte	0
 1113              		.section	.debug_loc,"",%progbits
 1114              	.Ldebug_loc0:
 1115              	.LLST0:
 1116 0000 00000000 		.4byte	.LVL1
 1117 0004 07000000 		.4byte	.LVL3-1
 1118 0008 0100     		.2byte	0x1
 1119 000a 50       		.byte	0x50
 1120 000b 07000000 		.4byte	.LVL3-1
 1121 000f 24000000 		.4byte	.LFE5
ARM GAS  C:\Users\Administrator\AppData\Local\Temp\cc6qiYyN.s 			page 28


 1122 0013 0400     		.2byte	0x4
 1123 0015 F3       		.byte	0xf3
 1124 0016 01       		.uleb128 0x1
 1125 0017 50       		.byte	0x50
 1126 0018 9F       		.byte	0x9f
 1127 0019 00000000 		.4byte	0
 1128 001d 00000000 		.4byte	0
 1129              	.LLST1:
 1130 0021 08000000 		.4byte	.LVL3
 1131 0025 19000000 		.4byte	.LVL4-1
 1132 0029 0100     		.2byte	0x1
 1133 002b 50       		.byte	0x50
 1134 002c 00000000 		.4byte	0
 1135 0030 00000000 		.4byte	0
 1136              	.LLST2:
 1137 0034 06000000 		.4byte	.LVL6
 1138 0038 08000000 		.4byte	.LVL7
 1139 003c 0500     		.2byte	0x5
 1140 003e 70       		.byte	0x70
 1141 003f 00       		.sleb128 0
 1142 0040 4E       		.byte	0x4e
 1143 0041 25       		.byte	0x25
 1144 0042 9F       		.byte	0x9f
 1145 0043 08000000 		.4byte	.LVL7
 1146 0047 10000000 		.4byte	.LFE6
 1147 004b 0100     		.2byte	0x1
 1148 004d 50       		.byte	0x50
 1149 004e 00000000 		.4byte	0
 1150 0052 00000000 		.4byte	0
 1151              	.LLST3:
 1152 0056 00000000 		.4byte	.LVL12
 1153 005a 07000000 		.4byte	.LVL13-1
 1154 005e 0100     		.2byte	0x1
 1155 0060 50       		.byte	0x50
 1156 0061 07000000 		.4byte	.LVL13-1
 1157 0065 18000000 		.4byte	.LVL17
 1158 0069 0100     		.2byte	0x1
 1159 006b 54       		.byte	0x54
 1160 006c 18000000 		.4byte	.LVL17
 1161 0070 1A000000 		.4byte	.LFE1
 1162 0074 0400     		.2byte	0x4
 1163 0076 F3       		.byte	0xf3
 1164 0077 01       		.uleb128 0x1
 1165 0078 50       		.byte	0x50
 1166 0079 9F       		.byte	0x9f
 1167 007a 00000000 		.4byte	0
 1168 007e 00000000 		.4byte	0
 1169              		.section	.debug_aranges,"",%progbits
 1170 0000 74000000 		.4byte	0x74
 1171 0004 0200     		.2byte	0x2
 1172 0006 00000000 		.4byte	.Ldebug_info0
 1173 000a 04       		.byte	0x4
 1174 000b 00       		.byte	0
 1175 000c 0000     		.2byte	0
 1176 000e 0000     		.2byte	0
 1177 0010 00000000 		.4byte	.LFB3
 1178 0014 0C000000 		.4byte	.LFE3-.LFB3
ARM GAS  C:\Users\Administrator\AppData\Local\Temp\cc6qiYyN.s 			page 29


 1179 0018 00000000 		.4byte	.LFB4
 1180 001c 0C000000 		.4byte	.LFE4-.LFB4
 1181 0020 00000000 		.4byte	.LFB5
 1182 0024 24000000 		.4byte	.LFE5-.LFB5
 1183 0028 00000000 		.4byte	.LFB6
 1184 002c 10000000 		.4byte	.LFE6-.LFB6
 1185 0030 00000000 		.4byte	.LFB7
 1186 0034 10000000 		.4byte	.LFE7-.LFB7
 1187 0038 00000000 		.4byte	.LFB8
 1188 003c 14000000 		.4byte	.LFE8-.LFB8
 1189 0040 00000000 		.4byte	.LFB9
 1190 0044 10000000 		.4byte	.LFE9-.LFB9
 1191 0048 00000000 		.4byte	.LFB0
 1192 004c 1C000000 		.4byte	.LFE0-.LFB0
 1193 0050 00000000 		.4byte	.LFB1
 1194 0054 1A000000 		.4byte	.LFE1-.LFB1
 1195 0058 00000000 		.4byte	.LFB2
 1196 005c 14000000 		.4byte	.LFE2-.LFB2
 1197 0060 00000000 		.4byte	.LFB10
 1198 0064 10000000 		.4byte	.LFE10-.LFB10
 1199 0068 00000000 		.4byte	.LFB11
 1200 006c 10000000 		.4byte	.LFE11-.LFB11
 1201 0070 00000000 		.4byte	0
 1202 0074 00000000 		.4byte	0
 1203              		.section	.debug_ranges,"",%progbits
 1204              	.Ldebug_ranges0:
 1205 0000 00000000 		.4byte	.LFB3
 1206 0004 0C000000 		.4byte	.LFE3
 1207 0008 00000000 		.4byte	.LFB4
 1208 000c 0C000000 		.4byte	.LFE4
 1209 0010 00000000 		.4byte	.LFB5
 1210 0014 24000000 		.4byte	.LFE5
 1211 0018 00000000 		.4byte	.LFB6
 1212 001c 10000000 		.4byte	.LFE6
 1213 0020 00000000 		.4byte	.LFB7
 1214 0024 10000000 		.4byte	.LFE7
 1215 0028 00000000 		.4byte	.LFB8
 1216 002c 14000000 		.4byte	.LFE8
 1217 0030 00000000 		.4byte	.LFB9
 1218 0034 10000000 		.4byte	.LFE9
 1219 0038 00000000 		.4byte	.LFB0
 1220 003c 1C000000 		.4byte	.LFE0
 1221 0040 00000000 		.4byte	.LFB1
 1222 0044 1A000000 		.4byte	.LFE1
 1223 0048 00000000 		.4byte	.LFB2
 1224 004c 14000000 		.4byte	.LFE2
 1225 0050 00000000 		.4byte	.LFB10
 1226 0054 10000000 		.4byte	.LFE10
 1227 0058 00000000 		.4byte	.LFB11
 1228 005c 10000000 		.4byte	.LFE11
 1229 0060 00000000 		.4byte	0
 1230 0064 00000000 		.4byte	0
 1231              		.section	.debug_line,"",%progbits
 1232              	.Ldebug_line0:
 1233 0000 5A010000 		.section	.debug_str,"MS",%progbits,1
 1233      02006D00 
 1233      00000201 
ARM GAS  C:\Users\Administrator\AppData\Local\Temp\cc6qiYyN.s 			page 30


 1233      FB0E0D00 
 1233      01010101 
 1234              	.LASF30:
 1235 0000 55415254 		.ascii	"UART_SCB_IRQ_SetPending\000"
 1235      5F534342 
 1235      5F495251 
 1235      5F536574 
 1235      50656E64 
 1236              	.LASF14:
 1237 0018 72656733 		.ascii	"reg32\000"
 1237      3200
 1238              	.LASF17:
 1239 001e 55415254 		.ascii	"UART_SCB_IRQ_SetVector\000"
 1239      5F534342 
 1239      5F495251 
 1239      5F536574 
 1239      56656374 
 1240              	.LASF36:
 1241 0035 43795261 		.ascii	"CyRamVectors\000"
 1241      6D566563 
 1241      746F7273 
 1241      00
 1242              	.LASF29:
 1243 0042 55415254 		.ascii	"UART_SCB_IRQ_Stop\000"
 1243      5F534342 
 1243      5F495251 
 1243      5F53746F 
 1243      7000
 1244              	.LASF3:
 1245 0054 73686F72 		.ascii	"short unsigned int\000"
 1245      7420756E 
 1245      7369676E 
 1245      65642069 
 1245      6E7400
 1246              	.LASF11:
 1247 0067 666C6F61 		.ascii	"float\000"
 1247      7400
 1248              	.LASF7:
 1249 006d 6C6F6E67 		.ascii	"long long unsigned int\000"
 1249      206C6F6E 
 1249      6720756E 
 1249      7369676E 
 1249      65642069 
 1250              	.LASF1:
 1251 0084 756E7369 		.ascii	"unsigned char\000"
 1251      676E6564 
 1251      20636861 
 1251      7200
 1252              	.LASF21:
 1253 0092 696E7465 		.ascii	"interruptState\000"
 1253      72727570 
 1253      74537461 
 1253      746500
 1254              	.LASF5:
 1255 00a1 6C6F6E67 		.ascii	"long unsigned int\000"
 1255      20756E73 
 1255      69676E65 
ARM GAS  C:\Users\Administrator\AppData\Local\Temp\cc6qiYyN.s 			page 31


 1255      6420696E 
 1255      7400
 1256              	.LASF9:
 1257 00b3 75696E74 		.ascii	"uint8\000"
 1257      3800
 1258              	.LASF28:
 1259 00b9 55415254 		.ascii	"UART_SCB_IRQ_StartEx\000"
 1259      5F534342 
 1259      5F495251 
 1259      5F537461 
 1259      72744578 
 1260              	.LASF23:
 1261 00ce 55415254 		.ascii	"UART_SCB_IRQ_GetVector\000"
 1261      5F534342 
 1261      5F495251 
 1261      5F476574 
 1261      56656374 
 1262              	.LASF20:
 1263 00e5 7072696F 		.ascii	"priority\000"
 1263      72697479 
 1263      00
 1264              	.LASF25:
 1265 00ee 55415254 		.ascii	"UART_SCB_IRQ_Enable\000"
 1265      5F534342 
 1265      5F495251 
 1265      5F456E61 
 1265      626C6500 
 1266              	.LASF12:
 1267 0102 646F7562 		.ascii	"double\000"
 1267      6C6500
 1268              	.LASF10:
 1269 0109 75696E74 		.ascii	"uint32\000"
 1269      333200
 1270              	.LASF37:
 1271 0110 4379456E 		.ascii	"CyEnterCriticalSection\000"
 1271      74657243 
 1271      72697469 
 1271      63616C53 
 1271      65637469 
 1272              	.LASF35:
 1273 0127 55415254 		.ascii	"UART_SCB_IRQ_GetPriority\000"
 1273      5F534342 
 1273      5F495251 
 1273      5F476574 
 1273      5072696F 
 1274              	.LASF8:
 1275 0140 756E7369 		.ascii	"unsigned int\000"
 1275      676E6564 
 1275      20696E74 
 1275      00
 1276              	.LASF19:
 1277 014d 61646472 		.ascii	"address\000"
 1277      65737300 
 1278              	.LASF38:
 1279 0155 43794578 		.ascii	"CyExitCriticalSection\000"
 1279      69744372 
 1279      69746963 
ARM GAS  C:\Users\Administrator\AppData\Local\Temp\cc6qiYyN.s 			page 32


 1279      616C5365 
 1279      6374696F 
 1280              	.LASF15:
 1281 016b 63796973 		.ascii	"cyisraddress\000"
 1281      72616464 
 1281      72657373 
 1281      00
 1282              	.LASF27:
 1283 0178 55415254 		.ascii	"UART_SCB_IRQ_Start\000"
 1283      5F534342 
 1283      5F495251 
 1283      5F537461 
 1283      727400
 1284              	.LASF16:
 1285 018b 73697A65 		.ascii	"sizetype\000"
 1285      74797065 
 1285      00
 1286              	.LASF6:
 1287 0194 6C6F6E67 		.ascii	"long long int\000"
 1287      206C6F6E 
 1287      6720696E 
 1287      7400
 1288              	.LASF26:
 1289 01a2 55415254 		.ascii	"UART_SCB_IRQ_Disable\000"
 1289      5F534342 
 1289      5F495251 
 1289      5F446973 
 1289      61626C65 
 1290              	.LASF13:
 1291 01b7 63686172 		.ascii	"char\000"
 1291      00
 1292              	.LASF32:
 1293 01bc 474E5520 		.ascii	"GNU C 4.9.3 20150303 (release) [ARM/embedded-4_9-br"
 1293      4320342E 
 1293      392E3320 
 1293      32303135 
 1293      30333033 
 1294 01ef 616E6368 		.ascii	"anch revision 221220] -mcpu=cortex-m0 -mthumb -g -O"
 1294      20726576 
 1294      6973696F 
 1294      6E203232 
 1294      31323230 
 1295 0222 67202D66 		.ascii	"g -ffunction-sections -ffat-lto-objects\000"
 1295      66756E63 
 1295      74696F6E 
 1295      2D736563 
 1295      74696F6E 
 1296              	.LASF31:
 1297 024a 55415254 		.ascii	"UART_SCB_IRQ_ClearPending\000"
 1297      5F534342 
 1297      5F495251 
 1297      5F436C65 
 1297      61725065 
 1298              	.LASF33:
 1299 0264 2E5C4765 		.ascii	".\\Generated_Source\\PSoC4\\UART_SCB_IRQ.c\000"
 1299      6E657261 
 1299      7465645F 
ARM GAS  C:\Users\Administrator\AppData\Local\Temp\cc6qiYyN.s 			page 33


 1299      536F7572 
 1299      63655C50 
 1300              	.LASF2:
 1301 028c 73686F72 		.ascii	"short int\000"
 1301      7420696E 
 1301      7400
 1302              	.LASF18:
 1303 0296 55415254 		.ascii	"UART_SCB_IRQ_SetPriority\000"
 1303      5F534342 
 1303      5F495251 
 1303      5F536574 
 1303      5072696F 
 1304              	.LASF22:
 1305 02af 7072696F 		.ascii	"priorityOffset\000"
 1305      72697479 
 1305      4F666673 
 1305      657400
 1306              	.LASF4:
 1307 02be 6C6F6E67 		.ascii	"long int\000"
 1307      20696E74 
 1307      00
 1308              	.LASF24:
 1309 02c7 55415254 		.ascii	"UART_SCB_IRQ_GetState\000"
 1309      5F534342 
 1309      5F495251 
 1309      5F476574 
 1309      53746174 
 1310              	.LASF0:
 1311 02dd 7369676E 		.ascii	"signed char\000"
 1311      65642063 
 1311      68617200 
 1312              	.LASF34:
 1313 02e9 433A5C55 		.ascii	"C:\\Users\\Administrator\\Documents\\PSoC Creator\\"
 1313      73657273 
 1313      5C41646D 
 1313      696E6973 
 1313      74726174 
 1314 0317 44455649 		.ascii	"DEVICE01\\Design01.cydsn\000"
 1314      43453031 
 1314      5C446573 
 1314      69676E30 
 1314      312E6379 
 1315              		.ident	"GCC: (GNU Tools for ARM Embedded Processors) 4.9.3 20150303 (release) [ARM/embedded-4_9-br
